Maximal 8:
 (on car-in-1a seg-in-1a) (on car-in-1a seg-in-1b) (on car-in-1a seg-out-1a) (on car-in-1a seg-out-1b):=1:fam
 (on car-in-1a seg-in-1a) (on car-in-1b seg-in-1a) (on car-out-1a seg-in-1a) (on car-out-1b seg-in-1a):=1:fam
 (on car-in-1a seg-in-1b) (on car-in-1b seg-in-1b) (on car-out-1a seg-in-1b) (on car-out-1b seg-in-1b):=1:fam
 (on car-in-1a seg-out-1a) (on car-in-1b seg-out-1a) (on car-out-1a seg-out-1a) (on car-out-1b seg-out-1a):=1:fam
 (on car-in-1a seg-out-1b) (on car-in-1b seg-out-1b) (on car-out-1a seg-out-1b) (on car-out-1b seg-out-1b):=1:fam
 (on car-in-1b seg-in-1a) (on car-in-1b seg-in-1b) (on car-in-1b seg-out-1a) (on car-in-1b seg-out-1b):=1:fam
 (on car-out-1a seg-in-1a) (on car-out-1a seg-in-1b) (on car-out-1a seg-out-1a) (on car-out-1a seg-out-1b):=1:fam
 (on car-out-1b seg-in-1a) (on car-out-1b seg-in-1b) (on car-out-1b seg-out-1a) (on car-out-1b seg-out-1b):=1:fam


Mutex Group Cover Number: 8
Non-Maximal 0:
