Maximal 0:

Mutex Group Cover Number: 7
Non-Maximal 0:
