Vars (23):
  Var 0:
    0: location sheet1 blackcontainer_entry-blackfeeder_exit (0)
    1: location sheet1 blackcontainer_exittoime-blackprinter_entry (1)
    2: location sheet1 blackprinter_exit-blackcontainer_entryfromime (2)
    3: location sheet1 colorcontainer_entry-down_bottomexit (3)
    4: location sheet1 colorcontainer_exit-up_bottomentry (4)
    5: location sheet1 colorcontainer_exittoime-colorprinter_entry (5)
    6: location sheet1 colorprinter_exit-colorcontainer_entryfromime (6)
    7: location sheet1 down_bottomentry-colorfeeder_exit (7)
    8: location sheet1 down_topexit-htmovercolor_entry (8)
    9: location sheet1 endcap_entry-blackcontainer_exit (9)
    10: location sheet1 finisher1_entry-up_topexit (10)
    11: location sheet1 finisher2_entry-finisher1_exit (11)
    12: location sheet1 finisher2_exit (12)
    13: location sheet1 htmoverblack_entry-endcap_exit (13)
    14: location sheet1 htmoverblack_exit-down_topentry (14)
    15: location sheet1 htmovercolor_exit-up_topentry (15)
    16: location sheet1 some_feeder_tray (16)
    17: location sheet1 some_finisher_tray (17)
  Var 1:
    0: notprintedwith sheet1 back black (18)
    1: none-of-those (19)
  Var 2:
    0: notprintedwith sheet1 front black (20)
    1: none-of-those (21)
  Var 3:
    0: uninitialized (22)
    1: none-of-those (23)
  Var 4:
    0: available blackcontainer-rsrc (24)
    1: none-of-those (25)
  Var 5:
    0: available blackfeeder-rsrc (26)
    1: none-of-those (27)
  Var 6:
    0: available blackprinter-rsrc (28)
    1: none-of-those (29)
  Var 7:
    0: available colorcontainer-rsrc (30)
    1: none-of-those (31)
  Var 8:
    0: available colorfeeder-rsrc (32)
    1: none-of-those (33)
  Var 9:
    0: available colorprinter-rsrc (34)
    1: none-of-those (35)
  Var 10:
    0: available down-rsrc (36)
    1: none-of-those (37)
  Var 11:
    0: available endcap-rsrc (38)
    1: none-of-those (39)
  Var 12:
    0: available finisher1-rsrc (40)
    1: none-of-those (41)
  Var 13:
    0: available finisher2-rsrc (42)
    1: none-of-those (43)
  Var 14:
    0: available htmoverblack-rsrc (44)
    1: none-of-those (45)
  Var 15:
    0: available htmovercolor-rsrc (46)
    1: none-of-those (47)
  Var 16:
    0: available up-rsrc (48)
    1: none-of-those (49)
  Var 17:
    0: hasimage sheet1 back image-1 (50)
    1: none-of-those (51)
  Var 18:
    0: hasimage sheet1 front image-1 (52)
    1: none-of-those (53)
  Var 19:
    0: sideup sheet1 back (54)
    1: none-of-those (55)
  Var 20:
    0: sideup sheet1 front (56)
    1: none-of-those (57)
  Var 21:
    0: stackedin sheet1 finisher1_tray (58)
    1: none-of-those (59)
  Var 22:
    0: stackedin sheet1 finisher2_tray (60)
    1: none-of-those (61)
