Vars (16):
  Var 0:
    0: robot-at robot1 tile_0-1 (0)
    1: robot-at robot1 tile_0-2 (1)
    2: robot-at robot1 tile_0-3 (2)
    3: robot-at robot1 tile_1-1 (3)
    4: robot-at robot1 tile_1-2 (4)
    5: robot-at robot1 tile_1-3 (5)
    6: robot-at robot1 tile_2-1 (6)
    7: robot-at robot1 tile_2-2 (7)
    8: robot-at robot1 tile_2-3 (8)
    9: robot-at robot1 tile_3-1 (9)
    10: robot-at robot1 tile_3-2 (10)
    11: robot-at robot1 tile_3-3 (11)
  Var 1:
    0: robot-at robot2 tile_0-1 (12)
    1: robot-at robot2 tile_0-2 (13)
    2: robot-at robot2 tile_0-3 (14)
    3: robot-at robot2 tile_1-1 (15)
    4: robot-at robot2 tile_1-2 (16)
    5: robot-at robot2 tile_1-3 (17)
    6: robot-at robot2 tile_2-1 (18)
    7: robot-at robot2 tile_2-2 (19)
    8: robot-at robot2 tile_2-3 (20)
    9: robot-at robot2 tile_3-1 (21)
    10: robot-at robot2 tile_3-2 (22)
    11: robot-at robot2 tile_3-3 (23)
  Var 2:
    0: clear tile_0-1 (24)
    1: painted tile_0-1 black (25)
    2: painted tile_0-1 white (26)
    3: none-of-those (27)
  Var 3:
    0: clear tile_0-2 (28)
    1: painted tile_0-2 black (29)
    2: painted tile_0-2 white (30)
    3: none-of-those (31)
  Var 4:
    0: clear tile_0-3 (32)
    1: painted tile_0-3 black (33)
    2: painted tile_0-3 white (34)
    3: none-of-those (35)
  Var 5:
    0: clear tile_1-1 (36)
    1: painted tile_1-1 black (37)
    2: painted tile_1-1 white (38)
    3: none-of-those (39)
  Var 6:
    0: clear tile_1-2 (40)
    1: painted tile_1-2 black (41)
    2: painted tile_1-2 white (42)
    3: none-of-those (43)
  Var 7:
    0: clear tile_1-3 (44)
    1: painted tile_1-3 black (45)
    2: painted tile_1-3 white (46)
    3: none-of-those (47)
  Var 8:
    0: clear tile_2-1 (48)
    1: painted tile_2-1 black (49)
    2: painted tile_2-1 white (50)
    3: none-of-those (51)
  Var 9:
    0: clear tile_2-2 (52)
    1: painted tile_2-2 black (53)
    2: painted tile_2-2 white (54)
    3: none-of-those (55)
  Var 10:
    0: clear tile_2-3 (56)
    1: painted tile_2-3 black (57)
    2: painted tile_2-3 white (58)
    3: none-of-those (59)
  Var 11:
    0: clear tile_3-1 (60)
    1: painted tile_3-1 black (61)
    2: painted tile_3-1 white (62)
    3: none-of-those (63)
  Var 12:
    0: clear tile_3-2 (64)
    1: painted tile_3-2 black (65)
    2: painted tile_3-2 white (66)
    3: none-of-those (67)
  Var 13:
    0: clear tile_3-3 (68)
    1: painted tile_3-3 black (69)
    2: painted tile_3-3 white (70)
    3: none-of-those (71)
  Var 14:
    0: robot-has robot1 black (72)
    1: robot-has robot1 white (73)
  Var 15:
    0: robot-has robot2 black (74)
    1: robot-has robot2 white (75)
