Vars (10):
  Var 0:
    0: idle (0)
    1: last-cut-point sub1 (1)
    2: last-cut-point sub2 (2)
    3: last-cut-point sub3 (3)
  Var 1:
    0: inverted sub1 (4)
    1: normal sub1 (5)
  Var 2:
    0: inverted sub2 (6)
    1: normal sub2 (7)
  Var 3:
    0: inverted sub3 (8)
    1: normal sub3 (9)
  Var 4:
    0: cut-point-1 sub1 (10)
    1: cut-point-1 sub2 (11)
    2: cut-point-1 sub3 (12)
    3: finished (13)
    4: have-cut (14)
    5: inverse-splice-next sub1 (15)
    6: inverse-splice-next sub2 (16)
    7: inverse-splice-next sub3 (17)
    8: inverse-splicing (18)
    9: inverse-splicing-last (19)
    10: splice-next sub1 (20)
    11: splice-next sub2 (21)
    12: splice-next sub3 (22)
    13: splicing (23)
    14: splicing-last (24)
    15: none-of-those (25)
  Var 5:
    0: cut-point-2 sub1 (26)
    1: cw sub1 sub1 (27)
    2: cw sub2 sub1 (28)
    3: cw sub3 sub1 (29)
    4: s-first sub1 (30)
    5: s-next sub2 sub1 (31)
    6: s-next sub3 sub1 (32)
    7: splice-point-2 sub1 (33)
    8: none-of-those (34)
  Var 6:
    0: cut-point-2 sub2 (35)
    1: cw sub1 sub2 (36)
    2: cw sub2 sub2 (37)
    3: cw sub3 sub2 (38)
    4: s-first sub2 (39)
    5: s-next sub1 sub2 (40)
    6: s-next sub3 sub2 (41)
    7: splice-point-2 sub2 (42)
    8: none-of-those (43)
  Var 7:
    0: cut-point-2 sub3 (44)
    1: cw sub1 sub3 (45)
    2: cw sub2 sub3 (46)
    3: cw sub3 sub3 (47)
    4: s-first sub3 (48)
    5: s-next sub1 sub3 (49)
    6: s-next sub2 sub3 (50)
    7: splice-point-2 sub3 (51)
    8: none-of-those (52)
  Var 8:
    0: cutting (53)
    1: splice-point-1 sub1 (54)
    2: splice-point-1 sub2 (55)
    3: splice-point-1 sub3 (56)
    4: none-of-those (57)
  Var 9:
    0: s-last sub1 (58)
    1: s-last sub2 (59)
    2: s-last sub3 (60)
    3: none-of-those (61)
