Mutex pairs: 1245 -> 3484
Unreachable facts [3 + 49/90]:
  (at-destination package1 l1)
  (at-destination package1 l2)
  (at-destination package2 l2)
  (at-destination package2 l3)
  (at-destination package3 l2)
  (at-destination package3 l3)
  (delivered package1 l1 t1)
  (delivered package1 l1 t2)
  (delivered package1 l1 t3)
  (delivered package1 l1 t4)
  (delivered package1 l1 t5)
  (delivered package1 l1 t6)
  (delivered package1 l2 t1)
  (delivered package1 l2 t2)
  (delivered package1 l2 t3)
  (delivered package1 l2 t4)
  (delivered package1 l2 t5)
  (delivered package1 l2 t6)
  (delivered package1 l3 t2)
  (delivered package1 l3 t4)
  (delivered package1 l3 t5)
  (delivered package1 l3 t6)
  (delivered package2 l2 t1)
  (delivered package2 l2 t2)
  (delivered package2 l2 t3)
  (delivered package2 l2 t4)
  (delivered package2 l2 t5)
  (delivered package2 l2 t6)
  (delivered package2 l3 t2)
  (delivered package2 l3 t3)
  (delivered package2 l3 t4)
  (delivered package2 l3 t5)
  (delivered package2 l3 t6)
  (delivered package3 l1 t1)
  (delivered package3 l1 t2)
  (delivered package3 l1 t3)
  (delivered package3 l1 t4)
  (delivered package3 l1 t5)
  (delivered package3 l2 t1)
  (delivered package3 l2 t2)
  (delivered package3 l2 t3)
  (delivered package3 l2 t4)
  (delivered package3 l2 t5)
  (delivered package3 l2 t6)
  (delivered package3 l3 t2)
  (delivered package3 l3 t3)
  (delivered package3 l3 t4)
  (delivered package3 l3 t5)
  (delivered package3 l3 t6)
Unreachable ops [24 + 142/261]:
  (deliver package1 l1 t1 t1)
  (deliver package1 l1 t1 t2)
  (deliver package1 l1 t1 t3)
  (deliver package1 l1 t1 t4)
  (deliver package1 l1 t1 t5)
  (deliver package1 l1 t1 t6)
  (deliver package1 l1 t2 t2)
  (deliver package1 l1 t2 t3)
  (deliver package1 l1 t2 t4)
  (deliver package1 l1 t2 t5)
  (deliver package1 l1 t2 t6)
  (deliver package1 l1 t3 t3)
  (deliver package1 l1 t3 t4)
  (deliver package1 l1 t3 t5)
  (deliver package1 l1 t3 t6)
  (deliver package1 l1 t4 t4)
  (deliver package1 l1 t4 t5)
  (deliver package1 l1 t4 t6)
  (deliver package1 l1 t5 t5)
  (deliver package1 l1 t5 t6)
  (deliver package1 l1 t6 t6)
  (deliver package1 l2 t1 t1)
  (deliver package1 l2 t1 t2)
  (deliver package1 l2 t1 t3)
  (deliver package1 l2 t1 t4)
  (deliver package1 l2 t1 t5)
  (deliver package1 l2 t1 t6)
  (deliver package1 l2 t2 t2)
  (deliver package1 l2 t2 t3)
  (deliver package1 l2 t2 t4)
  (deliver package1 l2 t2 t5)
  (deliver package1 l2 t2 t6)
  (deliver package1 l2 t3 t3)
  (deliver package1 l2 t3 t4)
  (deliver package1 l2 t3 t5)
  (deliver package1 l2 t3 t6)
  (deliver package1 l2 t4 t4)
  (deliver package1 l2 t4 t5)
  (deliver package1 l2 t4 t6)
  (deliver package1 l2 t5 t5)
  (deliver package1 l2 t5 t6)
  (deliver package1 l2 t6 t6)
  (deliver package1 l3 t2 t2)
  (deliver package1 l3 t2 t4)
  (deliver package1 l3 t2 t5)
  (deliver package1 l3 t2 t6)
  (deliver package1 l3 t3 t4)
  (deliver package1 l3 t3 t5)
  (deliver package1 l3 t3 t6)
  (deliver package1 l3 t4 t4)
  (deliver package1 l3 t4 t5)
  (deliver package1 l3 t4 t6)
  (deliver package1 l3 t5 t5)
  (deliver package1 l3 t5 t6)
  (deliver package1 l3 t6 t6)
  (deliver package2 l2 t1 t1)
  (deliver package2 l2 t1 t2)
  (deliver package2 l2 t1 t3)
  (deliver package2 l2 t1 t4)
  (deliver package2 l2 t1 t5)
  (deliver package2 l2 t1 t6)
  (deliver package2 l2 t2 t2)
  (deliver package2 l2 t2 t3)
  (deliver package2 l2 t2 t4)
  (deliver package2 l2 t2 t5)
  (deliver package2 l2 t2 t6)
  (deliver package2 l2 t3 t3)
  (deliver package2 l2 t3 t4)
  (deliver package2 l2 t3 t5)
  (deliver package2 l2 t3 t6)
  (deliver package2 l2 t4 t4)
  (deliver package2 l2 t4 t5)
  (deliver package2 l2 t4 t6)
  (deliver package2 l2 t5 t5)
  (deliver package2 l2 t5 t6)
  (deliver package2 l2 t6 t6)
  (deliver package2 l3 t2 t2)
  (deliver package2 l3 t2 t3)
  (deliver package2 l3 t2 t4)
  (deliver package2 l3 t2 t5)
  (deliver package2 l3 t2 t6)
  (deliver package2 l3 t3 t3)
  (deliver package2 l3 t3 t4)
  (deliver package2 l3 t3 t5)
  (deliver package2 l3 t3 t6)
  (deliver package2 l3 t4 t4)
  (deliver package2 l3 t4 t5)
  (deliver package2 l3 t4 t6)
  (deliver package2 l3 t5 t5)
  (deliver package2 l3 t5 t6)
  (deliver package2 l3 t6 t6)
  (deliver package3 l1 t1 t1)
  (deliver package3 l1 t1 t2)
  (deliver package3 l1 t1 t3)
  (deliver package3 l1 t1 t4)
  (deliver package3 l1 t1 t5)
  (deliver package3 l1 t2 t2)
  (deliver package3 l1 t2 t3)
  (deliver package3 l1 t2 t4)
  (deliver package3 l1 t2 t5)
  (deliver package3 l1 t3 t3)
  (deliver package3 l1 t3 t4)
  (deliver package3 l1 t3 t5)
  (deliver package3 l1 t4 t4)
  (deliver package3 l1 t4 t5)
  (deliver package3 l1 t5 t5)
  (deliver package3 l2 t1 t1)
  (deliver package3 l2 t1 t2)
  (deliver package3 l2 t1 t3)
  (deliver package3 l2 t1 t4)
  (deliver package3 l2 t1 t5)
  (deliver package3 l2 t1 t6)
  (deliver package3 l2 t2 t2)
  (deliver package3 l2 t2 t3)
  (deliver package3 l2 t2 t4)
  (deliver package3 l2 t2 t5)
  (deliver package3 l2 t2 t6)
  (deliver package3 l2 t3 t3)
  (deliver package3 l2 t3 t4)
  (deliver package3 l2 t3 t5)
  (deliver package3 l2 t3 t6)
  (deliver package3 l2 t4 t4)
  (deliver package3 l2 t4 t5)
  (deliver package3 l2 t4 t6)
  (deliver package3 l2 t5 t5)
  (deliver package3 l2 t5 t6)
  (deliver package3 l2 t6 t6)
  (deliver package3 l3 t2 t2)
  (deliver package3 l3 t2 t3)
  (deliver package3 l3 t2 t4)
  (deliver package3 l3 t2 t5)
  (deliver package3 l3 t2 t6)
  (deliver package3 l3 t3 t3)
  (deliver package3 l3 t3 t4)
  (deliver package3 l3 t3 t5)
  (deliver package3 l3 t3 t6)
  (deliver package3 l3 t4 t4)
  (deliver package3 l3 t4 t5)
  (deliver package3 l3 t4 t6)
  (deliver package3 l3 t5 t5)
  (deliver package3 l3 t5 t6)
  (deliver package3 l3 t6 t6)
