Mutex pairs: 398 -> 1328
Unreachable facts [0 + 12/94]:
  (contains shot1 cocktail1)
  (contains shot1 cocktail2)
  (contains shot1 cocktail3)
  (contains shot2 cocktail1)
  (contains shot2 cocktail3)
  (contains shot2 cocktail4)
  (contains shot3 cocktail1)
  (contains shot3 cocktail2)
  (contains shot3 cocktail4)
  (contains shot4 cocktail2)
  (contains shot4 cocktail3)
  (contains shot4 cocktail4)
Unreachable ops [180 + 72/578]:
  (empty-shot left shot1 cocktail1)
  (empty-shot left shot1 cocktail2)
  (empty-shot left shot1 cocktail3)
  (empty-shot left shot2 cocktail1)
  (empty-shot left shot2 cocktail3)
  (empty-shot left shot2 cocktail4)
  (empty-shot left shot3 cocktail1)
  (empty-shot left shot3 cocktail2)
  (empty-shot left shot3 cocktail4)
  (empty-shot left shot4 cocktail2)
  (empty-shot left shot4 cocktail3)
  (empty-shot left shot4 cocktail4)
  (empty-shot right shot1 cocktail1)
  (empty-shot right shot1 cocktail2)
  (empty-shot right shot1 cocktail3)
  (empty-shot right shot2 cocktail1)
  (empty-shot right shot2 cocktail3)
  (empty-shot right shot2 cocktail4)
  (empty-shot right shot3 cocktail1)
  (empty-shot right shot3 cocktail2)
  (empty-shot right shot3 cocktail4)
  (empty-shot right shot4 cocktail2)
  (empty-shot right shot4 cocktail3)
  (empty-shot right shot4 cocktail4)
  (pour-shaker-to-shot cocktail1 shot1 left shaker1 l1 l0)
  (pour-shaker-to-shot cocktail1 shot1 left shaker1 l2 l1)
  (pour-shaker-to-shot cocktail1 shot1 right shaker1 l1 l0)
  (pour-shaker-to-shot cocktail1 shot1 right shaker1 l2 l1)
  (pour-shaker-to-shot cocktail1 shot2 left shaker1 l1 l0)
  (pour-shaker-to-shot cocktail1 shot2 left shaker1 l2 l1)
  (pour-shaker-to-shot cocktail1 shot2 right shaker1 l1 l0)
  (pour-shaker-to-shot cocktail1 shot2 right shaker1 l2 l1)
  (pour-shaker-to-shot cocktail1 shot3 left shaker1 l1 l0)
  (pour-shaker-to-shot cocktail1 shot3 left shaker1 l2 l1)
  (pour-shaker-to-shot cocktail1 shot3 right shaker1 l1 l0)
  (pour-shaker-to-shot cocktail1 shot3 right shaker1 l2 l1)
  (pour-shaker-to-shot cocktail2 shot1 left shaker1 l1 l0)
  (pour-shaker-to-shot cocktail2 shot1 left shaker1 l2 l1)
  (pour-shaker-to-shot cocktail2 shot1 right shaker1 l1 l0)
  (pour-shaker-to-shot cocktail2 shot1 right shaker1 l2 l1)
  (pour-shaker-to-shot cocktail2 shot3 left shaker1 l1 l0)
  (pour-shaker-to-shot cocktail2 shot3 left shaker1 l2 l1)
  (pour-shaker-to-shot cocktail2 shot3 right shaker1 l1 l0)
  (pour-shaker-to-shot cocktail2 shot3 right shaker1 l2 l1)
  (pour-shaker-to-shot cocktail2 shot4 left shaker1 l1 l0)
  (pour-shaker-to-shot cocktail2 shot4 left shaker1 l2 l1)
  (pour-shaker-to-shot cocktail2 shot4 right shaker1 l1 l0)
  (pour-shaker-to-shot cocktail2 shot4 right shaker1 l2 l1)
  (pour-shaker-to-shot cocktail3 shot1 left shaker1 l1 l0)
  (pour-shaker-to-shot cocktail3 shot1 left shaker1 l2 l1)
  (pour-shaker-to-shot cocktail3 shot1 right shaker1 l1 l0)
  (pour-shaker-to-shot cocktail3 shot1 right shaker1 l2 l1)
  (pour-shaker-to-shot cocktail3 shot2 left shaker1 l1 l0)
  (pour-shaker-to-shot cocktail3 shot2 left shaker1 l2 l1)
  (pour-shaker-to-shot cocktail3 shot2 right shaker1 l1 l0)
  (pour-shaker-to-shot cocktail3 shot2 right shaker1 l2 l1)
  (pour-shaker-to-shot cocktail3 shot4 left shaker1 l1 l0)
  (pour-shaker-to-shot cocktail3 shot4 left shaker1 l2 l1)
  (pour-shaker-to-shot cocktail3 shot4 right shaker1 l1 l0)
  (pour-shaker-to-shot cocktail3 shot4 right shaker1 l2 l1)
  (pour-shaker-to-shot cocktail4 shot2 left shaker1 l1 l0)
  (pour-shaker-to-shot cocktail4 shot2 left shaker1 l2 l1)
  (pour-shaker-to-shot cocktail4 shot2 right shaker1 l1 l0)
  (pour-shaker-to-shot cocktail4 shot2 right shaker1 l2 l1)
  (pour-shaker-to-shot cocktail4 shot3 left shaker1 l1 l0)
  (pour-shaker-to-shot cocktail4 shot3 left shaker1 l2 l1)
  (pour-shaker-to-shot cocktail4 shot3 right shaker1 l1 l0)
  (pour-shaker-to-shot cocktail4 shot3 right shaker1 l2 l1)
  (pour-shaker-to-shot cocktail4 shot4 left shaker1 l1 l0)
  (pour-shaker-to-shot cocktail4 shot4 left shaker1 l2 l1)
  (pour-shaker-to-shot cocktail4 shot4 right shaker1 l1 l0)
  (pour-shaker-to-shot cocktail4 shot4 right shaker1 l2 l1)
