Irrelevant facts [4/17, static: 0]:
  (have_image groundstation1 thermograph0)
  (have_image groundstation2 thermograph0)
  (have_image phenomenon3 thermograph0)
  (have_image star0 thermograph0)
Irrelevant ops [4/52]:
  (take_image satellite0 groundstation1 instrument0 thermograph0)
  (take_image satellite0 groundstation2 instrument0 thermograph0)
  (take_image satellite0 phenomenon3 instrument0 thermograph0)
  (take_image satellite0 star0 instrument0 thermograph0)
