Invariants:
< {at-curb-num V0:car C1:curb, behind-car V0:car C2:car}
, {at-curb-num C1:car V0:curb, curb-clear V0:curb}
, {behind-car C1:car V0:car, car-clear V0:car}
, {car-clear C0:car, curb-clear C1:curb}
>
Mutex Groups:
< {at-curb-num V0:car C1:curb, behind-car V0:car C2:car}
, {at-curb-num C1:car V0:curb, curb-clear V0:curb}
, {behind-car C1:car V0:car, car-clear V0:car}
>
Goal aware:
< {at-curb-num car_00 C0:curb, behind-car car_00 C1:car}
, {at-curb-num car_01 C0:curb, behind-car car_01 C1:car}
, {at-curb-num car_02 C0:curb, behind-car car_02 C1:car}
, {at-curb-num car_03 C0:curb, behind-car car_03 C1:car}
, {at-curb-num car_04 C0:curb, behind-car car_04 C1:car}
, {at-curb-num car_05 C0:curb, behind-car car_05 C1:car}
, {at-curb-num car_06 C0:curb, behind-car car_06 C1:car}
, {at-curb-num car_07 C0:curb, behind-car car_07 C1:car}
, {at-curb-num car_08 C0:curb, behind-car car_08 C1:car}
, {at-curb-num car_09 C0:curb, behind-car car_09 C1:car}
, {at-curb-num car_10 C0:curb, behind-car car_10 C1:car}
, {at-curb-num car_11 C0:curb, behind-car car_11 C1:car}
, {at-curb-num car_12 C0:curb, behind-car car_12 C1:car}
, {at-curb-num car_13 C0:curb, behind-car car_13 C1:car}
, {at-curb-num car_14 C0:curb, behind-car car_14 C1:car}
, {at-curb-num car_15 C0:curb, behind-car car_15 C1:car}
, {at-curb-num car_16 C0:curb, behind-car car_16 C1:car}
, {at-curb-num car_17 C0:curb, behind-car car_17 C1:car}
, {at-curb-num car_18 C0:curb, behind-car car_18 C1:car}
, {at-curb-num car_19 C0:curb, behind-car car_19 C1:car}
, {at-curb-num C0:car curb_00, curb-clear curb_00}
, {at-curb-num C0:car curb_01, curb-clear curb_01}
, {at-curb-num C0:car curb_02, curb-clear curb_02}
, {at-curb-num C0:car curb_03, curb-clear curb_03}
, {at-curb-num C0:car curb_04, curb-clear curb_04}
, {at-curb-num C0:car curb_05, curb-clear curb_05}
, {at-curb-num C0:car curb_06, curb-clear curb_06}
, {at-curb-num C0:car curb_07, curb-clear curb_07}
, {at-curb-num C0:car curb_08, curb-clear curb_08}
, {at-curb-num C0:car curb_09, curb-clear curb_09}
, {at-curb-num C0:car curb_10, curb-clear curb_10}
, {behind-car C0:car car_00, car-clear car_00}
, {behind-car C0:car car_01, car-clear car_01}
, {behind-car C0:car car_02, car-clear car_02}
, {behind-car C0:car car_03, car-clear car_03}
, {behind-car C0:car car_04, car-clear car_04}
, {behind-car C0:car car_05, car-clear car_05}
, {behind-car C0:car car_06, car-clear car_06}
, {behind-car C0:car car_07, car-clear car_07}
, {behind-car C0:car car_08, car-clear car_08}
>
