< {cellspace C0:object}:=1
, {colspace C0:object}:=1
, {on V0:object C1:object, incell V0:object, bottomcol V0:object}
, {on C1:object V0:object, incell V0:object, clear V0:object}
, {on V0:object C1:object, incell V0:object, home V0:object, bottomcol V0:object}
, {on C1:object V0:object, incell V0:object, clear V0:object, home V0:object}
>
Goal aware:
< {on s9 C0:object, incell s9, home s9, bottomcol s9}
, {on h9 C0:object, incell h9, home h9, bottomcol h9}
, {on d9 C0:object, incell d9, home d9, bottomcol d9}
, {on c9 C0:object, incell c9, home c9, bottomcol c9}
, {on C0:object s9, incell s9, clear s9, home s9}
, {on C0:object h9, incell h9, clear h9, home h9}
, {on C0:object d9, incell d9, clear d9, home d9}
, {on C0:object c9, incell c9, clear c9, home c9}
>
