TSLiftedMGroup.testLiftedMGroup_unsolve_document_transfer16_01.out