{tailsnake C0:object}:=1
 (tailsnake pos0-0) (tailsnake pos0-1) (tailsnake pos0-2) (tailsnake pos0-3) (tailsnake pos0-4) (tailsnake pos0-5) (tailsnake pos0-6) (tailsnake pos1-0) (tailsnake pos1-1) (tailsnake pos1-2) (tailsnake pos1-3) (tailsnake pos1-4) (tailsnake pos1-5) (tailsnake pos1-6) (tailsnake pos2-0) (tailsnake pos2-1) (tailsnake pos2-2) (tailsnake pos2-3) (tailsnake pos2-4) (tailsnake pos2-5) (tailsnake pos2-6) (tailsnake pos3-0) (tailsnake pos3-1) (tailsnake pos3-2) (tailsnake pos3-3) (tailsnake pos3-4) (tailsnake pos3-5) (tailsnake pos3-6) (tailsnake pos4-0) (tailsnake pos4-1) (tailsnake pos4-2) (tailsnake pos4-3) (tailsnake pos4-4) (tailsnake pos4-5) (tailsnake pos4-6) (tailsnake pos5-0) (tailsnake pos5-1) (tailsnake pos5-2) (tailsnake pos5-3) (tailsnake pos5-4) (tailsnake pos5-5) (tailsnake pos5-6):=1:fam

{headsnake C0:object}:=1
 (headsnake pos0-0) (headsnake pos0-1) (headsnake pos0-2) (headsnake pos0-3) (headsnake pos0-4) (headsnake pos0-5) (headsnake pos0-6) (headsnake pos1-0) (headsnake pos1-1) (headsnake pos1-2) (headsnake pos1-3) (headsnake pos1-4) (headsnake pos1-5) (headsnake pos1-6) (headsnake pos2-0) (headsnake pos2-1) (headsnake pos2-2) (headsnake pos2-3) (headsnake pos2-4) (headsnake pos2-5) (headsnake pos2-6) (headsnake pos3-0) (headsnake pos3-1) (headsnake pos3-2) (headsnake pos3-3) (headsnake pos3-4) (headsnake pos3-5) (headsnake pos3-6) (headsnake pos4-0) (headsnake pos4-1) (headsnake pos4-2) (headsnake pos4-3) (headsnake pos4-4) (headsnake pos4-5) (headsnake pos4-6) (headsnake pos5-0) (headsnake pos5-1) (headsnake pos5-2) (headsnake pos5-3) (headsnake pos5-4) (headsnake pos5-5) (headsnake pos5-6):=1:fam

{spawn C0:object}:=1
 (spawn dummypoint) (spawn pos0-5) (spawn pos1-1) (spawn pos2-0) (spawn pos3-1) (spawn pos3-5) (spawn pos4-5) (spawn pos4-6) (spawn pos5-0) (spawn pos5-5):=1:fam

