{tracepointer C0:event}:=1
 (tracepointer ev1) (tracepointer ev10) (tracepointer ev100) (tracepointer ev101) (tracepointer ev102) (tracepointer ev103) (tracepointer ev104) (tracepointer ev105) (tracepointer ev106) (tracepointer ev107) (tracepointer ev108) (tracepointer ev109) (tracepointer ev11) (tracepointer ev110) (tracepointer ev111) (tracepointer ev112) (tracepointer ev113) (tracepointer ev114) (tracepointer ev115) (tracepointer ev116) (tracepointer ev117) (tracepointer ev118) (tracepointer ev119) (tracepointer ev12) (tracepointer ev120) (tracepointer ev121) (tracepointer ev122) (tracepointer ev123) (tracepointer ev124) (tracepointer ev125) (tracepointer ev126) (tracepointer ev127) (tracepointer ev128) (tracepointer ev129) (tracepointer ev13) (tracepointer ev130) (tracepointer ev131) (tracepointer ev132) (tracepointer ev133) (tracepointer ev134) (tracepointer ev135) (tracepointer ev136) (tracepointer ev137) (tracepointer ev138) (tracepointer ev139) (tracepointer ev14) (tracepointer ev140) (tracepointer ev141) (tracepointer ev142) (tracepointer ev143) (tracepointer ev144) (tracepointer ev145) (tracepointer ev146) (tracepointer ev147) (tracepointer ev148) (tracepointer ev149) (tracepointer ev15) (tracepointer ev150) (tracepointer ev151) (tracepointer ev152) (tracepointer ev153) (tracepointer ev154) (tracepointer ev155) (tracepointer ev156) (tracepointer ev157) (tracepointer ev158) (tracepointer ev159) (tracepointer ev16) (tracepointer ev160) (tracepointer ev161) (tracepointer ev162) (tracepointer ev163) (tracepointer ev164) (tracepointer ev165) (tracepointer ev166) (tracepointer ev167) (tracepointer ev168) (tracepointer ev169) (tracepointer ev17) (tracepointer ev170) (tracepointer ev171) (tracepointer ev172) (tracepointer ev173) (tracepointer ev174) (tracepointer ev175) (tracepointer ev176) (tracepointer ev177) (tracepointer ev178) (tracepointer ev179) (tracepointer ev18) (tracepointer ev180) (tracepointer ev181) (tracepointer ev182) (tracepointer ev183) (tracepointer ev184) (tracepointer ev185) (tracepointer ev186) (tracepointer ev187) (tracepointer ev188) (tracepointer ev189) (tracepointer ev19) (tracepointer ev190) (tracepointer ev191) (tracepointer ev192) (tracepointer ev193) (tracepointer ev194) (tracepointer ev195) (tracepointer ev196) (tracepointer ev197) (tracepointer ev198) (tracepointer ev199) (tracepointer ev2) (tracepointer ev20) (tracepointer ev200) (tracepointer ev201) (tracepointer ev202) (tracepointer ev203) (tracepointer ev204) (tracepointer ev205) (tracepointer ev206) (tracepointer ev207) (tracepointer ev208) (tracepointer ev209) (tracepointer ev21) (tracepointer ev210) (tracepointer ev211) (tracepointer ev212) (tracepointer ev213) (tracepointer ev214) (tracepointer ev215) (tracepointer ev216) (tracepointer ev217) (tracepointer ev218) (tracepointer ev219) (tracepointer ev22) (tracepointer ev220) (tracepointer ev221) (tracepointer ev222) (tracepointer ev223) (tracepointer ev224) (tracepointer ev225) (tracepointer ev226) (tracepointer ev227) (tracepointer ev228) (tracepointer ev229) (tracepointer ev23) (tracepointer ev230) (tracepointer ev231) (tracepointer ev232) (tracepointer ev233) (tracepointer ev234) (tracepointer ev235) (tracepointer ev236) (tracepointer ev237) (tracepointer ev238) (tracepointer ev239) (tracepointer ev24) (tracepointer ev240) (tracepointer ev241) (tracepointer ev242) (tracepointer ev243) (tracepointer ev244) (tracepointer ev245) (tracepointer ev246) (tracepointer ev247) (tracepointer ev248) (tracepointer ev249) (tracepointer ev25) (tracepointer ev250) (tracepointer ev251) (tracepointer ev252) (tracepointer ev253) (tracepointer ev254) (tracepointer ev255) (tracepointer ev256) (tracepointer ev257) (tracepointer ev258) (tracepointer ev259) (tracepointer ev26) (tracepointer ev260) (tracepointer ev261) (tracepointer ev262) (tracepointer ev263) (tracepointer ev264) (tracepointer ev265) (tracepointer ev266) (tracepointer ev267) (tracepointer ev268) (tracepointer ev269) (tracepointer ev27) (tracepointer ev270) (tracepointer ev271) (tracepointer ev272) (tracepointer ev273) (tracepointer ev274) (tracepointer ev275) (tracepointer ev276) (tracepointer ev277) (tracepointer ev278) (tracepointer ev279) (tracepointer ev28) (tracepointer ev280) (tracepointer ev281) (tracepointer ev282) (tracepointer ev283) (tracepointer ev284) (tracepointer ev285) (tracepointer ev286) (tracepointer ev287) (tracepointer ev288) (tracepointer ev289) (tracepointer ev29) (tracepointer ev290) (tracepointer ev291) (tracepointer ev292) (tracepointer ev293) (tracepointer ev294) (tracepointer ev295) (tracepointer ev296) (tracepointer ev297) (tracepointer ev298) (tracepointer ev299) (tracepointer ev3) (tracepointer ev30) (tracepointer ev300) (tracepointer ev301) (tracepointer ev302) (tracepointer ev303) (tracepointer ev304) (tracepointer ev305) (tracepointer ev306) (tracepointer ev307) (tracepointer ev308) (tracepointer ev309) (tracepointer ev31) (tracepointer ev310) (tracepointer ev311) (tracepointer ev312) (tracepointer ev313) (tracepointer ev314) (tracepointer ev315) (tracepointer ev316) (tracepointer ev317) (tracepointer ev318) (tracepointer ev319) (tracepointer ev32) (tracepointer ev320) (tracepointer ev321) (tracepointer ev322) (tracepointer ev323) (tracepointer ev324) (tracepointer ev325) (tracepointer ev326) (tracepointer ev327) (tracepointer ev328) (tracepointer ev329) (tracepointer ev33) (tracepointer ev330) (tracepointer ev331) (tracepointer ev332) (tracepointer ev333) (tracepointer ev334) (tracepointer ev335) (tracepointer ev336) (tracepointer ev337) (tracepointer ev338) (tracepointer ev339) (tracepointer ev34) (tracepointer ev340) (tracepointer ev341) (tracepointer ev342) (tracepointer ev343) (tracepointer ev344) (tracepointer ev345) (tracepointer ev346) (tracepointer ev347) (tracepointer ev348) (tracepointer ev349) (tracepointer ev35) (tracepointer ev350) (tracepointer ev351) (tracepointer ev352) (tracepointer ev353) (tracepointer ev354) (tracepointer ev355) (tracepointer ev356) (tracepointer ev357) (tracepointer ev358) (tracepointer ev359) (tracepointer ev36) (tracepointer ev360) (tracepointer ev361) (tracepointer ev362) (tracepointer ev363) (tracepointer ev364) (tracepointer ev365) (tracepointer ev366) (tracepointer ev367) (tracepointer ev368) (tracepointer ev369) (tracepointer ev37) (tracepointer ev370) (tracepointer ev371) (tracepointer ev372) (tracepointer ev373) (tracepointer ev374) (tracepointer ev375) (tracepointer ev376) (tracepointer ev377) (tracepointer ev378) (tracepointer ev379) (tracepointer ev38) (tracepointer ev380) (tracepointer ev381) (tracepointer ev382) (tracepointer ev383) (tracepointer ev384) (tracepointer ev385) (tracepointer ev386) (tracepointer ev387) (tracepointer ev388) (tracepointer ev389) (tracepointer ev39) (tracepointer ev390) (tracepointer ev391) (tracepointer ev392) (tracepointer ev393) (tracepointer ev394) (tracepointer ev395) (tracepointer ev396) (tracepointer ev397) (tracepointer ev398) (tracepointer ev399) (tracepointer ev4) (tracepointer ev40) (tracepointer ev400) (tracepointer ev401) (tracepointer ev402) (tracepointer ev403) (tracepointer ev41) (tracepointer ev42) (tracepointer ev43) (tracepointer ev44) (tracepointer ev45) (tracepointer ev46) (tracepointer ev47) (tracepointer ev48) (tracepointer ev49) (tracepointer ev5) (tracepointer ev50) (tracepointer ev51) (tracepointer ev52) (tracepointer ev53) (tracepointer ev54) (tracepointer ev55) (tracepointer ev56) (tracepointer ev57) (tracepointer ev58) (tracepointer ev59) (tracepointer ev6) (tracepointer ev60) (tracepointer ev61) (tracepointer ev62) (tracepointer ev63) (tracepointer ev64) (tracepointer ev65) (tracepointer ev66) (tracepointer ev67) (tracepointer ev68) (tracepointer ev69) (tracepointer ev7) (tracepointer ev70) (tracepointer ev71) (tracepointer ev72) (tracepointer ev73) (tracepointer ev74) (tracepointer ev75) (tracepointer ev76) (tracepointer ev77) (tracepointer ev78) (tracepointer ev79) (tracepointer ev8) (tracepointer ev80) (tracepointer ev81) (tracepointer ev82) (tracepointer ev83) (tracepointer ev84) (tracepointer ev85) (tracepointer ev86) (tracepointer ev87) (tracepointer ev88) (tracepointer ev89) (tracepointer ev9) (tracepointer ev90) (tracepointer ev91) (tracepointer ev92) (tracepointer ev93) (tracepointer ev94) (tracepointer ev95) (tracepointer ev96) (tracepointer ev97) (tracepointer ev98) (tracepointer ev99) (tracepointer evend):=1:fam:G

