Fact[18]:
  (at person1 city0)
  (at person1 city1)
  (at person1 city2)
  (at person2 city0)
  (at person2 city1)
  (at person2 city2)
  (at plane1 city0)
  (at plane1 city1)
  (at plane1 city2)
  (fuel-level plane1 fl0)
  (fuel-level plane1 fl1)
  (fuel-level plane1 fl2)
  (fuel-level plane1 fl3)
  (fuel-level plane1 fl4)
  (fuel-level plane1 fl5)
  (fuel-level plane1 fl6)
  (in person1 plane1)
  (in person2 plane1)
Op[129]:
  (board person1 plane1 city0), cost: 1
    pre: (at person1 city0) (at plane1 city0)
    add: (in person1 plane1)
    del: (at person1 city0)
  (board person1 plane1 city1), cost: 1
    pre: (at person1 city1) (at plane1 city1)
    add: (in person1 plane1)
    del: (at person1 city1)
  (board person1 plane1 city2), cost: 1
    pre: (at person1 city2) (at plane1 city2)
    add: (in person1 plane1)
    del: (at person1 city2)
  (board person2 plane1 city0), cost: 1
    pre: (at person2 city0) (at plane1 city0)
    add: (in person2 plane1)
    del: (at person2 city0)
  (board person2 plane1 city1), cost: 1
    pre: (at person2 city1) (at plane1 city1)
    add: (in person2 plane1)
    del: (at person2 city1)
  (board person2 plane1 city2), cost: 1
    pre: (at person2 city2) (at plane1 city2)
    add: (in person2 plane1)
    del: (at person2 city2)
  (debark person1 plane1 city0), cost: 1
    pre: (at plane1 city0) (in person1 plane1)
    add: (at person1 city0)
    del: (in person1 plane1)
  (debark person1 plane1 city1), cost: 1
    pre: (at plane1 city1) (in person1 plane1)
    add: (at person1 city1)
    del: (in person1 plane1)
  (debark person1 plane1 city2), cost: 1
    pre: (at plane1 city2) (in person1 plane1)
    add: (at person1 city2)
    del: (in person1 plane1)
  (debark person2 plane1 city0), cost: 1
    pre: (at plane1 city0) (in person2 plane1)
    add: (at person2 city0)
    del: (in person2 plane1)
  (debark person2 plane1 city1), cost: 1
    pre: (at plane1 city1) (in person2 plane1)
    add: (at person2 city1)
    del: (in person2 plane1)
  (debark person2 plane1 city2), cost: 1
    pre: (at plane1 city2) (in person2 plane1)
    add: (at person2 city2)
    del: (in person2 plane1)
  (fly plane1 city0 city0 fl1 fl0), cost: 1
    pre: (at plane1 city0) (fuel-level plane1 fl1)
    add: (fuel-level plane1 fl0)
    del: (fuel-level plane1 fl1)
  (fly plane1 city0 city0 fl2 fl1), cost: 1
    pre: (at plane1 city0) (fuel-level plane1 fl2)
    add: (fuel-level plane1 fl1)
    del: (fuel-level plane1 fl2)
  (fly plane1 city0 city0 fl3 fl2), cost: 1
    pre: (at plane1 city0) (fuel-level plane1 fl3)
    add: (fuel-level plane1 fl2)
    del: (fuel-level plane1 fl3)
  (fly plane1 city0 city0 fl4 fl3), cost: 1
    pre: (at plane1 city0) (fuel-level plane1 fl4)
    add: (fuel-level plane1 fl3)
    del: (fuel-level plane1 fl4)
  (fly plane1 city0 city0 fl5 fl4), cost: 1
    pre: (at plane1 city0) (fuel-level plane1 fl5)
    add: (fuel-level plane1 fl4)
    del: (fuel-level plane1 fl5)
  (fly plane1 city0 city0 fl6 fl5), cost: 1
    pre: (at plane1 city0) (fuel-level plane1 fl6)
    add: (fuel-level plane1 fl5)
    del: (fuel-level plane1 fl6)
  (fly plane1 city0 city1 fl1 fl0), cost: 1
    pre: (at plane1 city0) (fuel-level plane1 fl1)
    add: (at plane1 city1) (fuel-level plane1 fl0)
    del: (at plane1 city0) (fuel-level plane1 fl1)
  (fly plane1 city0 city1 fl2 fl1), cost: 1
    pre: (at plane1 city0) (fuel-level plane1 fl2)
    add: (at plane1 city1) (fuel-level plane1 fl1)
    del: (at plane1 city0) (fuel-level plane1 fl2)
  (fly plane1 city0 city1 fl3 fl2), cost: 1
    pre: (at plane1 city0) (fuel-level plane1 fl3)
    add: (at plane1 city1) (fuel-level plane1 fl2)
    del: (at plane1 city0) (fuel-level plane1 fl3)
  (fly plane1 city0 city1 fl4 fl3), cost: 1
    pre: (at plane1 city0) (fuel-level plane1 fl4)
    add: (at plane1 city1) (fuel-level plane1 fl3)
    del: (at plane1 city0) (fuel-level plane1 fl4)
  (fly plane1 city0 city1 fl5 fl4), cost: 1
    pre: (at plane1 city0) (fuel-level plane1 fl5)
    add: (at plane1 city1) (fuel-level plane1 fl4)
    del: (at plane1 city0) (fuel-level plane1 fl5)
  (fly plane1 city0 city1 fl6 fl5), cost: 1
    pre: (at plane1 city0) (fuel-level plane1 fl6)
    add: (at plane1 city1) (fuel-level plane1 fl5)
    del: (at plane1 city0) (fuel-level plane1 fl6)
  (fly plane1 city0 city2 fl1 fl0), cost: 1
    pre: (at plane1 city0) (fuel-level plane1 fl1)
    add: (at plane1 city2) (fuel-level plane1 fl0)
    del: (at plane1 city0) (fuel-level plane1 fl1)
  (fly plane1 city0 city2 fl2 fl1), cost: 1
    pre: (at plane1 city0) (fuel-level plane1 fl2)
    add: (at plane1 city2) (fuel-level plane1 fl1)
    del: (at plane1 city0) (fuel-level plane1 fl2)
  (fly plane1 city0 city2 fl3 fl2), cost: 1
    pre: (at plane1 city0) (fuel-level plane1 fl3)
    add: (at plane1 city2) (fuel-level plane1 fl2)
    del: (at plane1 city0) (fuel-level plane1 fl3)
  (fly plane1 city0 city2 fl4 fl3), cost: 1
    pre: (at plane1 city0) (fuel-level plane1 fl4)
    add: (at plane1 city2) (fuel-level plane1 fl3)
    del: (at plane1 city0) (fuel-level plane1 fl4)
  (fly plane1 city0 city2 fl5 fl4), cost: 1
    pre: (at plane1 city0) (fuel-level plane1 fl5)
    add: (at plane1 city2) (fuel-level plane1 fl4)
    del: (at plane1 city0) (fuel-level plane1 fl5)
  (fly plane1 city0 city2 fl6 fl5), cost: 1
    pre: (at plane1 city0) (fuel-level plane1 fl6)
    add: (at plane1 city2) (fuel-level plane1 fl5)
    del: (at plane1 city0) (fuel-level plane1 fl6)
  (fly plane1 city1 city0 fl1 fl0), cost: 1
    pre: (at plane1 city1) (fuel-level plane1 fl1)
    add: (at plane1 city0) (fuel-level plane1 fl0)
    del: (at plane1 city1) (fuel-level plane1 fl1)
  (fly plane1 city1 city0 fl2 fl1), cost: 1
    pre: (at plane1 city1) (fuel-level plane1 fl2)
    add: (at plane1 city0) (fuel-level plane1 fl1)
    del: (at plane1 city1) (fuel-level plane1 fl2)
  (fly plane1 city1 city0 fl3 fl2), cost: 1
    pre: (at plane1 city1) (fuel-level plane1 fl3)
    add: (at plane1 city0) (fuel-level plane1 fl2)
    del: (at plane1 city1) (fuel-level plane1 fl3)
  (fly plane1 city1 city0 fl4 fl3), cost: 1
    pre: (at plane1 city1) (fuel-level plane1 fl4)
    add: (at plane1 city0) (fuel-level plane1 fl3)
    del: (at plane1 city1) (fuel-level plane1 fl4)
  (fly plane1 city1 city0 fl5 fl4), cost: 1
    pre: (at plane1 city1) (fuel-level plane1 fl5)
    add: (at plane1 city0) (fuel-level plane1 fl4)
    del: (at plane1 city1) (fuel-level plane1 fl5)
  (fly plane1 city1 city0 fl6 fl5), cost: 1
    pre: (at plane1 city1) (fuel-level plane1 fl6)
    add: (at plane1 city0) (fuel-level plane1 fl5)
    del: (at plane1 city1) (fuel-level plane1 fl6)
  (fly plane1 city1 city1 fl1 fl0), cost: 1
    pre: (at plane1 city1) (fuel-level plane1 fl1)
    add: (fuel-level plane1 fl0)
    del: (fuel-level plane1 fl1)
  (fly plane1 city1 city1 fl2 fl1), cost: 1
    pre: (at plane1 city1) (fuel-level plane1 fl2)
    add: (fuel-level plane1 fl1)
    del: (fuel-level plane1 fl2)
  (fly plane1 city1 city1 fl3 fl2), cost: 1
    pre: (at plane1 city1) (fuel-level plane1 fl3)
    add: (fuel-level plane1 fl2)
    del: (fuel-level plane1 fl3)
  (fly plane1 city1 city1 fl4 fl3), cost: 1
    pre: (at plane1 city1) (fuel-level plane1 fl4)
    add: (fuel-level plane1 fl3)
    del: (fuel-level plane1 fl4)
  (fly plane1 city1 city1 fl5 fl4), cost: 1
    pre: (at plane1 city1) (fuel-level plane1 fl5)
    add: (fuel-level plane1 fl4)
    del: (fuel-level plane1 fl5)
  (fly plane1 city1 city1 fl6 fl5), cost: 1
    pre: (at plane1 city1) (fuel-level plane1 fl6)
    add: (fuel-level plane1 fl5)
    del: (fuel-level plane1 fl6)
  (fly plane1 city1 city2 fl1 fl0), cost: 1
    pre: (at plane1 city1) (fuel-level plane1 fl1)
    add: (at plane1 city2) (fuel-level plane1 fl0)
    del: (at plane1 city1) (fuel-level plane1 fl1)
  (fly plane1 city1 city2 fl2 fl1), cost: 1
    pre: (at plane1 city1) (fuel-level plane1 fl2)
    add: (at plane1 city2) (fuel-level plane1 fl1)
    del: (at plane1 city1) (fuel-level plane1 fl2)
  (fly plane1 city1 city2 fl3 fl2), cost: 1
    pre: (at plane1 city1) (fuel-level plane1 fl3)
    add: (at plane1 city2) (fuel-level plane1 fl2)
    del: (at plane1 city1) (fuel-level plane1 fl3)
  (fly plane1 city1 city2 fl4 fl3), cost: 1
    pre: (at plane1 city1) (fuel-level plane1 fl4)
    add: (at plane1 city2) (fuel-level plane1 fl3)
    del: (at plane1 city1) (fuel-level plane1 fl4)
  (fly plane1 city1 city2 fl5 fl4), cost: 1
    pre: (at plane1 city1) (fuel-level plane1 fl5)
    add: (at plane1 city2) (fuel-level plane1 fl4)
    del: (at plane1 city1) (fuel-level plane1 fl5)
  (fly plane1 city1 city2 fl6 fl5), cost: 1
    pre: (at plane1 city1) (fuel-level plane1 fl6)
    add: (at plane1 city2) (fuel-level plane1 fl5)
    del: (at plane1 city1) (fuel-level plane1 fl6)
  (fly plane1 city2 city0 fl1 fl0), cost: 1
    pre: (at plane1 city2) (fuel-level plane1 fl1)
    add: (at plane1 city0) (fuel-level plane1 fl0)
    del: (at plane1 city2) (fuel-level plane1 fl1)
  (fly plane1 city2 city0 fl2 fl1), cost: 1
    pre: (at plane1 city2) (fuel-level plane1 fl2)
    add: (at plane1 city0) (fuel-level plane1 fl1)
    del: (at plane1 city2) (fuel-level plane1 fl2)
  (fly plane1 city2 city0 fl3 fl2), cost: 1
    pre: (at plane1 city2) (fuel-level plane1 fl3)
    add: (at plane1 city0) (fuel-level plane1 fl2)
    del: (at plane1 city2) (fuel-level plane1 fl3)
  (fly plane1 city2 city0 fl4 fl3), cost: 1
    pre: (at plane1 city2) (fuel-level plane1 fl4)
    add: (at plane1 city0) (fuel-level plane1 fl3)
    del: (at plane1 city2) (fuel-level plane1 fl4)
  (fly plane1 city2 city0 fl5 fl4), cost: 1
    pre: (at plane1 city2) (fuel-level plane1 fl5)
    add: (at plane1 city0) (fuel-level plane1 fl4)
    del: (at plane1 city2) (fuel-level plane1 fl5)
  (fly plane1 city2 city0 fl6 fl5), cost: 1
    pre: (at plane1 city2) (fuel-level plane1 fl6)
    add: (at plane1 city0) (fuel-level plane1 fl5)
    del: (at plane1 city2) (fuel-level plane1 fl6)
  (fly plane1 city2 city1 fl1 fl0), cost: 1
    pre: (at plane1 city2) (fuel-level plane1 fl1)
    add: (at plane1 city1) (fuel-level plane1 fl0)
    del: (at plane1 city2) (fuel-level plane1 fl1)
  (fly plane1 city2 city1 fl2 fl1), cost: 1
    pre: (at plane1 city2) (fuel-level plane1 fl2)
    add: (at plane1 city1) (fuel-level plane1 fl1)
    del: (at plane1 city2) (fuel-level plane1 fl2)
  (fly plane1 city2 city1 fl3 fl2), cost: 1
    pre: (at plane1 city2) (fuel-level plane1 fl3)
    add: (at plane1 city1) (fuel-level plane1 fl2)
    del: (at plane1 city2) (fuel-level plane1 fl3)
  (fly plane1 city2 city1 fl4 fl3), cost: 1
    pre: (at plane1 city2) (fuel-level plane1 fl4)
    add: (at plane1 city1) (fuel-level plane1 fl3)
    del: (at plane1 city2) (fuel-level plane1 fl4)
  (fly plane1 city2 city1 fl5 fl4), cost: 1
    pre: (at plane1 city2) (fuel-level plane1 fl5)
    add: (at plane1 city1) (fuel-level plane1 fl4)
    del: (at plane1 city2) (fuel-level plane1 fl5)
  (fly plane1 city2 city1 fl6 fl5), cost: 1
    pre: (at plane1 city2) (fuel-level plane1 fl6)
    add: (at plane1 city1) (fuel-level plane1 fl5)
    del: (at plane1 city2) (fuel-level plane1 fl6)
  (fly plane1 city2 city2 fl1 fl0), cost: 1
    pre: (at plane1 city2) (fuel-level plane1 fl1)
    add: (fuel-level plane1 fl0)
    del: (fuel-level plane1 fl1)
  (fly plane1 city2 city2 fl2 fl1), cost: 1
    pre: (at plane1 city2) (fuel-level plane1 fl2)
    add: (fuel-level plane1 fl1)
    del: (fuel-level plane1 fl2)
  (fly plane1 city2 city2 fl3 fl2), cost: 1
    pre: (at plane1 city2) (fuel-level plane1 fl3)
    add: (fuel-level plane1 fl2)
    del: (fuel-level plane1 fl3)
  (fly plane1 city2 city2 fl4 fl3), cost: 1
    pre: (at plane1 city2) (fuel-level plane1 fl4)
    add: (fuel-level plane1 fl3)
    del: (fuel-level plane1 fl4)
  (fly plane1 city2 city2 fl5 fl4), cost: 1
    pre: (at plane1 city2) (fuel-level plane1 fl5)
    add: (fuel-level plane1 fl4)
    del: (fuel-level plane1 fl5)
  (fly plane1 city2 city2 fl6 fl5), cost: 1
    pre: (at plane1 city2) (fuel-level plane1 fl6)
    add: (fuel-level plane1 fl5)
    del: (fuel-level plane1 fl6)
  (refuel plane1 city0 fl0 fl1), cost: 1
    pre: (at plane1 city0) (fuel-level plane1 fl0)
    add: (fuel-level plane1 fl1)
    del: (fuel-level plane1 fl0)
  (refuel plane1 city0 fl1 fl2), cost: 1
    pre: (at plane1 city0) (fuel-level plane1 fl1)
    add: (fuel-level plane1 fl2)
    del: (fuel-level plane1 fl1)
  (refuel plane1 city0 fl2 fl3), cost: 1
    pre: (at plane1 city0) (fuel-level plane1 fl2)
    add: (fuel-level plane1 fl3)
    del: (fuel-level plane1 fl2)
  (refuel plane1 city0 fl3 fl4), cost: 1
    pre: (at plane1 city0) (fuel-level plane1 fl3)
    add: (fuel-level plane1 fl4)
    del: (fuel-level plane1 fl3)
  (refuel plane1 city0 fl4 fl5), cost: 1
    pre: (at plane1 city0) (fuel-level plane1 fl4)
    add: (fuel-level plane1 fl5)
    del: (fuel-level plane1 fl4)
  (refuel plane1 city0 fl5 fl6), cost: 1
    pre: (at plane1 city0) (fuel-level plane1 fl5)
    add: (fuel-level plane1 fl6)
    del: (fuel-level plane1 fl5)
  (refuel plane1 city1 fl0 fl1), cost: 1
    pre: (at plane1 city1) (fuel-level plane1 fl0)
    add: (fuel-level plane1 fl1)
    del: (fuel-level plane1 fl0)
  (refuel plane1 city1 fl1 fl2), cost: 1
    pre: (at plane1 city1) (fuel-level plane1 fl1)
    add: (fuel-level plane1 fl2)
    del: (fuel-level plane1 fl1)
  (refuel plane1 city1 fl2 fl3), cost: 1
    pre: (at plane1 city1) (fuel-level plane1 fl2)
    add: (fuel-level plane1 fl3)
    del: (fuel-level plane1 fl2)
  (refuel plane1 city1 fl3 fl4), cost: 1
    pre: (at plane1 city1) (fuel-level plane1 fl3)
    add: (fuel-level plane1 fl4)
    del: (fuel-level plane1 fl3)
  (refuel plane1 city1 fl4 fl5), cost: 1
    pre: (at plane1 city1) (fuel-level plane1 fl4)
    add: (fuel-level plane1 fl5)
    del: (fuel-level plane1 fl4)
  (refuel plane1 city1 fl5 fl6), cost: 1
    pre: (at plane1 city1) (fuel-level plane1 fl5)
    add: (fuel-level plane1 fl6)
    del: (fuel-level plane1 fl5)
  (refuel plane1 city2 fl0 fl1), cost: 1
    pre: (at plane1 city2) (fuel-level plane1 fl0)
    add: (fuel-level plane1 fl1)
    del: (fuel-level plane1 fl0)
  (refuel plane1 city2 fl1 fl2), cost: 1
    pre: (at plane1 city2) (fuel-level plane1 fl1)
    add: (fuel-level plane1 fl2)
    del: (fuel-level plane1 fl1)
  (refuel plane1 city2 fl2 fl3), cost: 1
    pre: (at plane1 city2) (fuel-level plane1 fl2)
    add: (fuel-level plane1 fl3)
    del: (fuel-level plane1 fl2)
  (refuel plane1 city2 fl3 fl4), cost: 1
    pre: (at plane1 city2) (fuel-level plane1 fl3)
    add: (fuel-level plane1 fl4)
    del: (fuel-level plane1 fl3)
  (refuel plane1 city2 fl4 fl5), cost: 1
    pre: (at plane1 city2) (fuel-level plane1 fl4)
    add: (fuel-level plane1 fl5)
    del: (fuel-level plane1 fl4)
  (refuel plane1 city2 fl5 fl6), cost: 1
    pre: (at plane1 city2) (fuel-level plane1 fl5)
    add: (fuel-level plane1 fl6)
    del: (fuel-level plane1 fl5)
  (zoom plane1 city0 city0 fl2 fl1 fl0), cost: 1
    pre: (at plane1 city0) (fuel-level plane1 fl2)
    add: (fuel-level plane1 fl0)
    del: (fuel-level plane1 fl2)
  (zoom plane1 city0 city0 fl3 fl2 fl1), cost: 1
    pre: (at plane1 city0) (fuel-level plane1 fl3)
    add: (fuel-level plane1 fl1)
    del: (fuel-level plane1 fl3)
  (zoom plane1 city0 city0 fl4 fl3 fl2), cost: 1
    pre: (at plane1 city0) (fuel-level plane1 fl4)
    add: (fuel-level plane1 fl2)
    del: (fuel-level plane1 fl4)
  (zoom plane1 city0 city0 fl5 fl4 fl3), cost: 1
    pre: (at plane1 city0) (fuel-level plane1 fl5)
    add: (fuel-level plane1 fl3)
    del: (fuel-level plane1 fl5)
  (zoom plane1 city0 city0 fl6 fl5 fl4), cost: 1
    pre: (at plane1 city0) (fuel-level plane1 fl6)
    add: (fuel-level plane1 fl4)
    del: (fuel-level plane1 fl6)
  (zoom plane1 city0 city1 fl2 fl1 fl0), cost: 1
    pre: (at plane1 city0) (fuel-level plane1 fl2)
    add: (at plane1 city1) (fuel-level plane1 fl0)
    del: (at plane1 city0) (fuel-level plane1 fl2)
  (zoom plane1 city0 city1 fl3 fl2 fl1), cost: 1
    pre: (at plane1 city0) (fuel-level plane1 fl3)
    add: (at plane1 city1) (fuel-level plane1 fl1)
    del: (at plane1 city0) (fuel-level plane1 fl3)
  (zoom plane1 city0 city1 fl4 fl3 fl2), cost: 1
    pre: (at plane1 city0) (fuel-level plane1 fl4)
    add: (at plane1 city1) (fuel-level plane1 fl2)
    del: (at plane1 city0) (fuel-level plane1 fl4)
  (zoom plane1 city0 city1 fl5 fl4 fl3), cost: 1
    pre: (at plane1 city0) (fuel-level plane1 fl5)
    add: (at plane1 city1) (fuel-level plane1 fl3)
    del: (at plane1 city0) (fuel-level plane1 fl5)
  (zoom plane1 city0 city1 fl6 fl5 fl4), cost: 1
    pre: (at plane1 city0) (fuel-level plane1 fl6)
    add: (at plane1 city1) (fuel-level plane1 fl4)
    del: (at plane1 city0) (fuel-level plane1 fl6)
  (zoom plane1 city0 city2 fl2 fl1 fl0), cost: 1
    pre: (at plane1 city0) (fuel-level plane1 fl2)
    add: (at plane1 city2) (fuel-level plane1 fl0)
    del: (at plane1 city0) (fuel-level plane1 fl2)
  (zoom plane1 city0 city2 fl3 fl2 fl1), cost: 1
    pre: (at plane1 city0) (fuel-level plane1 fl3)
    add: (at plane1 city2) (fuel-level plane1 fl1)
    del: (at plane1 city0) (fuel-level plane1 fl3)
  (zoom plane1 city0 city2 fl4 fl3 fl2), cost: 1
    pre: (at plane1 city0) (fuel-level plane1 fl4)
    add: (at plane1 city2) (fuel-level plane1 fl2)
    del: (at plane1 city0) (fuel-level plane1 fl4)
  (zoom plane1 city0 city2 fl5 fl4 fl3), cost: 1
    pre: (at plane1 city0) (fuel-level plane1 fl5)
    add: (at plane1 city2) (fuel-level plane1 fl3)
    del: (at plane1 city0) (fuel-level plane1 fl5)
  (zoom plane1 city0 city2 fl6 fl5 fl4), cost: 1
    pre: (at plane1 city0) (fuel-level plane1 fl6)
    add: (at plane1 city2) (fuel-level plane1 fl4)
    del: (at plane1 city0) (fuel-level plane1 fl6)
  (zoom plane1 city1 city0 fl2 fl1 fl0), cost: 1
    pre: (at plane1 city1) (fuel-level plane1 fl2)
    add: (at plane1 city0) (fuel-level plane1 fl0)
    del: (at plane1 city1) (fuel-level plane1 fl2)
  (zoom plane1 city1 city0 fl3 fl2 fl1), cost: 1
    pre: (at plane1 city1) (fuel-level plane1 fl3)
    add: (at plane1 city0) (fuel-level plane1 fl1)
    del: (at plane1 city1) (fuel-level plane1 fl3)
  (zoom plane1 city1 city0 fl4 fl3 fl2), cost: 1
    pre: (at plane1 city1) (fuel-level plane1 fl4)
    add: (at plane1 city0) (fuel-level plane1 fl2)
    del: (at plane1 city1) (fuel-level plane1 fl4)
  (zoom plane1 city1 city0 fl5 fl4 fl3), cost: 1
    pre: (at plane1 city1) (fuel-level plane1 fl5)
    add: (at plane1 city0) (fuel-level plane1 fl3)
    del: (at plane1 city1) (fuel-level plane1 fl5)
  (zoom plane1 city1 city0 fl6 fl5 fl4), cost: 1
    pre: (at plane1 city1) (fuel-level plane1 fl6)
    add: (at plane1 city0) (fuel-level plane1 fl4)
    del: (at plane1 city1) (fuel-level plane1 fl6)
  (zoom plane1 city1 city1 fl2 fl1 fl0), cost: 1
    pre: (at plane1 city1) (fuel-level plane1 fl2)
    add: (fuel-level plane1 fl0)
    del: (fuel-level plane1 fl2)
  (zoom plane1 city1 city1 fl3 fl2 fl1), cost: 1
    pre: (at plane1 city1) (fuel-level plane1 fl3)
    add: (fuel-level plane1 fl1)
    del: (fuel-level plane1 fl3)
  (zoom plane1 city1 city1 fl4 fl3 fl2), cost: 1
    pre: (at plane1 city1) (fuel-level plane1 fl4)
    add: (fuel-level plane1 fl2)
    del: (fuel-level plane1 fl4)
  (zoom plane1 city1 city1 fl5 fl4 fl3), cost: 1
    pre: (at plane1 city1) (fuel-level plane1 fl5)
    add: (fuel-level plane1 fl3)
    del: (fuel-level plane1 fl5)
  (zoom plane1 city1 city1 fl6 fl5 fl4), cost: 1
    pre: (at plane1 city1) (fuel-level plane1 fl6)
    add: (fuel-level plane1 fl4)
    del: (fuel-level plane1 fl6)
  (zoom plane1 city1 city2 fl2 fl1 fl0), cost: 1
    pre: (at plane1 city1) (fuel-level plane1 fl2)
    add: (at plane1 city2) (fuel-level plane1 fl0)
    del: (at plane1 city1) (fuel-level plane1 fl2)
  (zoom plane1 city1 city2 fl3 fl2 fl1), cost: 1
    pre: (at plane1 city1) (fuel-level plane1 fl3)
    add: (at plane1 city2) (fuel-level plane1 fl1)
    del: (at plane1 city1) (fuel-level plane1 fl3)
  (zoom plane1 city1 city2 fl4 fl3 fl2), cost: 1
    pre: (at plane1 city1) (fuel-level plane1 fl4)
    add: (at plane1 city2) (fuel-level plane1 fl2)
    del: (at plane1 city1) (fuel-level plane1 fl4)
  (zoom plane1 city1 city2 fl5 fl4 fl3), cost: 1
    pre: (at plane1 city1) (fuel-level plane1 fl5)
    add: (at plane1 city2) (fuel-level plane1 fl3)
    del: (at plane1 city1) (fuel-level plane1 fl5)
  (zoom plane1 city1 city2 fl6 fl5 fl4), cost: 1
    pre: (at plane1 city1) (fuel-level plane1 fl6)
    add: (at plane1 city2) (fuel-level plane1 fl4)
    del: (at plane1 city1) (fuel-level plane1 fl6)
  (zoom plane1 city2 city0 fl2 fl1 fl0), cost: 1
    pre: (at plane1 city2) (fuel-level plane1 fl2)
    add: (at plane1 city0) (fuel-level plane1 fl0)
    del: (at plane1 city2) (fuel-level plane1 fl2)
  (zoom plane1 city2 city0 fl3 fl2 fl1), cost: 1
    pre: (at plane1 city2) (fuel-level plane1 fl3)
    add: (at plane1 city0) (fuel-level plane1 fl1)
    del: (at plane1 city2) (fuel-level plane1 fl3)
  (zoom plane1 city2 city0 fl4 fl3 fl2), cost: 1
    pre: (at plane1 city2) (fuel-level plane1 fl4)
    add: (at plane1 city0) (fuel-level plane1 fl2)
    del: (at plane1 city2) (fuel-level plane1 fl4)
  (zoom plane1 city2 city0 fl5 fl4 fl3), cost: 1
    pre: (at plane1 city2) (fuel-level plane1 fl5)
    add: (at plane1 city0) (fuel-level plane1 fl3)
    del: (at plane1 city2) (fuel-level plane1 fl5)
  (zoom plane1 city2 city0 fl6 fl5 fl4), cost: 1
    pre: (at plane1 city2) (fuel-level plane1 fl6)
    add: (at plane1 city0) (fuel-level plane1 fl4)
    del: (at plane1 city2) (fuel-level plane1 fl6)
  (zoom plane1 city2 city1 fl2 fl1 fl0), cost: 1
    pre: (at plane1 city2) (fuel-level plane1 fl2)
    add: (at plane1 city1) (fuel-level plane1 fl0)
    del: (at plane1 city2) (fuel-level plane1 fl2)
  (zoom plane1 city2 city1 fl3 fl2 fl1), cost: 1
    pre: (at plane1 city2) (fuel-level plane1 fl3)
    add: (at plane1 city1) (fuel-level plane1 fl1)
    del: (at plane1 city2) (fuel-level plane1 fl3)
  (zoom plane1 city2 city1 fl4 fl3 fl2), cost: 1
    pre: (at plane1 city2) (fuel-level plane1 fl4)
    add: (at plane1 city1) (fuel-level plane1 fl2)
    del: (at plane1 city2) (fuel-level plane1 fl4)
  (zoom plane1 city2 city1 fl5 fl4 fl3), cost: 1
    pre: (at plane1 city2) (fuel-level plane1 fl5)
    add: (at plane1 city1) (fuel-level plane1 fl3)
    del: (at plane1 city2) (fuel-level plane1 fl5)
  (zoom plane1 city2 city1 fl6 fl5 fl4), cost: 1
    pre: (at plane1 city2) (fuel-level plane1 fl6)
    add: (at plane1 city1) (fuel-level plane1 fl4)
    del: (at plane1 city2) (fuel-level plane1 fl6)
  (zoom plane1 city2 city2 fl2 fl1 fl0), cost: 1
    pre: (at plane1 city2) (fuel-level plane1 fl2)
    add: (fuel-level plane1 fl0)
    del: (fuel-level plane1 fl2)
  (zoom plane1 city2 city2 fl3 fl2 fl1), cost: 1
    pre: (at plane1 city2) (fuel-level plane1 fl3)
    add: (fuel-level plane1 fl1)
    del: (fuel-level plane1 fl3)
  (zoom plane1 city2 city2 fl4 fl3 fl2), cost: 1
    pre: (at plane1 city2) (fuel-level plane1 fl4)
    add: (fuel-level plane1 fl2)
    del: (fuel-level plane1 fl4)
  (zoom plane1 city2 city2 fl5 fl4 fl3), cost: 1
    pre: (at plane1 city2) (fuel-level plane1 fl5)
    add: (fuel-level plane1 fl3)
    del: (fuel-level plane1 fl5)
  (zoom plane1 city2 city2 fl6 fl5 fl4), cost: 1
    pre: (at plane1 city2) (fuel-level plane1 fl6)
    add: (fuel-level plane1 fl4)
    del: (fuel-level plane1 fl6)
Init State: (at person1 city0) (at person2 city2) (at plane1 city0) (fuel-level plane1 fl1)
Goal: (at person1 city0) (at person2 city2) (at plane1 city1)
