{at C0:object}:=1
 (at p1) (at p10) (at p2) (at p3) (at p4) (at p5) (at p6) (at p7) (at p8) (at p9):=1:fam

