Maximal 9:
 (passengers slow0-0 n0) (passengers slow0-0 n1) (passengers slow0-0 n2):=1:fam
 (passengers slow1-0 n0) (passengers slow1-0 n1) (passengers slow1-0 n2):=1:fam
 (passengers fast0 n0) (passengers fast0 n1) (passengers fast0 n2) (passengers fast0 n3):=1:fam
 (lift-at fast0 n0) (lift-at fast0 n2) (lift-at fast0 n4) (lift-at fast0 n6) (lift-at fast0 n8):=1:fam
 (lift-at slow0-0 n0) (lift-at slow0-0 n1) (lift-at slow0-0 n2) (lift-at slow0-0 n3) (lift-at slow0-0 n4):=1:fam
 (lift-at slow1-0 n4) (lift-at slow1-0 n5) (lift-at slow1-0 n6) (lift-at slow1-0 n7) (lift-at slow1-0 n8):=1:fam
 (boarded p0 fast0) (boarded p0 slow0-0) (boarded p0 slow1-0) (passenger-at p0 n0) (passenger-at p0 n1) (passenger-at p0 n2) (passenger-at p0 n3) (passenger-at p0 n4) (passenger-at p0 n5) (passenger-at p0 n6) (passenger-at p0 n7) (passenger-at p0 n8):=1:fam
 (boarded p1 fast0) (boarded p1 slow0-0) (boarded p1 slow1-0) (passenger-at p1 n0) (passenger-at p1 n1) (passenger-at p1 n2) (passenger-at p1 n3) (passenger-at p1 n4) (passenger-at p1 n5) (passenger-at p1 n6) (passenger-at p1 n7) (passenger-at p1 n8):=1:fam
 (boarded p2 fast0) (boarded p2 slow0-0) (boarded p2 slow1-0) (passenger-at p2 n0) (passenger-at p2 n1) (passenger-at p2 n2) (passenger-at p2 n3) (passenger-at p2 n4) (passenger-at p2 n5) (passenger-at p2 n6) (passenger-at p2 n7) (passenger-at p2 n8):=1:fam


Mutex Group Cover Number: 9
Non-Maximal 0:
