Vars (13):
  Var 0:
    0: at pos-0-0 (0)
    1: at pos-0-1 (1)
    2: at pos-0-2 (2)
    3: at pos-1-0 (3)
    4: at pos-1-1 (4)
    5: at pos-1-2 (5)
    6: at pos-2-0 (6)
    7: at pos-2-1 (7)
    8: at pos-2-2 (8)
    9: at pos-3-0 (9)
    10: at pos-3-1 (10)
    11: at pos-3-2 (11)
  Var 1:
    0: height pos-0-0 n0 (12)
    1: height pos-0-0 n1 (13)
    2: height pos-0-0 n2 (14)
    3: height pos-0-0 n3 (15)
    4: height pos-0-0 n4 (16)
  Var 2:
    0: height pos-0-1 n0 (17)
    1: height pos-0-1 n1 (18)
    2: height pos-0-1 n2 (19)
    3: height pos-0-1 n3 (20)
    4: height pos-0-1 n4 (21)
  Var 3:
    0: height pos-0-2 n0 (22)
    1: height pos-0-2 n1 (23)
    2: height pos-0-2 n2 (24)
    3: height pos-0-2 n3 (25)
    4: height pos-0-2 n4 (26)
  Var 4:
    0: height pos-1-0 n0 (27)
    1: height pos-1-0 n1 (28)
    2: height pos-1-0 n2 (29)
    3: height pos-1-0 n3 (30)
    4: height pos-1-0 n4 (31)
  Var 5:
    0: height pos-1-1 n0 (32)
    1: height pos-1-1 n1 (33)
    2: height pos-1-1 n2 (34)
    3: height pos-1-1 n3 (35)
    4: height pos-1-1 n4 (36)
  Var 6:
    0: height pos-1-2 n0 (37)
    1: height pos-1-2 n1 (38)
    2: height pos-1-2 n2 (39)
    3: height pos-1-2 n3 (40)
    4: height pos-1-2 n4 (41)
  Var 7:
    0: height pos-2-1 n0 (42)
    1: height pos-2-1 n1 (43)
    2: height pos-2-1 n2 (44)
    3: height pos-2-1 n3 (45)
    4: height pos-2-1 n4 (46)
  Var 8:
    0: height pos-2-2 n0 (47)
    1: height pos-2-2 n1 (48)
    2: height pos-2-2 n2 (49)
    3: height pos-2-2 n3 (50)
    4: height pos-2-2 n4 (51)
  Var 9:
    0: height pos-3-0 n0 (52)
    1: height pos-3-0 n1 (53)
    2: height pos-3-0 n2 (54)
    3: height pos-3-0 n3 (55)
    4: height pos-3-0 n4 (56)
  Var 10:
    0: height pos-3-1 n0 (57)
    1: height pos-3-1 n1 (58)
    2: height pos-3-1 n2 (59)
    3: height pos-3-1 n3 (60)
    4: height pos-3-1 n4 (61)
  Var 11:
    0: height pos-3-2 n0 (62)
    1: height pos-3-2 n1 (63)
    2: height pos-3-2 n2 (64)
    3: height pos-3-2 n3 (65)
    4: height pos-3-2 n4 (66)
  Var 12:
    0: NOT-has-block (67)
    1: has-block (68)
