begin_version
3
end_version
begin_metric
1
end_metric
24
begin_variable
var0
-1
2
free pos-0-0
occupied pos-0-0
end_variable
begin_variable
var1
-1
2
free pos-0-1
occupied pos-0-1
end_variable
begin_variable
var2
-1
2
free pos-0-2
occupied pos-0-2
end_variable
begin_variable
var3
-1
2
free pos-0-3
occupied pos-0-3
end_variable
begin_variable
var4
-1
2
free pos-0-4
occupied pos-0-4
end_variable
begin_variable
var5
-1
2
free pos-1-0
occupied pos-1-0
end_variable
begin_variable
var6
-1
2
free pos-1-1
occupied pos-1-1
end_variable
begin_variable
var7
-1
2
free pos-1-2
occupied pos-1-2
end_variable
begin_variable
var8
-1
2
free pos-1-3
occupied pos-1-3
end_variable
begin_variable
var9
-1
2
free pos-1-4
occupied pos-1-4
end_variable
begin_variable
var10
-1
2
free pos-2-0
occupied pos-2-0
end_variable
begin_variable
var11
-1
2
free pos-2-1
occupied pos-2-1
end_variable
begin_variable
var12
-1
2
free pos-2-2
occupied pos-2-2
end_variable
begin_variable
var13
-1
2
free pos-2-3
occupied pos-2-3
end_variable
begin_variable
var14
-1
2
free pos-2-4
occupied pos-2-4
end_variable
begin_variable
var15
-1
2
free pos-3-0
occupied pos-3-0
end_variable
begin_variable
var16
-1
2
free pos-3-1
occupied pos-3-1
end_variable
begin_variable
var17
-1
2
free pos-3-2
occupied pos-3-2
end_variable
begin_variable
var18
-1
2
free pos-3-3
occupied pos-3-3
end_variable
begin_variable
var19
-1
2
free pos-3-4
occupied pos-3-4
end_variable
begin_variable
var20
-1
2
free pos-4-0
occupied pos-4-0
end_variable
begin_variable
var21
-1
2
free pos-4-1
occupied pos-4-1
end_variable
begin_variable
var22
-1
2
free pos-4-2
occupied pos-4-2
end_variable
begin_variable
var23
-1
2
free pos-4-3
occupied pos-4-3
end_variable
24
begin_mutex_group
2
0 0
0 1
end_mutex_group
begin_mutex_group
2
1 0
1 1
end_mutex_group
begin_mutex_group
2
2 0
2 1
end_mutex_group
begin_mutex_group
2
3 0
3 1
end_mutex_group
begin_mutex_group
2
4 0
4 1
end_mutex_group
begin_mutex_group
2
5 0
5 1
end_mutex_group
begin_mutex_group
2
6 0
6 1
end_mutex_group
begin_mutex_group
2
7 0
7 1
end_mutex_group
begin_mutex_group
2
8 0
8 1
end_mutex_group
begin_mutex_group
2
9 0
9 1
end_mutex_group
begin_mutex_group
2
10 0
10 1
end_mutex_group
begin_mutex_group
2
11 0
11 1
end_mutex_group
begin_mutex_group
2
12 0
12 1
end_mutex_group
begin_mutex_group
2
13 0
13 1
end_mutex_group
begin_mutex_group
2
14 0
14 1
end_mutex_group
begin_mutex_group
2
15 0
15 1
end_mutex_group
begin_mutex_group
2
16 0
16 1
end_mutex_group
begin_mutex_group
2
17 0
17 1
end_mutex_group
begin_mutex_group
2
18 0
18 1
end_mutex_group
begin_mutex_group
2
19 0
19 1
end_mutex_group
begin_mutex_group
2
20 0
20 1
end_mutex_group
begin_mutex_group
2
21 0
21 1
end_mutex_group
begin_mutex_group
2
22 0
22 1
end_mutex_group
begin_mutex_group
2
23 0
23 1
end_mutex_group
begin_state
1
1
0
0
0
1
0
0
0
0
0
0
0
0
0
0
0
0
0
0
0
0
0
0
end_state
begin_goal
3
0 0
1 0
5 0
end_goal
16
begin_operator
move pos-0-0 pos-1-0 pos-0-1
0
3
0 0 1 0
0 1 0 1
0 5 0 1
1
end_operator
begin_operator
move pos-0-1 pos-1-1 pos-0-2
0
3
0 1 1 0
0 2 0 1
0 6 0 1
1
end_operator
begin_operator
move pos-0-2 pos-1-2 pos-0-3
0
3
0 2 1 0
0 3 0 1
0 7 0 1
1
end_operator
begin_operator
move pos-0-3 pos-1-3 pos-0-4
0
3
0 3 1 0
0 4 0 1
0 8 0 1
1
end_operator
begin_operator
move pos-1-0 pos-2-0 pos-1-1
0
3
0 5 1 0
0 6 0 1
0 10 0 1
1
end_operator
begin_operator
move pos-1-1 pos-2-1 pos-1-2
0
3
0 6 1 0
0 7 0 1
0 11 0 1
1
end_operator
begin_operator
move pos-1-2 pos-2-2 pos-1-3
0
3
0 7 1 0
0 8 0 1
0 12 0 1
1
end_operator
begin_operator
move pos-1-3 pos-2-3 pos-1-4
0
3
0 8 1 0
0 9 0 1
0 13 0 1
1
end_operator
begin_operator
move pos-2-0 pos-3-0 pos-2-1
0
3
0 10 1 0
0 11 0 1
0 15 0 1
1
end_operator
begin_operator
move pos-2-1 pos-3-1 pos-2-2
0
3
0 11 1 0
0 12 0 1
0 16 0 1
1
end_operator
begin_operator
move pos-2-2 pos-3-2 pos-2-3
0
3
0 12 1 0
0 13 0 1
0 17 0 1
1
end_operator
begin_operator
move pos-2-3 pos-3-3 pos-2-4
0
3
0 13 1 0
0 14 0 1
0 18 0 1
1
end_operator
begin_operator
move pos-3-0 pos-4-0 pos-3-1
0
3
0 15 1 0
0 16 0 1
0 20 0 1
1
end_operator
begin_operator
move pos-3-1 pos-4-1 pos-3-2
0
3
0 16 1 0
0 17 0 1
0 21 0 1
1
end_operator
begin_operator
move pos-3-2 pos-4-2 pos-3-3
0
3
0 17 1 0
0 18 0 1
0 22 0 1
1
end_operator
begin_operator
move pos-3-3 pos-4-3 pos-3-4
0
3
0 18 1 0
0 19 0 1
0 23 0 1
1
end_operator
0
