Vars (98):
  Var 0:
    0: handempty left (0)
    1: holding left shaker1 (1)
    2: holding left shot1 (2)
    3: holding left shot2 (3)
    4: holding left shot3 (4)
    5: holding left shot4 (5)
    6: holding left shot5 (6)
    7: holding left shot6 (7)
  Var 1:
    0: handempty right (8)
    1: holding right shaker1 (9)
    2: holding right shot1 (10)
    3: holding right shot2 (11)
    4: holding right shot3 (12)
    5: holding right shot4 (13)
    6: holding right shot5 (14)
    7: holding right shot6 (15)
  Var 2:
    0: empty shaker1 (16)
    1: shaked shaker1 (17)
    2: unshaked shaker1 (18)
  Var 3:
    0: shaker-level shaker1 l0 (19)
    1: shaker-level shaker1 l1 (20)
    2: shaker-level shaker1 l2 (21)
  Var 4:
    0: ontable shaker1 (22)
    1: none-of-those (23)
  Var 5:
    0: ontable shot1 (24)
    1: none-of-those (25)
  Var 6:
    0: ontable shot2 (26)
    1: none-of-those (27)
  Var 7:
    0: ontable shot3 (28)
    1: none-of-those (29)
  Var 8:
    0: ontable shot4 (30)
    1: none-of-those (31)
  Var 9:
    0: ontable shot5 (32)
    1: none-of-those (33)
  Var 10:
    0: ontable shot6 (34)
    1: none-of-those (35)
  Var 11:
    0: clean shaker1 (36)
    1: none-of-those (37)
  Var 12:
    0: clean shot1 (38)
    1: none-of-those (39)
  Var 13:
    0: clean shot2 (40)
    1: none-of-those (41)
  Var 14:
    0: clean shot3 (42)
    1: none-of-those (43)
  Var 15:
    0: clean shot4 (44)
    1: none-of-those (45)
  Var 16:
    0: clean shot5 (46)
    1: none-of-those (47)
  Var 17:
    0: clean shot6 (48)
    1: none-of-those (49)
  Var 18:
    0: contains shaker1 cocktail1 (50)
    1: none-of-those (51)
  Var 19:
    0: contains shaker1 cocktail2 (52)
    1: none-of-those (53)
  Var 20:
    0: contains shaker1 cocktail3 (54)
    1: none-of-those (55)
  Var 21:
    0: contains shaker1 cocktail4 (56)
    1: none-of-those (57)
  Var 22:
    0: contains shaker1 cocktail5 (58)
    1: none-of-those (59)
  Var 23:
    0: contains shaker1 ingredient1 (60)
    1: none-of-those (61)
  Var 24:
    0: contains shaker1 ingredient2 (62)
    1: none-of-those (63)
  Var 25:
    0: contains shaker1 ingredient3 (64)
    1: none-of-those (65)
  Var 26:
    0: contains shot1 cocktail1 (66)
    1: none-of-those (67)
  Var 27:
    0: contains shot1 cocktail2 (68)
    1: none-of-those (69)
  Var 28:
    0: contains shot1 cocktail3 (70)
    1: none-of-those (71)
  Var 29:
    0: contains shot1 cocktail4 (72)
    1: none-of-those (73)
  Var 30:
    0: contains shot1 cocktail5 (74)
    1: none-of-those (75)
  Var 31:
    0: contains shot1 ingredient1 (76)
    1: none-of-those (77)
  Var 32:
    0: contains shot1 ingredient2 (78)
    1: none-of-those (79)
  Var 33:
    0: contains shot1 ingredient3 (80)
    1: none-of-those (81)
  Var 34:
    0: contains shot2 cocktail1 (82)
    1: none-of-those (83)
  Var 35:
    0: contains shot2 cocktail2 (84)
    1: none-of-those (85)
  Var 36:
    0: contains shot2 cocktail3 (86)
    1: none-of-those (87)
  Var 37:
    0: contains shot2 cocktail4 (88)
    1: none-of-those (89)
  Var 38:
    0: contains shot2 cocktail5 (90)
    1: none-of-those (91)
  Var 39:
    0: contains shot2 ingredient1 (92)
    1: none-of-those (93)
  Var 40:
    0: contains shot2 ingredient2 (94)
    1: none-of-those (95)
  Var 41:
    0: contains shot2 ingredient3 (96)
    1: none-of-those (97)
  Var 42:
    0: contains shot3 cocktail1 (98)
    1: none-of-those (99)
  Var 43:
    0: contains shot3 cocktail2 (100)
    1: none-of-those (101)
  Var 44:
    0: contains shot3 cocktail3 (102)
    1: none-of-those (103)
  Var 45:
    0: contains shot3 cocktail4 (104)
    1: none-of-those (105)
  Var 46:
    0: contains shot3 cocktail5 (106)
    1: none-of-those (107)
  Var 47:
    0: contains shot3 ingredient1 (108)
    1: none-of-those (109)
  Var 48:
    0: contains shot3 ingredient2 (110)
    1: none-of-those (111)
  Var 49:
    0: contains shot3 ingredient3 (112)
    1: none-of-those (113)
  Var 50:
    0: contains shot4 cocktail1 (114)
    1: none-of-those (115)
  Var 51:
    0: contains shot4 cocktail2 (116)
    1: none-of-those (117)
  Var 52:
    0: contains shot4 cocktail3 (118)
    1: none-of-those (119)
  Var 53:
    0: contains shot4 cocktail4 (120)
    1: none-of-those (121)
  Var 54:
    0: contains shot4 cocktail5 (122)
    1: none-of-those (123)
  Var 55:
    0: contains shot4 ingredient1 (124)
    1: none-of-those (125)
  Var 56:
    0: contains shot4 ingredient2 (126)
    1: none-of-those (127)
  Var 57:
    0: contains shot4 ingredient3 (128)
    1: none-of-those (129)
  Var 58:
    0: contains shot5 cocktail1 (130)
    1: none-of-those (131)
  Var 59:
    0: contains shot5 cocktail2 (132)
    1: none-of-those (133)
  Var 60:
    0: contains shot5 cocktail3 (134)
    1: none-of-those (135)
  Var 61:
    0: contains shot5 cocktail4 (136)
    1: none-of-those (137)
  Var 62:
    0: contains shot5 cocktail5 (138)
    1: none-of-those (139)
  Var 63:
    0: contains shot5 ingredient1 (140)
    1: none-of-those (141)
  Var 64:
    0: contains shot5 ingredient2 (142)
    1: none-of-those (143)
  Var 65:
    0: contains shot5 ingredient3 (144)
    1: none-of-those (145)
  Var 66:
    0: contains shot6 cocktail1 (146)
    1: none-of-those (147)
  Var 67:
    0: contains shot6 cocktail2 (148)
    1: none-of-those (149)
  Var 68:
    0: contains shot6 cocktail3 (150)
    1: none-of-those (151)
  Var 69:
    0: contains shot6 cocktail4 (152)
    1: none-of-those (153)
  Var 70:
    0: contains shot6 cocktail5 (154)
    1: none-of-those (155)
  Var 71:
    0: contains shot6 ingredient1 (156)
    1: none-of-those (157)
  Var 72:
    0: contains shot6 ingredient2 (158)
    1: none-of-those (159)
  Var 73:
    0: contains shot6 ingredient3 (160)
    1: none-of-those (161)
  Var 74:
    0: empty shot1 (162)
    1: none-of-those (163)
  Var 75:
    0: empty shot2 (164)
    1: none-of-those (165)
  Var 76:
    0: empty shot3 (166)
    1: none-of-those (167)
  Var 77:
    0: empty shot4 (168)
    1: none-of-those (169)
  Var 78:
    0: empty shot5 (170)
    1: none-of-those (171)
  Var 79:
    0: empty shot6 (172)
    1: none-of-those (173)
  Var 80:
    0: used shot1 ingredient1 (174)
    1: none-of-those (175)
  Var 81:
    0: used shot1 ingredient2 (176)
    1: none-of-those (177)
  Var 82:
    0: used shot1 ingredient3 (178)
    1: none-of-those (179)
  Var 83:
    0: used shot2 ingredient1 (180)
    1: none-of-those (181)
  Var 84:
    0: used shot2 ingredient2 (182)
    1: none-of-those (183)
  Var 85:
    0: used shot2 ingredient3 (184)
    1: none-of-those (185)
  Var 86:
    0: used shot3 ingredient1 (186)
    1: none-of-those (187)
  Var 87:
    0: used shot3 ingredient2 (188)
    1: none-of-those (189)
  Var 88:
    0: used shot3 ingredient3 (190)
    1: none-of-those (191)
  Var 89:
    0: used shot4 ingredient1 (192)
    1: none-of-those (193)
  Var 90:
    0: used shot4 ingredient2 (194)
    1: none-of-those (195)
  Var 91:
    0: used shot4 ingredient3 (196)
    1: none-of-those (197)
  Var 92:
    0: used shot5 ingredient1 (198)
    1: none-of-those (199)
  Var 93:
    0: used shot5 ingredient2 (200)
    1: none-of-those (201)
  Var 94:
    0: used shot5 ingredient3 (202)
    1: none-of-those (203)
  Var 95:
    0: used shot6 ingredient1 (204)
    1: none-of-those (205)
  Var 96:
    0: used shot6 ingredient2 (206)
    1: none-of-those (207)
  Var 97:
    0: used shot6 ingredient3 (208)
    1: none-of-those (209)
