Vars (22):
  Var 0:
    0: clean shot1 (0)
    1: contains shot1 cocktail1 (1)
    2: contains shot1 cocktail2 (2)
    3: contains shot1 cocktail3 (3)
    4: used shot1 ingredient1 (4)
    5: used shot1 ingredient2 (5)
    6: used shot1 ingredient3 (6)
    7: none-of-those (7)
  Var 1:
    0: clean shot2 (8)
    1: contains shot2 cocktail1 (9)
    2: contains shot2 cocktail2 (10)
    3: contains shot2 cocktail3 (11)
    4: used shot2 ingredient1 (12)
    5: used shot2 ingredient2 (13)
    6: used shot2 ingredient3 (14)
    7: none-of-those (15)
  Var 2:
    0: clean shot3 (16)
    1: contains shot3 cocktail1 (17)
    2: contains shot3 cocktail2 (18)
    3: contains shot3 cocktail3 (19)
    4: used shot3 ingredient1 (20)
    5: used shot3 ingredient2 (21)
    6: used shot3 ingredient3 (22)
    7: none-of-those (23)
  Var 3:
    0: clean shot4 (24)
    1: contains shot4 cocktail1 (25)
    2: contains shot4 cocktail2 (26)
    3: contains shot4 cocktail3 (27)
    4: used shot4 ingredient1 (28)
    5: used shot4 ingredient2 (29)
    6: used shot4 ingredient3 (30)
    7: none-of-those (31)
  Var 4:
    0: handempty left (32)
    1: holding left shaker1 (33)
    2: holding left shot1 (34)
    3: holding left shot2 (35)
    4: holding left shot3 (36)
    5: holding left shot4 (37)
  Var 5:
    0: handempty right (38)
    1: holding right shaker1 (39)
    2: holding right shot1 (40)
    3: holding right shot2 (41)
    4: holding right shot3 (42)
    5: holding right shot4 (43)
  Var 6:
    0: contains shaker1 cocktail1 (44)
    1: contains shaker1 cocktail2 (45)
    2: contains shaker1 cocktail3 (46)
    3: empty shaker1 (47)
    4: unshaked shaker1 (48)
  Var 7:
    0: contains shot1 ingredient1 (49)
    1: contains shot1 ingredient2 (50)
    2: contains shot1 ingredient3 (51)
    3: empty shot1 (52)
    4: none-of-those (53)
  Var 8:
    0: contains shot2 ingredient1 (54)
    1: contains shot2 ingredient2 (55)
    2: contains shot2 ingredient3 (56)
    3: empty shot2 (57)
    4: none-of-those (58)
  Var 9:
    0: contains shot3 ingredient1 (59)
    1: contains shot3 ingredient2 (60)
    2: contains shot3 ingredient3 (61)
    3: empty shot3 (62)
    4: none-of-those (63)
  Var 10:
    0: contains shot4 ingredient1 (64)
    1: contains shot4 ingredient2 (65)
    2: contains shot4 ingredient3 (66)
    3: empty shot4 (67)
    4: none-of-those (68)
  Var 11:
    0: shaker-level shaker1 l0 (69)
    1: shaker-level shaker1 l1 (70)
    2: shaker-level shaker1 l2 (71)
  Var 12:
    0: ontable shaker1 (72)
    1: none-of-those (73)
  Var 13:
    0: ontable shot1 (74)
    1: none-of-those (75)
  Var 14:
    0: ontable shot2 (76)
    1: none-of-those (77)
  Var 15:
    0: ontable shot3 (78)
    1: none-of-those (79)
  Var 16:
    0: ontable shot4 (80)
    1: none-of-those (81)
  Var 17:
    0: shaked shaker1 (82)
    1: none-of-those (83)
  Var 18:
    0: clean shaker1 (84)
    1: none-of-those (85)
  Var 19:
    0: contains shaker1 ingredient1 (86)
    1: none-of-those (87)
  Var 20:
    0: contains shaker1 ingredient2 (88)
    1: none-of-those (89)
  Var 21:
    0: contains shaker1 ingredient3 (90)
    1: none-of-those (91)
