Mutex pairs: 1012 -> 9222
Unreachable facts [0 + 66/163]:
  (hasimage sheet1 back image-1)
  (hasimage sheet1 back image-2)
  (hasimage sheet1 back image-2b)
  (hasimage sheet1 back image-3)
  (hasimage sheet1 back image-4)
  (hasimage sheet1 back image-5)
  (hasimage sheet1 front image-2)
  (hasimage sheet1 front image-2b)
  (hasimage sheet1 front image-3)
  (hasimage sheet1 front image-4)
  (hasimage sheet1 front image-5)
  (hasimage sheet2 back image-1)
  (hasimage sheet2 back image-2)
  (hasimage sheet2 back image-3)
  (hasimage sheet2 back image-4)
  (hasimage sheet2 back image-5)
  (hasimage sheet2 front image-1)
  (hasimage sheet2 front image-2b)
  (hasimage sheet2 front image-3)
  (hasimage sheet2 front image-4)
  (hasimage sheet2 front image-5)
  (hasimage sheet3 back image-1)
  (hasimage sheet3 back image-2)
  (hasimage sheet3 back image-2b)
  (hasimage sheet3 back image-3)
  (hasimage sheet3 back image-4)
  (hasimage sheet3 back image-5)
  (hasimage sheet3 front image-1)
  (hasimage sheet3 front image-2)
  (hasimage sheet3 front image-2b)
  (hasimage sheet3 front image-4)
  (hasimage sheet3 front image-5)
  (hasimage sheet4 back image-1)
  (hasimage sheet4 back image-2)
  (hasimage sheet4 back image-2b)
  (hasimage sheet4 back image-3)
  (hasimage sheet4 back image-4)
  (hasimage sheet4 back image-5)
  (hasimage sheet4 front image-1)
  (hasimage sheet4 front image-2)
  (hasimage sheet4 front image-2b)
  (hasimage sheet4 front image-3)
  (hasimage sheet4 front image-5)
  (hasimage sheet5 back image-1)
  (hasimage sheet5 back image-2)
  (hasimage sheet5 back image-2b)
  (hasimage sheet5 back image-3)
  (hasimage sheet5 back image-4)
  (hasimage sheet5 back image-5)
  (hasimage sheet5 front image-1)
  (hasimage sheet5 front image-2)
  (hasimage sheet5 front image-2b)
  (hasimage sheet5 front image-3)
  (hasimage sheet5 front image-4)
  (location sheet2 hw1_toprightentry-uc1_exit)
  (location sheet2 uc1_entry-hw1_topleftexit)
  (location sheet2 uc1_exittoime-uime_entry)
  (location sheet2 uime_exit-uc1_entryfromime)
  (location sheet4 hw1_toprightentry-uc1_exit)
  (location sheet4 uc1_entry-hw1_topleftexit)
  (location sheet4 uc1_exittoime-uime_entry)
  (location sheet4 uime_exit-uc1_entryfromime)
  (location sheet5 hw1_toprightentry-uc1_exit)
  (location sheet5 uc1_entry-hw1_topleftexit)
  (location sheet5 uc1_exittoime-uime_entry)
  (location sheet5 uime_exit-uc1_entryfromime)
Unreachable ops [0 + 117/191]:
  (hw1-bottomrightentrytotopleftexit-letter sheet2)
  (hw1-bottomrightentrytotopleftexit-letter sheet4)
  (hw1-bottomrightentrytotopleftexit-letter sheet5)
  (hw1-leftentrytotopleftexit-letter sheet2)
  (hw1-leftentrytotopleftexit-letter sheet4)
  (hw1-leftentrytotopleftexit-letter sheet5)
  (hw1-toprightentrytobottomleftexit-letter sheet2)
  (hw1-toprightentrytobottomleftexit-letter sheet4)
  (hw1-toprightentrytobottomleftexit-letter sheet5)
  (hw1-toprightentrytorightexit-letter sheet2)
  (hw1-toprightentrytorightexit-letter sheet4)
  (hw1-toprightentrytorightexit-letter sheet5)
  (hw1-toprightentrytotopleftexit-letter sheet2)
  (hw1-toprightentrytotopleftexit-letter sheet4)
  (hw1-toprightentrytotopleftexit-letter sheet5)
  (lc1-invertfromime-letter sheet1 back front)
  (lc1-invertfromime-letter sheet3 back front)
  (lc1-invertfromime-letter sheet4 back front)
  (lc1-invertfromime-letter sheet5 back front)
  (lc1-inverttoime-letter sheet1 front back)
  (lc1-inverttoime-letter sheet3 front back)
  (lc1-inverttoime-letter sheet4 front back)
  (lc1-inverttoime-letter sheet5 front back)
  (lime-simplex-letter sheet1 back image-2)
  (lime-simplex-letter sheet1 back image-2b)
  (lime-simplex-letter sheet1 back image-4)
  (lime-simplex-letter sheet1 back image-5)
  (lime-simplex-letter sheet1 front image-2)
  (lime-simplex-letter sheet1 front image-2b)
  (lime-simplex-letter sheet1 front image-4)
  (lime-simplex-letter sheet1 front image-5)
  (lime-simplex-letter sheet2 back image-2)
  (lime-simplex-letter sheet2 back image-4)
  (lime-simplex-letter sheet2 back image-5)
  (lime-simplex-letter sheet2 front image-2b)
  (lime-simplex-letter sheet2 front image-4)
  (lime-simplex-letter sheet2 front image-5)
  (lime-simplex-letter sheet3 back image-2)
  (lime-simplex-letter sheet3 back image-2b)
  (lime-simplex-letter sheet3 back image-4)
  (lime-simplex-letter sheet3 back image-5)
  (lime-simplex-letter sheet3 front image-2)
  (lime-simplex-letter sheet3 front image-2b)
  (lime-simplex-letter sheet3 front image-4)
  (lime-simplex-letter sheet3 front image-5)
  (lime-simplex-letter sheet4 back image-2)
  (lime-simplex-letter sheet4 back image-2b)
  (lime-simplex-letter sheet4 back image-4)
  (lime-simplex-letter sheet4 back image-5)
  (lime-simplex-letter sheet4 front image-2)
  (lime-simplex-letter sheet4 front image-2b)
  (lime-simplex-letter sheet4 front image-5)
  (lime-simplex-letter sheet5 back image-2)
  (lime-simplex-letter sheet5 back image-2b)
  (lime-simplex-letter sheet5 back image-4)
  (lime-simplex-letter sheet5 back image-5)
  (lime-simplex-letter sheet5 front image-2)
  (lime-simplex-letter sheet5 front image-2b)
  (lime-simplex-letter sheet5 front image-4)
  (lime-simplexmono-letter sheet1 back image-1)
  (lime-simplexmono-letter sheet1 back image-3)
  (lime-simplexmono-letter sheet1 front image-3)
  (lime-simplexmono-letter sheet2 back image-1)
  (lime-simplexmono-letter sheet2 back image-3)
  (lime-simplexmono-letter sheet2 front image-1)
  (lime-simplexmono-letter sheet2 front image-3)
  (lime-simplexmono-letter sheet3 back image-1)
  (lime-simplexmono-letter sheet3 back image-3)
  (lime-simplexmono-letter sheet3 front image-1)
  (lime-simplexmono-letter sheet4 back image-1)
  (lime-simplexmono-letter sheet4 back image-3)
  (lime-simplexmono-letter sheet4 front image-1)
  (lime-simplexmono-letter sheet4 front image-3)
  (lime-simplexmono-letter sheet5 back image-1)
  (lime-simplexmono-letter sheet5 back image-3)
  (lime-simplexmono-letter sheet5 front image-1)
  (lime-simplexmono-letter sheet5 front image-3)
  (uc1-fromime-letter sheet2)
  (uc1-fromime-letter sheet4)
  (uc1-fromime-letter sheet5)
  (uc1-invertfromime-letter sheet1 back front)
  (uc1-invertfromime-letter sheet2 back front)
  (uc1-invertfromime-letter sheet2 front back)
  (uc1-invertfromime-letter sheet3 back front)
  (uc1-invertfromime-letter sheet4 back front)
  (uc1-invertfromime-letter sheet4 front back)
  (uc1-invertfromime-letter sheet5 back front)
  (uc1-invertfromime-letter sheet5 front back)
  (uc1-inverttoime-letter sheet1 front back)
  (uc1-inverttoime-letter sheet2 back front)
  (uc1-inverttoime-letter sheet2 front back)
  (uc1-inverttoime-letter sheet3 front back)
  (uc1-inverttoime-letter sheet4 back front)
  (uc1-inverttoime-letter sheet4 front back)
  (uc1-inverttoime-letter sheet5 back front)
  (uc1-inverttoime-letter sheet5 front back)
  (uc1-toime-letter sheet2)
  (uc1-toime-letter sheet4)
  (uc1-toime-letter sheet5)
  (uime-simplex-letter sheet1 back image-1)
  (uime-simplex-letter sheet1 back image-3)
  (uime-simplex-letter sheet1 front image-3)
  (uime-simplex-letter sheet2 back image-1)
  (uime-simplex-letter sheet2 back image-3)
  (uime-simplex-letter sheet2 front image-1)
  (uime-simplex-letter sheet2 front image-3)
  (uime-simplex-letter sheet3 back image-1)
  (uime-simplex-letter sheet3 back image-3)
  (uime-simplex-letter sheet3 front image-1)
  (uime-simplex-letter sheet4 back image-1)
  (uime-simplex-letter sheet4 back image-3)
  (uime-simplex-letter sheet4 front image-1)
  (uime-simplex-letter sheet4 front image-3)
  (uime-simplex-letter sheet5 back image-1)
  (uime-simplex-letter sheet5 back image-3)
  (uime-simplex-letter sheet5 front image-1)
  (uime-simplex-letter sheet5 front image-3)
