Fact[7]:
  (at-robot loc-x0-y0)
  (at-robot loc-x0-y1)
  (at-robot loc-x1-y0)
  (at-robot loc-x1-y1)
  (visited loc-x0-y0)
  (visited loc-x0-y1)
  (visited loc-x1-y0)
Op[8]:
  (move loc-x0-y0 loc-x0-y1), cost: 1
    pre: (at-robot loc-x0-y0)
    add: (at-robot loc-x0-y1) (visited loc-x0-y1)
    del: (at-robot loc-x0-y0)
  (move loc-x0-y0 loc-x1-y0), cost: 1
    pre: (at-robot loc-x0-y0)
    add: (at-robot loc-x1-y0) (visited loc-x1-y0)
    del: (at-robot loc-x0-y0)
  (move loc-x0-y1 loc-x0-y0), cost: 1
    pre: (at-robot loc-x0-y1)
    add: (at-robot loc-x0-y0) (visited loc-x0-y0)
    del: (at-robot loc-x0-y1)
  (move loc-x0-y1 loc-x1-y1), cost: 1
    pre: (at-robot loc-x0-y1)
    add: (at-robot loc-x1-y1)
    del: (at-robot loc-x0-y1)
  (move loc-x1-y0 loc-x0-y0), cost: 1
    pre: (at-robot loc-x1-y0)
    add: (at-robot loc-x0-y0) (visited loc-x0-y0)
    del: (at-robot loc-x1-y0)
  (move loc-x1-y0 loc-x1-y1), cost: 1
    pre: (at-robot loc-x1-y0)
    add: (at-robot loc-x1-y1)
    del: (at-robot loc-x1-y0)
  (move loc-x1-y1 loc-x0-y1), cost: 1
    pre: (at-robot loc-x1-y1)
    add: (at-robot loc-x0-y1) (visited loc-x0-y1)
    del: (at-robot loc-x1-y1)
  (move loc-x1-y1 loc-x1-y0), cost: 1
    pre: (at-robot loc-x1-y1)
    add: (at-robot loc-x1-y0) (visited loc-x1-y0)
    del: (at-robot loc-x1-y1)
Init State: (at-robot loc-x1-y1)
Goal: (visited loc-x0-y0) (visited loc-x0-y1) (visited loc-x1-y0)
