Symmetric facts:
 (at_car car0 place0) (at_car car1 place0)
 (at_car car0 place1) (at_car car1 place1)
 (at_car car0 place2) (at_car car1 place2)
 (at_person girl0 place0) (at_person guy0 place0)
 (at_person girl0 place1) (at_person guy0 place1)
 (at_person girl0 place2) (at_person guy0 place2)
Symmetric ops:
 (drive girl0 place0 place1 car0) (drive girl0 place0 place1 car1) (drive guy0 place0 place1 car0) (drive guy0 place0 place1 car1)
 (drive girl0 place0 place2 car0) (drive girl0 place0 place2 car1) (drive guy0 place0 place2 car0) (drive guy0 place0 place2 car1)
 (drive girl0 place1 place0 car0) (drive girl0 place1 place0 car1) (drive guy0 place1 place0 car0) (drive guy0 place1 place0 car1)
 (drive girl0 place1 place2 car0) (drive girl0 place1 place2 car1) (drive guy0 place1 place2 car0) (drive guy0 place1 place2 car1)
 (drive girl0 place2 place0 car0) (drive girl0 place2 place0 car1) (drive guy0 place2 place0 car0) (drive guy0 place2 place0 car1)
 (drive girl0 place2 place1 car0) (drive girl0 place2 place1 car1) (drive guy0 place2 place1 car0) (drive guy0 place2 place1 car1)
 (drive_passenger girl0 place0 place1 car0 guy0) (drive_passenger girl0 place0 place1 car1 guy0)
 (drive_passenger girl0 place0 place2 car0 guy0) (drive_passenger girl0 place0 place2 car1 guy0)
 (drive_passenger girl0 place1 place0 car0 guy0) (drive_passenger girl0 place1 place0 car1 guy0)
 (drive_passenger girl0 place1 place2 car0 guy0) (drive_passenger girl0 place1 place2 car1 guy0)
 (drive_passenger girl0 place2 place0 car0 guy0) (drive_passenger girl0 place2 place0 car1 guy0)
 (drive_passenger girl0 place2 place1 car0 guy0) (drive_passenger girl0 place2 place1 car1 guy0)
 (drive_tent girl0 place0 place1 car0 tent0) (drive_tent girl0 place0 place1 car1 tent0) (drive_tent guy0 place0 place1 car0 tent0) (drive_tent guy0 place0 place1 car1 tent0)
 (drive_tent girl0 place0 place2 car0 tent0) (drive_tent girl0 place0 place2 car1 tent0) (drive_tent guy0 place0 place2 car0 tent0) (drive_tent guy0 place0 place2 car1 tent0)
 (drive_tent girl0 place1 place0 car0 tent0) (drive_tent girl0 place1 place0 car1 tent0) (drive_tent guy0 place1 place0 car0 tent0) (drive_tent guy0 place1 place0 car1 tent0)
 (drive_tent girl0 place1 place2 car0 tent0) (drive_tent girl0 place1 place2 car1 tent0) (drive_tent guy0 place1 place2 car0 tent0) (drive_tent guy0 place1 place2 car1 tent0)
 (drive_tent girl0 place2 place0 car0 tent0) (drive_tent girl0 place2 place0 car1 tent0) (drive_tent guy0 place2 place0 car0 tent0) (drive_tent guy0 place2 place0 car1 tent0)
 (drive_tent girl0 place2 place1 car0 tent0) (drive_tent girl0 place2 place1 car1 tent0) (drive_tent guy0 place2 place1 car0 tent0) (drive_tent guy0 place2 place1 car1 tent0)
 (drive_tent_passenger girl0 place0 place1 car0 tent0 guy0) (drive_tent_passenger girl0 place0 place1 car1 tent0 guy0)
 (drive_tent_passenger girl0 place0 place2 car0 tent0 guy0) (drive_tent_passenger girl0 place0 place2 car1 tent0 guy0)
 (drive_tent_passenger girl0 place1 place0 car0 tent0 guy0) (drive_tent_passenger girl0 place1 place0 car1 tent0 guy0)
 (drive_tent_passenger girl0 place1 place2 car0 tent0 guy0) (drive_tent_passenger girl0 place1 place2 car1 tent0 guy0)
 (drive_tent_passenger girl0 place2 place0 car0 tent0 guy0) (drive_tent_passenger girl0 place2 place0 car1 tent0 guy0)
 (drive_tent_passenger girl0 place2 place1 car0 tent0 guy0) (drive_tent_passenger girl0 place2 place1 car1 tent0 guy0)
 (put_down girl0 place0 tent0) (put_down guy0 place0 tent0)
 (put_down girl0 place1 tent0) (put_down guy0 place1 tent0)
 (put_down girl0 place2 tent0) (put_down guy0 place2 tent0)
 (put_up girl0 place0 tent0) (put_up guy0 place0 tent0)
 (put_up girl0 place1 tent0) (put_up guy0 place1 tent0)
 (put_up girl0 place2 tent0) (put_up guy0 place2 tent0)
