Vars (103):
  Var 0:
    0: breaker-ar-status-is-auto_breaker_x11_x12 (0)
    1: none-of-those (1)
  Var 1:
    0: breaker-auto-reopen-wait_breaker_x19_x20_obs1416 (2)
    1: none-of-those (3)
  Var 2:
    0: breaker-state-is-closed_breaker_x11_x12 (4)
    1: none-of-those (5)
  Var 3:
    0: breaker-state-is-unknown_breaker_x11_x12 (6)
    1: none-of-those (7)
  Var 4:
    0: breaker-state-is-unknown_breaker_x19_x20 (8)
    1: none-of-those (9)
  Var 5:
    0: dominates-2_hyp1_count-as-fault_breaker_x11_x12 (10)
    1: none-of-those (11)
  Var 6:
    0: dominates-2_hyp1_count-as-fault_breaker_x17_x18 (12)
    1: none-of-those (13)
  Var 7:
    0: dominates-2_hyp1_count-as-fault_breaker_x3_x4 (14)
    1: none-of-those (15)
  Var 8:
    0: dominates-2_hyp1_count-as-fault_breaker_x5_x6 (16)
    1: none-of-those (17)
  Var 9:
    0: dominates-2_hyp1_count-as-fault_bus_x21 (18)
    1: none-of-those (19)
  Var 10:
    0: dominates-2_hyp1_count-as-fault_line_x13_x14 (20)
    1: none-of-those (21)
  Var 11:
    0: dominates-2_hyp2_count-as-fault_breaker_x11_x12 (22)
    1: none-of-those (23)
  Var 12:
    0: dominates-2_hyp2_count-as-fault_breaker_x17_x18 (24)
    1: none-of-those (25)
  Var 13:
    0: dominates-2_hyp2_count-as-fault_breaker_x19_x20 (26)
    1: none-of-those (27)
  Var 14:
    0: dominates-2_hyp2_count-as-fault_breaker_x3_x4 (28)
    1: none-of-those (29)
  Var 15:
    0: dominates-2_hyp2_count-as-fault_breaker_x5_x6 (30)
    1: none-of-those (31)
  Var 16:
    0: dominates-2_hyp2_count-as-fault_bus_x21 (32)
    1: none-of-those (33)
  Var 17:
    0: dominates-2_hyp2_count-as-fault_line_x13_x14 (34)
    1: none-of-those (35)
  Var 18:
    0: dominates-2_hyp3_count-as-fault_breaker_x11_x12 (36)
    1: none-of-those (37)
  Var 19:
    0: dominates-2_hyp3_count-as-fault_breaker_x19_x20 (38)
    1: none-of-those (39)
  Var 20:
    0: dominates-2_hyp3_count-as-fault_breaker_x3_x4 (40)
    1: none-of-those (41)
  Var 21:
    0: dominates-2_hyp3_count-as-fault_breaker_x5_x6 (42)
    1: none-of-those (43)
  Var 22:
    0: dominates-2_hyp3_count-as-fault_bus_x21 (44)
    1: none-of-those (45)
  Var 23:
    0: dominates-2_hyp3_count-as-fault_line_x13_x14 (46)
    1: none-of-those (47)
  Var 24:
    0: dominates-2_hyp3_count-as-fault_line_x15_x16 (48)
    1: none-of-those (49)
  Var 25:
    0: line-iso-state-may-have-changed_line_x13_x14_obs1410 (50)
    1: none-of-those (51)
  Var 26:
    0: line-iso-state-may-have-changed_line_x13_x14_obs1412 (52)
    1: none-of-those (53)
  Var 27:
    0: line-iso-state-may-have-changed_line_x15_x16_obs1407 (54)
    1: none-of-those (55)
  Var 28:
    0: breaker-auto-reclose-wait_breaker_x19_x20_obs1412 (56)
    1: future_obs1412 (57)
    2: pending_obs1412 (58)
    3: none-of-those (59)
  Var 29:
    0: breaker-commanded-ar-non-auto_breaker_x11_x12_obs1411 (60)
    1: future_obs1411 (61)
    2: pending_obs1411 (62)
  Var 30:
    0: breaker-commanded-ar-non-auto_breaker_x7_x8_obs1401 (63)
    1: future_obs1401 (64)
    2: pending_obs1401 (65)
  Var 31:
    0: breaker-commanded-ar-non-auto_breaker_x9_x10_obs1402 (66)
    1: future_obs1402 (67)
    2: pending_obs1402 (68)
  Var 32:
    0: breaker-commanded-open_breaker_x11_x12_obs1406 (69)
    1: future_obs1406 (70)
    2: pending_obs1406 (71)
  Var 33:
    0: breaker-state-is-closed_breaker_x17_x18 (72)
    1: breaker-state-is-open_breaker_x17_x18 (73)
    2: breaker-state-is-unknown_breaker_x17_x18 (74)
  Var 34:
    0: breaker-state-is-closed_breaker_x5_x6 (75)
    1: breaker-state-is-open_breaker_x5_x6 (76)
    2: breaker-state-is-unknown_breaker_x5_x6 (77)
  Var 35:
    0: fault-count-2_count-as-fault_breaker_x11_x12_n1 (78)
    1: future_obs1400 (79)
    2: pending_obs1400 (80)
    3: none-of-those (81)
  Var 36:
    0: fault-count-2_count-as-fault_breaker_x17_x18_n1 (82)
    1: future_obs1407 (83)
    2: pending_obs1407 (84)
    3: none-of-those (85)
  Var 37:
    0: fault-count-2_count-as-fault_breaker_x3_x4_n1 (86)
    1: future_obs1408 (87)
    2: pending_obs1408 (88)
  Var 38:
    0: fault-count-2_count-as-fault_breaker_x5_x6_n1 (89)
    1: future_obs1415 (90)
    2: pending_obs1415 (91)
  Var 39:
    0: fault-count-2_count-as-fault_breaker_x7_x8_n1 (92)
    1: future_obs1403 (93)
    2: pending_obs1403 (94)
    3: none-of-those (95)
  Var 40:
    0: fault-count-2_count-as-fault_breaker_x9_x10_n1 (96)
    1: future_obs1404 (97)
    2: pending_obs1404 (98)
    3: none-of-those (99)
  Var 41:
    0: fault-count-2_count-as-fault_bus_x21_n1 (100)
    1: future_obs1413 (101)
    2: pending_obs1413 (102)
  Var 42:
    0: fault-count-2_count-as-fault_line_x13_x14_n0 (103)
    1: fault-count-2_count-as-fault_line_x13_x14_n1 (104)
    2: line-iso-trip-in-progress_line_x13_x14_obs1410 (105)
    3: none-of-those (106)
  Var 43:
    0: future_obs1405 (107)
    1: observed_obs1405 (108)
    2: pending_obs1405 (109)
  Var 44:
    0: future_obs1409 (110)
    1: observed_obs1409 (111)
    2: pending_obs1409 (112)
  Var 45:
    0: future_obs1410 (113)
    1: observed_obs1410 (114)
    2: pending_obs1410 (115)
  Var 46:
    0: future_obs1414 (116)
    1: observed_obs1414 (117)
    2: pending_obs1414 (118)
  Var 47:
    0: future_obs1416 (119)
    1: line-iso-state-may-have-changed_line_x13_x14_obs1416 (120)
    2: pending_obs1416 (121)
  Var 48:
    0: future_obs1417 (122)
    1: observed_obs1417 (123)
    2: pending_obs1417 (124)
  Var 49:
    0: achieved_constraint0 (125)
    1: not_at_end_constraint0 (126)
  Var 50:
    0: achieved_constraint1 (127)
    1: not_at_end_constraint1 (128)
  Var 51:
    0: achieved_constraint2 (129)
    1: not_at_end_constraint2 (130)
  Var 52:
    0: breaker-ar-status-is-auto_breaker_x17_x18 (131)
    1: breaker-ar-status-is-unknown_breaker_x17_x18 (132)
    2: none-of-those (133)
  Var 53:
    0: breaker-ar-status-is-auto_breaker_x19_x20 (134)
    1: breaker-ar-status-is-unknown_breaker_x19_x20 (135)
    2: none-of-those (136)
  Var 54:
    0: breaker-commanded-open_breaker_x19_x20_obs1398 (137)
    1: pending_obs1398 (138)
  Var 55:
    0: breaker-state-is-closed_breaker_x22_x23 (139)
    1: breaker-state-is-unknown_breaker_x22_x23 (140)
    2: none-of-those (141)
  Var 56:
    0: breaker-state-is-closed_breaker_x26_x27 (142)
    1: breaker-state-is-unknown_breaker_x26_x27 (143)
    2: none-of-those (144)
  Var 57:
    0: breaker-state-is-closed_breaker_x28_x29 (145)
    1: breaker-state-is-unknown_breaker_x28_x29 (146)
    2: none-of-those (147)
  Var 58:
    0: fault-count-2_count-as-fault_breaker_x11_x12_n0 (148)
    1: observed_obs1400 (149)
  Var 59:
    0: fault-count-2_count-as-fault_breaker_x19_x20_n0 (150)
    1: fault-count-2_count-as-fault_breaker_x19_x20_n1 (151)
    2: none-of-those (152)
  Var 60:
    0: fault-count-2_count-as-fault_breaker_x3_x4_n0 (153)
    1: observed_obs1408 (154)
  Var 61:
    0: fault-count-2_count-as-fault_breaker_x5_x6_n0 (155)
    1: line-iso-state-may-have-changed_line_x15_x16_obs1415 (156)
  Var 62:
    0: fault-count-2_count-as-fault_bus_x21_n0 (157)
    1: observed_obs1413 (158)
  Var 63:
    0: fault-count-2_count-as-fault_line_x15_x16_n0 (159)
    1: fault-count-2_count-as-fault_line_x15_x16_n1 (160)
    2: none-of-those (161)
  Var 64:
    0: line-iso-trip-in-progress_line_x13_x14_obs1412 (162)
    1: pending_obs1399 (163)
    2: none-of-those (164)
  Var 65:
    0: breaker-ar-status-is-non-auto_breaker_x17_x18 (165)
    1: none-of-those (166)
  Var 66:
    0: breaker-ar-status-is-non-auto_breaker_x19_x20 (167)
    1: none-of-those (168)
  Var 67:
    0: breaker-ar-status-is-unknown_breaker_x11_x12 (169)
    1: none-of-those (170)
  Var 68:
    0: breaker-state-is-open_breaker_x22_x23 (171)
    1: none-of-those (172)
  Var 69:
    0: breaker-state-is-open_breaker_x26_x27 (173)
    1: none-of-those (174)
  Var 70:
    0: breaker-state-is-open_breaker_x28_x29 (175)
    1: none-of-those (176)
  Var 71:
    0: fault-count-2_count-as-fault_breaker_x17_x18_n0 (177)
    1: none-of-those (178)
  Var 72:
    0: fault-count-2_count-as-fault_breaker_x7_x8_n0 (179)
    1: none-of-those (180)
  Var 73:
    0: fault-count-2_count-as-fault_breaker_x9_x10_n0 (181)
    1: none-of-those (182)
  Var 74:
    0: line-iso-trip-in-progress_line_x15_x16_obs1407 (183)
    1: none-of-those (184)
  Var 75:
    0: observed_obs1398 (185)
    1: none-of-those (186)
  Var 76:
    0: observed_obs1399 (187)
    1: none-of-those (188)
  Var 77:
    0: observed_obs1401 (189)
    1: none-of-those (190)
  Var 78:
    0: observed_obs1402 (191)
    1: none-of-those (192)
  Var 79:
    0: observed_obs1403 (193)
    1: none-of-those (194)
  Var 80:
    0: observed_obs1404 (195)
    1: none-of-those (196)
  Var 81:
    0: observed_obs1406 (197)
    1: none-of-those (198)
  Var 82:
    0: observed_obs1407 (199)
    1: none-of-those (200)
  Var 83:
    0: observed_obs1411 (201)
    1: none-of-those (202)
  Var 84:
    0: observed_obs1412 (203)
    1: none-of-those (204)
  Var 85:
    0: observed_obs1415 (205)
    1: none-of-those (206)
  Var 86:
    0: observed_obs1416 (207)
    1: none-of-those (208)
  Var 87:
    0: breaker-ar-status-is-non-auto_breaker_x11_x12 (209)
    1: none-of-those (210)
  Var 88:
    0: breaker-state-is-closed_breaker_x19_x20 (211)
    1: none-of-those (212)
  Var 89:
    0: breaker-state-is-open_breaker_x11_x12 (213)
    1: none-of-those (214)
  Var 90:
    0: breaker-state-is-open_breaker_x19_x20 (215)
    1: none-of-those (216)
  Var 91:
    0: line-iso-state-changed_line_x13_x14_obs1410 (217)
    1: none-of-those (218)
  Var 92:
    0: line-iso-state-changed_line_x13_x14_obs1412 (219)
    1: none-of-those (220)
  Var 93:
    0: line-iso-state-changed_line_x13_x14_obs1416 (221)
    1: none-of-those (222)
  Var 94:
    0: line-iso-state-changed_line_x15_x16_obs1407 (223)
    1: none-of-those (224)
  Var 95:
    0: line-iso-state-changed_line_x15_x16_obs1415 (225)
    1: none-of-those (226)
  Var 96:
    0: line-isolated_line_x13_x14 (227)
    1: none-of-those (228)
  Var 97:
    0: line-isolated_line_x15_x16 (229)
    1: none-of-those (230)
  Var 98:
    0: not_line-iso-trip-in-progress_line_x13_x14_obs1410 (231)
    1: none-of-those (232)
  Var 99:
    0: not_line-iso-trip-in-progress_line_x13_x14_obs1412 (233)
    1: none-of-those (234)
  Var 100:
    0: not_line-iso-trip-in-progress_line_x15_x16_obs1407 (235)
    1: none-of-those (236)
  Var 101:
    0: not_line-isolated_line_x13_x14 (237)
    1: none-of-those (238)
  Var 102:
    0: not_line-isolated_line_x15_x16 (239)
    1: none-of-those (240)
