Vars (25):
  Var 0:
    0: at-robot loc-x0-y0 (0)
    1: at-robot loc-x0-y1 (1)
    2: at-robot loc-x0-y2 (2)
    3: at-robot loc-x0-y3 (3)
    4: at-robot loc-x0-y4 (4)
    5: at-robot loc-x1-y0 (5)
    6: at-robot loc-x1-y1 (6)
    7: at-robot loc-x1-y2 (7)
    8: at-robot loc-x1-y3 (8)
    9: at-robot loc-x1-y4 (9)
    10: at-robot loc-x2-y0 (10)
    11: at-robot loc-x2-y1 (11)
    12: at-robot loc-x2-y2 (12)
    13: at-robot loc-x2-y3 (13)
    14: at-robot loc-x2-y4 (14)
    15: at-robot loc-x3-y0 (15)
    16: at-robot loc-x3-y1 (16)
    17: at-robot loc-x3-y2 (17)
    18: at-robot loc-x3-y3 (18)
    19: at-robot loc-x3-y4 (19)
    20: at-robot loc-x4-y0 (20)
    21: at-robot loc-x4-y1 (21)
    22: at-robot loc-x4-y2 (22)
    23: at-robot loc-x4-y3 (23)
    24: at-robot loc-x4-y4 (24)
  Var 1:
    0: visited loc-x0-y0 (25)
    1: none-of-those (26)
  Var 2:
    0: visited loc-x0-y1 (27)
    1: none-of-those (28)
  Var 3:
    0: visited loc-x0-y2 (29)
    1: none-of-those (30)
  Var 4:
    0: visited loc-x0-y3 (31)
    1: none-of-those (32)
  Var 5:
    0: visited loc-x0-y4 (33)
    1: none-of-those (34)
  Var 6:
    0: visited loc-x1-y0 (35)
    1: none-of-those (36)
  Var 7:
    0: visited loc-x1-y1 (37)
    1: none-of-those (38)
  Var 8:
    0: visited loc-x1-y2 (39)
    1: none-of-those (40)
  Var 9:
    0: visited loc-x1-y3 (41)
    1: none-of-those (42)
  Var 10:
    0: visited loc-x1-y4 (43)
    1: none-of-those (44)
  Var 11:
    0: visited loc-x2-y0 (45)
    1: none-of-those (46)
  Var 12:
    0: visited loc-x2-y1 (47)
    1: none-of-those (48)
  Var 13:
    0: visited loc-x2-y3 (49)
    1: none-of-those (50)
  Var 14:
    0: visited loc-x2-y4 (51)
    1: none-of-those (52)
  Var 15:
    0: visited loc-x3-y0 (53)
    1: none-of-those (54)
  Var 16:
    0: visited loc-x3-y1 (55)
    1: none-of-those (56)
  Var 17:
    0: visited loc-x3-y2 (57)
    1: none-of-those (58)
  Var 18:
    0: visited loc-x3-y3 (59)
    1: none-of-those (60)
  Var 19:
    0: visited loc-x3-y4 (61)
    1: none-of-those (62)
  Var 20:
    0: visited loc-x4-y0 (63)
    1: none-of-those (64)
  Var 21:
    0: visited loc-x4-y1 (65)
    1: none-of-those (66)
  Var 22:
    0: visited loc-x4-y2 (67)
    1: none-of-those (68)
  Var 23:
    0: visited loc-x4-y3 (69)
    1: none-of-those (70)
  Var 24:
    0: visited loc-x4-y4 (71)
    1: none-of-those (72)
