Vars (19):
  Var 0:
    0: robot-has robot1 black (0)
    1: robot-has robot1 white (1)
  Var 1:
    0: robot-has robot2 black (2)
    1: robot-has robot2 white (3)
  Var 2:
    0: robot-at robot1 tile_0-1 (4)
    1: robot-at robot1 tile_0-2 (5)
    2: robot-at robot1 tile_0-3 (6)
    3: robot-at robot1 tile_1-1 (7)
    4: robot-at robot1 tile_1-2 (8)
    5: robot-at robot1 tile_1-3 (9)
    6: robot-at robot1 tile_2-1 (10)
    7: robot-at robot1 tile_2-2 (11)
    8: robot-at robot1 tile_2-3 (12)
    9: robot-at robot1 tile_3-1 (13)
    10: robot-at robot1 tile_3-2 (14)
    11: robot-at robot1 tile_3-3 (15)
    12: robot-at robot1 tile_4-1 (16)
    13: robot-at robot1 tile_4-2 (17)
    14: robot-at robot1 tile_4-3 (18)
  Var 3:
    0: robot-at robot2 tile_0-1 (19)
    1: robot-at robot2 tile_0-2 (20)
    2: robot-at robot2 tile_0-3 (21)
    3: robot-at robot2 tile_1-1 (22)
    4: robot-at robot2 tile_1-2 (23)
    5: robot-at robot2 tile_1-3 (24)
    6: robot-at robot2 tile_2-1 (25)
    7: robot-at robot2 tile_2-2 (26)
    8: robot-at robot2 tile_2-3 (27)
    9: robot-at robot2 tile_3-1 (28)
    10: robot-at robot2 tile_3-2 (29)
    11: robot-at robot2 tile_3-3 (30)
    12: robot-at robot2 tile_4-1 (31)
    13: robot-at robot2 tile_4-2 (32)
    14: robot-at robot2 tile_4-3 (33)
  Var 4:
    0: clear tile_0-1 (34)
    1: painted tile_0-1 black (35)
    2: painted tile_0-1 white (36)
    3: none-of-those (37)
  Var 5:
    0: clear tile_0-2 (38)
    1: painted tile_0-2 black (39)
    2: painted tile_0-2 white (40)
    3: none-of-those (41)
  Var 6:
    0: clear tile_0-3 (42)
    1: painted tile_0-3 black (43)
    2: painted tile_0-3 white (44)
    3: none-of-those (45)
  Var 7:
    0: clear tile_1-1 (46)
    1: painted tile_1-1 black (47)
    2: painted tile_1-1 white (48)
    3: none-of-those (49)
  Var 8:
    0: clear tile_1-2 (50)
    1: painted tile_1-2 black (51)
    2: painted tile_1-2 white (52)
    3: none-of-those (53)
  Var 9:
    0: clear tile_1-3 (54)
    1: painted tile_1-3 black (55)
    2: painted tile_1-3 white (56)
    3: none-of-those (57)
  Var 10:
    0: clear tile_2-1 (58)
    1: painted tile_2-1 black (59)
    2: painted tile_2-1 white (60)
    3: none-of-those (61)
  Var 11:
    0: clear tile_2-2 (62)
    1: painted tile_2-2 black (63)
    2: painted tile_2-2 white (64)
    3: none-of-those (65)
  Var 12:
    0: clear tile_2-3 (66)
    1: painted tile_2-3 black (67)
    2: painted tile_2-3 white (68)
    3: none-of-those (69)
  Var 13:
    0: clear tile_3-1 (70)
    1: painted tile_3-1 black (71)
    2: painted tile_3-1 white (72)
    3: none-of-those (73)
  Var 14:
    0: clear tile_3-2 (74)
    1: painted tile_3-2 black (75)
    2: painted tile_3-2 white (76)
    3: none-of-those (77)
  Var 15:
    0: clear tile_3-3 (78)
    1: painted tile_3-3 black (79)
    2: painted tile_3-3 white (80)
    3: none-of-those (81)
  Var 16:
    0: clear tile_4-1 (82)
    1: painted tile_4-1 black (83)
    2: painted tile_4-1 white (84)
    3: none-of-those (85)
  Var 17:
    0: clear tile_4-2 (86)
    1: painted tile_4-2 black (87)
    2: painted tile_4-2 white (88)
    3: none-of-those (89)
  Var 18:
    0: clear tile_4-3 (90)
    1: painted tile_4-3 black (91)
    2: painted tile_4-3 white (92)
    3: none-of-those (93)
