begin_version
3
end_version
begin_metric
1
end_metric
44
begin_variable
var0
-1
4
num-subs l0
num-subs l1
num-subs l2
num-subs l3
end_variable
begin_variable
var1
-1
2
NOT-chosen ap2
chosen ap2
end_variable
begin_variable
var2
-1
2
NOT-chosen cdc25c
chosen cdc25c
end_variable
begin_variable
var3
-1
2
NOT-chosen cdk46p3-cycd
chosen cdk46p3-cycd
end_variable
begin_variable
var4
-1
2
NOT-chosen cdk46p3-cycdp1
chosen cdk46p3-cycdp1
end_variable
begin_variable
var5
-1
2
NOT-chosen cdk7
chosen cdk7
end_variable
begin_variable
var6
-1
2
NOT-chosen chk1
chosen chk1
end_variable
begin_variable
var7
-1
2
NOT-chosen dmp1
chosen dmp1
end_variable
begin_variable
var8
-1
2
NOT-chosen e2f13
chosen e2f13
end_variable
begin_variable
var9
-1
2
NOT-chosen p130-e2f5p1-dp12
chosen p130-e2f5p1-dp12
end_variable
begin_variable
var10
-1
2
NOT-chosen p16
chosen p16
end_variable
begin_variable
var11
-1
2
NOT-chosen p300
chosen p300
end_variable
begin_variable
var12
-1
2
NOT-chosen pcaf
chosen pcaf
end_variable
begin_variable
var13
-1
2
NOT-chosen prb-e2f4p1-dp12
chosen prb-e2f4p1-dp12
end_variable
begin_variable
var14
-1
2
NOT-chosen prbp2
chosen prbp2
end_variable
begin_variable
var15
-1
2
NOT-chosen raf1
chosen raf1
end_variable
begin_variable
var16
-1
2
NOT-chosen sp1
chosen sp1
end_variable
begin_variable
var17
-1
2
available ap2
none-of-those
end_variable
begin_variable
var18
-1
2
available cdc25c
none-of-those
end_variable
begin_variable
var19
-1
2
available cdc25cp2
none-of-those
end_variable
begin_variable
var20
-1
2
available cdk46p3-cycd
none-of-those
end_variable
begin_variable
var21
-1
2
available cdk46p3-cycdp1
none-of-those
end_variable
begin_variable
var22
-1
2
available cdk7
none-of-those
end_variable
begin_variable
var23
-1
2
available chk1
none-of-those
end_variable
begin_variable
var24
-1
2
available dmp1
none-of-those
end_variable
begin_variable
var25
-1
2
available dmp1p1
none-of-those
end_variable
begin_variable
var26
-1
2
available e2f13
none-of-those
end_variable
begin_variable
var27
-1
2
available p130-e2f5p1-dp12
none-of-those
end_variable
begin_variable
var28
-1
2
available p16
none-of-those
end_variable
begin_variable
var29
-1
2
available p16-cdk7
none-of-those
end_variable
begin_variable
var30
-1
2
available p300
none-of-those
end_variable
begin_variable
var31
-1
2
available pcaf
none-of-those
end_variable
begin_variable
var32
-1
2
available pcaf-p300
none-of-those
end_variable
begin_variable
var33
-1
2
available prb-e2f4p1-dp12
none-of-those
end_variable
begin_variable
var34
-1
2
available prbp1p2
none-of-those
end_variable
begin_variable
var35
-1
2
available prbp1p2-ap2
none-of-those
end_variable
begin_variable
var36
-1
2
available prbp2
none-of-those
end_variable
begin_variable
var37
-1
2
available prbp2-ap2
none-of-those
end_variable
begin_variable
var38
-1
2
available raf1
none-of-those
end_variable
begin_variable
var39
-1
2
available raf1-p130-e2f5p1-dp12
none-of-those
end_variable
begin_variable
var40
-1
2
available raf1-prb-e2f4p1-dp12
none-of-those
end_variable
begin_variable
var41
-1
2
available sp1
none-of-those
end_variable
begin_variable
var42
-1
2
available sp1-e2f13
none-of-those
end_variable
begin_variable
var43
-1
2
goal1
none-of-those
end_variable
33
begin_mutex_group
1
1 0
end_mutex_group
begin_mutex_group
1
2 0
end_mutex_group
begin_mutex_group
1
3 0
end_mutex_group
begin_mutex_group
1
4 0
end_mutex_group
begin_mutex_group
1
5 0
end_mutex_group
begin_mutex_group
1
6 0
end_mutex_group
begin_mutex_group
1
7 0
end_mutex_group
begin_mutex_group
1
8 0
end_mutex_group
begin_mutex_group
1
9 0
end_mutex_group
begin_mutex_group
1
10 0
end_mutex_group
begin_mutex_group
1
11 0
end_mutex_group
begin_mutex_group
1
12 0
end_mutex_group
begin_mutex_group
1
13 0
end_mutex_group
begin_mutex_group
1
14 0
end_mutex_group
begin_mutex_group
1
15 0
end_mutex_group
begin_mutex_group
1
16 0
end_mutex_group
begin_mutex_group
2
1 0
1 1
end_mutex_group
begin_mutex_group
2
2 0
2 1
end_mutex_group
begin_mutex_group
2
3 0
3 1
end_mutex_group
begin_mutex_group
2
4 0
4 1
end_mutex_group
begin_mutex_group
2
5 0
5 1
end_mutex_group
begin_mutex_group
2
6 0
6 1
end_mutex_group
begin_mutex_group
2
7 0
7 1
end_mutex_group
begin_mutex_group
2
8 0
8 1
end_mutex_group
begin_mutex_group
2
9 0
9 1
end_mutex_group
begin_mutex_group
2
10 0
10 1
end_mutex_group
begin_mutex_group
2
11 0
11 1
end_mutex_group
begin_mutex_group
2
12 0
12 1
end_mutex_group
begin_mutex_group
2
13 0
13 1
end_mutex_group
begin_mutex_group
2
14 0
14 1
end_mutex_group
begin_mutex_group
2
15 0
15 1
end_mutex_group
begin_mutex_group
2
16 0
16 1
end_mutex_group
begin_mutex_group
4
0 0
0 1
0 2
0 3
end_mutex_group
begin_state
0
0
0
0
0
0
0
0
0
0
0
0
0
0
0
0
0
1
1
1
1
1
1
1
1
1
1
1
1
1
1
1
1
1
1
1
1
1
1
1
1
1
1
1
end_state
begin_goal
1
43 0
end_goal
78
begin_operator
associate p16 cdk7 p16-cdk7
0
3
0 22 0 1
0 28 0 1
0 29 -1 0
1
end_operator
begin_operator
associate pcaf p300 pcaf-p300
0
3
0 30 0 1
0 31 0 1
0 32 -1 0
1
end_operator
begin_operator
associate prbp1p2 ap2 prbp1p2-ap2
0
3
0 17 0 1
0 34 0 1
0 35 -1 0
1
end_operator
begin_operator
associate prbp2 ap2 prbp2-ap2
0
3
0 17 0 1
0 36 0 1
0 37 -1 0
1
end_operator
begin_operator
associate raf1 p130-e2f5p1-dp12 raf1-p130-e2f5p1-dp12
0
3
0 27 0 1
0 38 0 1
0 39 -1 0
1
end_operator
begin_operator
associate raf1 prb-e2f4p1-dp12 raf1-prb-e2f4p1-dp12
0
3
0 33 0 1
0 38 0 1
0 40 -1 0
1
end_operator
begin_operator
associate sp1 e2f13 sp1-e2f13
0
3
0 26 0 1
0 41 0 1
0 42 -1 0
1
end_operator
begin_operator
associate-with-catalyze cdc25c chk1 cdc25cp2
1
23 0
2
0 18 0 1
0 19 -1 0
1
end_operator
begin_operator
associate-with-catalyze dmp1 cdk46p3-cycd dmp1p1
1
20 0
2
0 24 0 1
0 25 -1 0
1
end_operator
begin_operator
associate-with-catalyze dmp1 cdk46p3-cycdp1 dmp1p1
1
21 0
2
0 24 0 1
0 25 -1 0
1
end_operator
begin_operator
associate-with-catalyze prbp2 cdk46p3-cycd prbp1p2
1
20 0
2
0 34 -1 0
0 36 0 1
1
end_operator
begin_operator
associate-with-catalyze prbp2 cdk46p3-cycdp1 prbp1p2
1
21 0
2
0 34 -1 0
0 36 0 1
1
end_operator
begin_operator
choose ap2 l1 l0
0
2
0 0 0 1
0 1 0 1
1
end_operator
begin_operator
choose ap2 l2 l1
0
2
0 0 1 2
0 1 0 1
1
end_operator
begin_operator
choose ap2 l3 l2
0
2
0 0 2 3
0 1 0 1
1
end_operator
begin_operator
choose cdc25c l1 l0
0
2
0 0 0 1
0 2 0 1
1
end_operator
begin_operator
choose cdc25c l2 l1
0
2
0 0 1 2
0 2 0 1
1
end_operator
begin_operator
choose cdc25c l3 l2
0
2
0 0 2 3
0 2 0 1
1
end_operator
begin_operator
choose cdk46p3-cycd l1 l0
0
2
0 0 0 1
0 3 0 1
1
end_operator
begin_operator
choose cdk46p3-cycd l2 l1
0
2
0 0 1 2
0 3 0 1
1
end_operator
begin_operator
choose cdk46p3-cycd l3 l2
0
2
0 0 2 3
0 3 0 1
1
end_operator
begin_operator
choose cdk46p3-cycdp1 l1 l0
0
2
0 0 0 1
0 4 0 1
1
end_operator
begin_operator
choose cdk46p3-cycdp1 l2 l1
0
2
0 0 1 2
0 4 0 1
1
end_operator
begin_operator
choose cdk46p3-cycdp1 l3 l2
0
2
0 0 2 3
0 4 0 1
1
end_operator
begin_operator
choose cdk7 l1 l0
0
2
0 0 0 1
0 5 0 1
1
end_operator
begin_operator
choose cdk7 l2 l1
0
2
0 0 1 2
0 5 0 1
1
end_operator
begin_operator
choose cdk7 l3 l2
0
2
0 0 2 3
0 5 0 1
1
end_operator
begin_operator
choose chk1 l1 l0
0
2
0 0 0 1
0 6 0 1
1
end_operator
begin_operator
choose chk1 l2 l1
0
2
0 0 1 2
0 6 0 1
1
end_operator
begin_operator
choose chk1 l3 l2
0
2
0 0 2 3
0 6 0 1
1
end_operator
begin_operator
choose dmp1 l1 l0
0
2
0 0 0 1
0 7 0 1
1
end_operator
begin_operator
choose dmp1 l2 l1
0
2
0 0 1 2
0 7 0 1
1
end_operator
begin_operator
choose dmp1 l3 l2
0
2
0 0 2 3
0 7 0 1
1
end_operator
begin_operator
choose e2f13 l1 l0
0
2
0 0 0 1
0 8 0 1
1
end_operator
begin_operator
choose e2f13 l2 l1
0
2
0 0 1 2
0 8 0 1
1
end_operator
begin_operator
choose e2f13 l3 l2
0
2
0 0 2 3
0 8 0 1
1
end_operator
begin_operator
choose p130-e2f5p1-dp12 l1 l0
0
2
0 0 0 1
0 9 0 1
1
end_operator
begin_operator
choose p130-e2f5p1-dp12 l2 l1
0
2
0 0 1 2
0 9 0 1
1
end_operator
begin_operator
choose p130-e2f5p1-dp12 l3 l2
0
2
0 0 2 3
0 9 0 1
1
end_operator
begin_operator
choose p16 l1 l0
0
2
0 0 0 1
0 10 0 1
1
end_operator
begin_operator
choose p16 l2 l1
0
2
0 0 1 2
0 10 0 1
1
end_operator
begin_operator
choose p16 l3 l2
0
2
0 0 2 3
0 10 0 1
1
end_operator
begin_operator
choose p300 l1 l0
0
2
0 0 0 1
0 11 0 1
1
end_operator
begin_operator
choose p300 l2 l1
0
2
0 0 1 2
0 11 0 1
1
end_operator
begin_operator
choose p300 l3 l2
0
2
0 0 2 3
0 11 0 1
1
end_operator
begin_operator
choose pcaf l1 l0
0
2
0 0 0 1
0 12 0 1
1
end_operator
begin_operator
choose pcaf l2 l1
0
2
0 0 1 2
0 12 0 1
1
end_operator
begin_operator
choose pcaf l3 l2
0
2
0 0 2 3
0 12 0 1
1
end_operator
begin_operator
choose prb-e2f4p1-dp12 l1 l0
0
2
0 0 0 1
0 13 0 1
1
end_operator
begin_operator
choose prb-e2f4p1-dp12 l2 l1
0
2
0 0 1 2
0 13 0 1
1
end_operator
begin_operator
choose prb-e2f4p1-dp12 l3 l2
0
2
0 0 2 3
0 13 0 1
1
end_operator
begin_operator
choose prbp2 l1 l0
0
2
0 0 0 1
0 14 0 1
1
end_operator
begin_operator
choose prbp2 l2 l1
0
2
0 0 1 2
0 14 0 1
1
end_operator
begin_operator
choose prbp2 l3 l2
0
2
0 0 2 3
0 14 0 1
1
end_operator
begin_operator
choose raf1 l1 l0
0
2
0 0 0 1
0 15 0 1
1
end_operator
begin_operator
choose raf1 l2 l1
0
2
0 0 1 2
0 15 0 1
1
end_operator
begin_operator
choose raf1 l3 l2
0
2
0 0 2 3
0 15 0 1
1
end_operator
begin_operator
choose sp1 l1 l0
0
2
0 0 0 1
0 16 0 1
1
end_operator
begin_operator
choose sp1 l2 l1
0
2
0 0 1 2
0 16 0 1
1
end_operator
begin_operator
choose sp1 l3 l2
0
2
0 0 2 3
0 16 0 1
1
end_operator
begin_operator
dummy-action-1
1
32 0
1
0 43 -1 0
1
end_operator
begin_operator
dummy-action-1
1
35 0
1
0 43 -1 0
1
end_operator
begin_operator
initialize ap2
1
1 1
1
0 17 -1 0
1
end_operator
begin_operator
initialize cdc25c
1
2 1
1
0 18 -1 0
1
end_operator
begin_operator
initialize cdk46p3-cycd
1
3 1
1
0 20 -1 0
1
end_operator
begin_operator
initialize cdk46p3-cycdp1
1
4 1
1
0 21 -1 0
1
end_operator
begin_operator
initialize cdk7
1
5 1
1
0 22 -1 0
1
end_operator
begin_operator
initialize chk1
1
6 1
1
0 23 -1 0
1
end_operator
begin_operator
initialize dmp1
1
7 1
1
0 24 -1 0
1
end_operator
begin_operator
initialize e2f13
1
8 1
1
0 26 -1 0
1
end_operator
begin_operator
initialize p130-e2f5p1-dp12
1
9 1
1
0 27 -1 0
1
end_operator
begin_operator
initialize p16
1
10 1
1
0 28 -1 0
1
end_operator
begin_operator
initialize p300
1
11 1
1
0 30 -1 0
1
end_operator
begin_operator
initialize pcaf
1
12 1
1
0 31 -1 0
1
end_operator
begin_operator
initialize prb-e2f4p1-dp12
1
13 1
1
0 33 -1 0
1
end_operator
begin_operator
initialize prbp2
1
14 1
1
0 36 -1 0
1
end_operator
begin_operator
initialize raf1
1
15 1
1
0 38 -1 0
1
end_operator
begin_operator
initialize sp1
1
16 1
1
0 41 -1 0
1
end_operator
0
