begin_version
3
end_version
begin_metric
1
end_metric
21
begin_variable
var0
-1
11
stacks-avail n0
stacks-avail n1
stacks-avail n10
stacks-avail n2
stacks-avail n3
stacks-avail n4
stacks-avail n5
stacks-avail n6
stacks-avail n7
stacks-avail n8
stacks-avail n9
end_variable
begin_variable
var1
-1
3
shipped o1
started o1
waiting o1
end_variable
begin_variable
var2
-1
3
shipped o10
started o10
waiting o10
end_variable
begin_variable
var3
-1
3
shipped o2
started o2
waiting o2
end_variable
begin_variable
var4
-1
3
shipped o3
started o3
waiting o3
end_variable
begin_variable
var5
-1
3
shipped o4
started o4
waiting o4
end_variable
begin_variable
var6
-1
3
shipped o5
started o5
waiting o5
end_variable
begin_variable
var7
-1
3
shipped o6
started o6
waiting o6
end_variable
begin_variable
var8
-1
3
shipped o7
started o7
waiting o7
end_variable
begin_variable
var9
-1
3
shipped o8
started o8
waiting o8
end_variable
begin_variable
var10
-1
3
shipped o9
started o9
waiting o9
end_variable
begin_variable
var11
-1
2
made p1
not-made p1
end_variable
begin_variable
var12
-1
2
made p10
not-made p10
end_variable
begin_variable
var13
-1
2
made p2
not-made p2
end_variable
begin_variable
var14
-1
2
made p3
not-made p3
end_variable
begin_variable
var15
-1
2
made p4
not-made p4
end_variable
begin_variable
var16
-1
2
made p5
not-made p5
end_variable
begin_variable
var17
-1
2
made p6
not-made p6
end_variable
begin_variable
var18
-1
2
made p7
not-made p7
end_variable
begin_variable
var19
-1
2
made p8
not-made p8
end_variable
begin_variable
var20
-1
2
made p9
not-made p9
end_variable
51
begin_mutex_group
1
11 1
end_mutex_group
begin_mutex_group
1
12 1
end_mutex_group
begin_mutex_group
1
13 1
end_mutex_group
begin_mutex_group
1
14 1
end_mutex_group
begin_mutex_group
1
15 1
end_mutex_group
begin_mutex_group
1
16 1
end_mutex_group
begin_mutex_group
1
17 1
end_mutex_group
begin_mutex_group
1
18 1
end_mutex_group
begin_mutex_group
1
19 1
end_mutex_group
begin_mutex_group
1
20 1
end_mutex_group
begin_mutex_group
1
1 2
end_mutex_group
begin_mutex_group
1
2 2
end_mutex_group
begin_mutex_group
1
3 2
end_mutex_group
begin_mutex_group
1
4 2
end_mutex_group
begin_mutex_group
1
5 2
end_mutex_group
begin_mutex_group
1
6 2
end_mutex_group
begin_mutex_group
1
7 2
end_mutex_group
begin_mutex_group
1
8 2
end_mutex_group
begin_mutex_group
1
9 2
end_mutex_group
begin_mutex_group
1
10 2
end_mutex_group
begin_mutex_group
2
11 0
11 1
end_mutex_group
begin_mutex_group
2
12 0
12 1
end_mutex_group
begin_mutex_group
2
13 0
13 1
end_mutex_group
begin_mutex_group
2
14 0
14 1
end_mutex_group
begin_mutex_group
2
15 0
15 1
end_mutex_group
begin_mutex_group
2
16 0
16 1
end_mutex_group
begin_mutex_group
2
17 0
17 1
end_mutex_group
begin_mutex_group
2
18 0
18 1
end_mutex_group
begin_mutex_group
2
19 0
19 1
end_mutex_group
begin_mutex_group
2
20 0
20 1
end_mutex_group
begin_mutex_group
2
1 1
1 2
end_mutex_group
begin_mutex_group
2
2 1
2 2
end_mutex_group
begin_mutex_group
2
3 1
3 2
end_mutex_group
begin_mutex_group
2
4 1
4 2
end_mutex_group
begin_mutex_group
2
5 1
5 2
end_mutex_group
begin_mutex_group
2
6 1
6 2
end_mutex_group
begin_mutex_group
2
7 1
7 2
end_mutex_group
begin_mutex_group
2
8 1
8 2
end_mutex_group
begin_mutex_group
2
9 1
9 2
end_mutex_group
begin_mutex_group
2
10 1
10 2
end_mutex_group
begin_mutex_group
3
1 0
1 1
1 2
end_mutex_group
begin_mutex_group
3
2 0
2 1
2 2
end_mutex_group
begin_mutex_group
3
3 0
3 1
3 2
end_mutex_group
begin_mutex_group
3
4 0
4 1
4 2
end_mutex_group
begin_mutex_group
3
5 0
5 1
5 2
end_mutex_group
begin_mutex_group
3
6 0
6 1
6 2
end_mutex_group
begin_mutex_group
3
7 0
7 1
7 2
end_mutex_group
begin_mutex_group
3
8 0
8 1
8 2
end_mutex_group
begin_mutex_group
3
9 0
9 1
9 2
end_mutex_group
begin_mutex_group
3
10 0
10 1
10 2
end_mutex_group
begin_mutex_group
11
0 0
0 1
0 2
0 3
0 4
0 5
0 6
0 7
0 8
0 9
0 10
end_mutex_group
begin_state
0
2
2
2
2
2
2
2
2
2
2
1
1
1
1
1
1
1
1
1
1
end_state
begin_goal
10
1 0
2 0
3 0
4 0
5 0
6 0
7 0
8 0
9 0
10 0
end_goal
220
begin_operator
make-product-p1
2
4 1
10 1
1
0 11 1 0
0
end_operator
begin_operator
make-product-p10
2
1 1
3 1
1
0 12 1 0
0
end_operator
begin_operator
make-product-p2
1
3 1
1
0 13 1 0
0
end_operator
begin_operator
make-product-p3
2
6 1
9 1
1
0 14 1 0
0
end_operator
begin_operator
make-product-p4
1
5 1
1
0 15 1 0
0
end_operator
begin_operator
make-product-p5
2
7 1
8 1
1
0 16 1 0
0
end_operator
begin_operator
make-product-p6
1
1 1
1
0 17 1 0
0
end_operator
begin_operator
make-product-p7
1
4 1
1
0 18 1 0
0
end_operator
begin_operator
make-product-p8
1
4 1
1
0 19 1 0
0
end_operator
begin_operator
make-product-p9
2
1 1
2 1
1
0 20 1 0
0
end_operator
begin_operator
open-new-stack n0 n1
0
1
0 0 0 1
1
end_operator
begin_operator
open-new-stack n1 n2
0
1
0 0 1 3
1
end_operator
begin_operator
open-new-stack n2 n3
0
1
0 0 3 4
1
end_operator
begin_operator
open-new-stack n3 n4
0
1
0 0 4 5
1
end_operator
begin_operator
open-new-stack n4 n5
0
1
0 0 5 6
1
end_operator
begin_operator
open-new-stack n5 n6
0
1
0 0 6 7
1
end_operator
begin_operator
open-new-stack n6 n7
0
1
0 0 7 8
1
end_operator
begin_operator
open-new-stack n7 n8
0
1
0 0 8 9
1
end_operator
begin_operator
open-new-stack n8 n9
0
1
0 0 9 10
1
end_operator
begin_operator
open-new-stack n9 n10
0
1
0 0 10 2
1
end_operator
begin_operator
ship-order-o1 n0 n1
3
12 0
17 0
20 0
2
0 0 0 1
0 1 1 0
0
end_operator
begin_operator
ship-order-o1 n1 n2
3
12 0
17 0
20 0
2
0 0 1 3
0 1 1 0
0
end_operator
begin_operator
ship-order-o1 n2 n3
3
12 0
17 0
20 0
2
0 0 3 4
0 1 1 0
0
end_operator
begin_operator
ship-order-o1 n3 n4
3
12 0
17 0
20 0
2
0 0 4 5
0 1 1 0
0
end_operator
begin_operator
ship-order-o1 n4 n5
3
12 0
17 0
20 0
2
0 0 5 6
0 1 1 0
0
end_operator
begin_operator
ship-order-o1 n5 n6
3
12 0
17 0
20 0
2
0 0 6 7
0 1 1 0
0
end_operator
begin_operator
ship-order-o1 n6 n7
3
12 0
17 0
20 0
2
0 0 7 8
0 1 1 0
0
end_operator
begin_operator
ship-order-o1 n7 n8
3
12 0
17 0
20 0
2
0 0 8 9
0 1 1 0
0
end_operator
begin_operator
ship-order-o1 n8 n9
3
12 0
17 0
20 0
2
0 0 9 10
0 1 1 0
0
end_operator
begin_operator
ship-order-o1 n9 n10
3
12 0
17 0
20 0
2
0 0 10 2
0 1 1 0
0
end_operator
begin_operator
ship-order-o10 n0 n1
1
20 0
2
0 0 0 1
0 2 1 0
0
end_operator
begin_operator
ship-order-o10 n1 n2
1
20 0
2
0 0 1 3
0 2 1 0
0
end_operator
begin_operator
ship-order-o10 n2 n3
1
20 0
2
0 0 3 4
0 2 1 0
0
end_operator
begin_operator
ship-order-o10 n3 n4
1
20 0
2
0 0 4 5
0 2 1 0
0
end_operator
begin_operator
ship-order-o10 n4 n5
1
20 0
2
0 0 5 6
0 2 1 0
0
end_operator
begin_operator
ship-order-o10 n5 n6
1
20 0
2
0 0 6 7
0 2 1 0
0
end_operator
begin_operator
ship-order-o10 n6 n7
1
20 0
2
0 0 7 8
0 2 1 0
0
end_operator
begin_operator
ship-order-o10 n7 n8
1
20 0
2
0 0 8 9
0 2 1 0
0
end_operator
begin_operator
ship-order-o10 n8 n9
1
20 0
2
0 0 9 10
0 2 1 0
0
end_operator
begin_operator
ship-order-o10 n9 n10
1
20 0
2
0 0 10 2
0 2 1 0
0
end_operator
begin_operator
ship-order-o2 n0 n1
2
12 0
13 0
2
0 0 0 1
0 3 1 0
0
end_operator
begin_operator
ship-order-o2 n1 n2
2
12 0
13 0
2
0 0 1 3
0 3 1 0
0
end_operator
begin_operator
ship-order-o2 n2 n3
2
12 0
13 0
2
0 0 3 4
0 3 1 0
0
end_operator
begin_operator
ship-order-o2 n3 n4
2
12 0
13 0
2
0 0 4 5
0 3 1 0
0
end_operator
begin_operator
ship-order-o2 n4 n5
2
12 0
13 0
2
0 0 5 6
0 3 1 0
0
end_operator
begin_operator
ship-order-o2 n5 n6
2
12 0
13 0
2
0 0 6 7
0 3 1 0
0
end_operator
begin_operator
ship-order-o2 n6 n7
2
12 0
13 0
2
0 0 7 8
0 3 1 0
0
end_operator
begin_operator
ship-order-o2 n7 n8
2
12 0
13 0
2
0 0 8 9
0 3 1 0
0
end_operator
begin_operator
ship-order-o2 n8 n9
2
12 0
13 0
2
0 0 9 10
0 3 1 0
0
end_operator
begin_operator
ship-order-o2 n9 n10
2
12 0
13 0
2
0 0 10 2
0 3 1 0
0
end_operator
begin_operator
ship-order-o3 n0 n1
3
11 0
18 0
19 0
2
0 0 0 1
0 4 1 0
0
end_operator
begin_operator
ship-order-o3 n1 n2
3
11 0
18 0
19 0
2
0 0 1 3
0 4 1 0
0
end_operator
begin_operator
ship-order-o3 n2 n3
3
11 0
18 0
19 0
2
0 0 3 4
0 4 1 0
0
end_operator
begin_operator
ship-order-o3 n3 n4
3
11 0
18 0
19 0
2
0 0 4 5
0 4 1 0
0
end_operator
begin_operator
ship-order-o3 n4 n5
3
11 0
18 0
19 0
2
0 0 5 6
0 4 1 0
0
end_operator
begin_operator
ship-order-o3 n5 n6
3
11 0
18 0
19 0
2
0 0 6 7
0 4 1 0
0
end_operator
begin_operator
ship-order-o3 n6 n7
3
11 0
18 0
19 0
2
0 0 7 8
0 4 1 0
0
end_operator
begin_operator
ship-order-o3 n7 n8
3
11 0
18 0
19 0
2
0 0 8 9
0 4 1 0
0
end_operator
begin_operator
ship-order-o3 n8 n9
3
11 0
18 0
19 0
2
0 0 9 10
0 4 1 0
0
end_operator
begin_operator
ship-order-o3 n9 n10
3
11 0
18 0
19 0
2
0 0 10 2
0 4 1 0
0
end_operator
begin_operator
ship-order-o4 n0 n1
1
15 0
2
0 0 0 1
0 5 1 0
0
end_operator
begin_operator
ship-order-o4 n1 n2
1
15 0
2
0 0 1 3
0 5 1 0
0
end_operator
begin_operator
ship-order-o4 n2 n3
1
15 0
2
0 0 3 4
0 5 1 0
0
end_operator
begin_operator
ship-order-o4 n3 n4
1
15 0
2
0 0 4 5
0 5 1 0
0
end_operator
begin_operator
ship-order-o4 n4 n5
1
15 0
2
0 0 5 6
0 5 1 0
0
end_operator
begin_operator
ship-order-o4 n5 n6
1
15 0
2
0 0 6 7
0 5 1 0
0
end_operator
begin_operator
ship-order-o4 n6 n7
1
15 0
2
0 0 7 8
0 5 1 0
0
end_operator
begin_operator
ship-order-o4 n7 n8
1
15 0
2
0 0 8 9
0 5 1 0
0
end_operator
begin_operator
ship-order-o4 n8 n9
1
15 0
2
0 0 9 10
0 5 1 0
0
end_operator
begin_operator
ship-order-o4 n9 n10
1
15 0
2
0 0 10 2
0 5 1 0
0
end_operator
begin_operator
ship-order-o5 n0 n1
1
14 0
2
0 0 0 1
0 6 1 0
0
end_operator
begin_operator
ship-order-o5 n1 n2
1
14 0
2
0 0 1 3
0 6 1 0
0
end_operator
begin_operator
ship-order-o5 n2 n3
1
14 0
2
0 0 3 4
0 6 1 0
0
end_operator
begin_operator
ship-order-o5 n3 n4
1
14 0
2
0 0 4 5
0 6 1 0
0
end_operator
begin_operator
ship-order-o5 n4 n5
1
14 0
2
0 0 5 6
0 6 1 0
0
end_operator
begin_operator
ship-order-o5 n5 n6
1
14 0
2
0 0 6 7
0 6 1 0
0
end_operator
begin_operator
ship-order-o5 n6 n7
1
14 0
2
0 0 7 8
0 6 1 0
0
end_operator
begin_operator
ship-order-o5 n7 n8
1
14 0
2
0 0 8 9
0 6 1 0
0
end_operator
begin_operator
ship-order-o5 n8 n9
1
14 0
2
0 0 9 10
0 6 1 0
0
end_operator
begin_operator
ship-order-o5 n9 n10
1
14 0
2
0 0 10 2
0 6 1 0
0
end_operator
begin_operator
ship-order-o6 n0 n1
1
16 0
2
0 0 0 1
0 7 1 0
0
end_operator
begin_operator
ship-order-o6 n1 n2
1
16 0
2
0 0 1 3
0 7 1 0
0
end_operator
begin_operator
ship-order-o6 n2 n3
1
16 0
2
0 0 3 4
0 7 1 0
0
end_operator
begin_operator
ship-order-o6 n3 n4
1
16 0
2
0 0 4 5
0 7 1 0
0
end_operator
begin_operator
ship-order-o6 n4 n5
1
16 0
2
0 0 5 6
0 7 1 0
0
end_operator
begin_operator
ship-order-o6 n5 n6
1
16 0
2
0 0 6 7
0 7 1 0
0
end_operator
begin_operator
ship-order-o6 n6 n7
1
16 0
2
0 0 7 8
0 7 1 0
0
end_operator
begin_operator
ship-order-o6 n7 n8
1
16 0
2
0 0 8 9
0 7 1 0
0
end_operator
begin_operator
ship-order-o6 n8 n9
1
16 0
2
0 0 9 10
0 7 1 0
0
end_operator
begin_operator
ship-order-o6 n9 n10
1
16 0
2
0 0 10 2
0 7 1 0
0
end_operator
begin_operator
ship-order-o7 n0 n1
1
16 0
2
0 0 0 1
0 8 1 0
0
end_operator
begin_operator
ship-order-o7 n1 n2
1
16 0
2
0 0 1 3
0 8 1 0
0
end_operator
begin_operator
ship-order-o7 n2 n3
1
16 0
2
0 0 3 4
0 8 1 0
0
end_operator
begin_operator
ship-order-o7 n3 n4
1
16 0
2
0 0 4 5
0 8 1 0
0
end_operator
begin_operator
ship-order-o7 n4 n5
1
16 0
2
0 0 5 6
0 8 1 0
0
end_operator
begin_operator
ship-order-o7 n5 n6
1
16 0
2
0 0 6 7
0 8 1 0
0
end_operator
begin_operator
ship-order-o7 n6 n7
1
16 0
2
0 0 7 8
0 8 1 0
0
end_operator
begin_operator
ship-order-o7 n7 n8
1
16 0
2
0 0 8 9
0 8 1 0
0
end_operator
begin_operator
ship-order-o7 n8 n9
1
16 0
2
0 0 9 10
0 8 1 0
0
end_operator
begin_operator
ship-order-o7 n9 n10
1
16 0
2
0 0 10 2
0 8 1 0
0
end_operator
begin_operator
ship-order-o8 n0 n1
1
14 0
2
0 0 0 1
0 9 1 0
0
end_operator
begin_operator
ship-order-o8 n1 n2
1
14 0
2
0 0 1 3
0 9 1 0
0
end_operator
begin_operator
ship-order-o8 n2 n3
1
14 0
2
0 0 3 4
0 9 1 0
0
end_operator
begin_operator
ship-order-o8 n3 n4
1
14 0
2
0 0 4 5
0 9 1 0
0
end_operator
begin_operator
ship-order-o8 n4 n5
1
14 0
2
0 0 5 6
0 9 1 0
0
end_operator
begin_operator
ship-order-o8 n5 n6
1
14 0
2
0 0 6 7
0 9 1 0
0
end_operator
begin_operator
ship-order-o8 n6 n7
1
14 0
2
0 0 7 8
0 9 1 0
0
end_operator
begin_operator
ship-order-o8 n7 n8
1
14 0
2
0 0 8 9
0 9 1 0
0
end_operator
begin_operator
ship-order-o8 n8 n9
1
14 0
2
0 0 9 10
0 9 1 0
0
end_operator
begin_operator
ship-order-o8 n9 n10
1
14 0
2
0 0 10 2
0 9 1 0
0
end_operator
begin_operator
ship-order-o9 n0 n1
1
11 0
2
0 0 0 1
0 10 1 0
0
end_operator
begin_operator
ship-order-o9 n1 n2
1
11 0
2
0 0 1 3
0 10 1 0
0
end_operator
begin_operator
ship-order-o9 n2 n3
1
11 0
2
0 0 3 4
0 10 1 0
0
end_operator
begin_operator
ship-order-o9 n3 n4
1
11 0
2
0 0 4 5
0 10 1 0
0
end_operator
begin_operator
ship-order-o9 n4 n5
1
11 0
2
0 0 5 6
0 10 1 0
0
end_operator
begin_operator
ship-order-o9 n5 n6
1
11 0
2
0 0 6 7
0 10 1 0
0
end_operator
begin_operator
ship-order-o9 n6 n7
1
11 0
2
0 0 7 8
0 10 1 0
0
end_operator
begin_operator
ship-order-o9 n7 n8
1
11 0
2
0 0 8 9
0 10 1 0
0
end_operator
begin_operator
ship-order-o9 n8 n9
1
11 0
2
0 0 9 10
0 10 1 0
0
end_operator
begin_operator
ship-order-o9 n9 n10
1
11 0
2
0 0 10 2
0 10 1 0
0
end_operator
begin_operator
start-order o1 n1 n0
0
2
0 0 1 0
0 1 2 1
0
end_operator
begin_operator
start-order o1 n10 n9
0
2
0 0 2 10
0 1 2 1
0
end_operator
begin_operator
start-order o1 n2 n1
0
2
0 0 3 1
0 1 2 1
0
end_operator
begin_operator
start-order o1 n3 n2
0
2
0 0 4 3
0 1 2 1
0
end_operator
begin_operator
start-order o1 n4 n3
0
2
0 0 5 4
0 1 2 1
0
end_operator
begin_operator
start-order o1 n5 n4
0
2
0 0 6 5
0 1 2 1
0
end_operator
begin_operator
start-order o1 n6 n5
0
2
0 0 7 6
0 1 2 1
0
end_operator
begin_operator
start-order o1 n7 n6
0
2
0 0 8 7
0 1 2 1
0
end_operator
begin_operator
start-order o1 n8 n7
0
2
0 0 9 8
0 1 2 1
0
end_operator
begin_operator
start-order o1 n9 n8
0
2
0 0 10 9
0 1 2 1
0
end_operator
begin_operator
start-order o10 n1 n0
0
2
0 0 1 0
0 2 2 1
0
end_operator
begin_operator
start-order o10 n10 n9
0
2
0 0 2 10
0 2 2 1
0
end_operator
begin_operator
start-order o10 n2 n1
0
2
0 0 3 1
0 2 2 1
0
end_operator
begin_operator
start-order o10 n3 n2
0
2
0 0 4 3
0 2 2 1
0
end_operator
begin_operator
start-order o10 n4 n3
0
2
0 0 5 4
0 2 2 1
0
end_operator
begin_operator
start-order o10 n5 n4
0
2
0 0 6 5
0 2 2 1
0
end_operator
begin_operator
start-order o10 n6 n5
0
2
0 0 7 6
0 2 2 1
0
end_operator
begin_operator
start-order o10 n7 n6
0
2
0 0 8 7
0 2 2 1
0
end_operator
begin_operator
start-order o10 n8 n7
0
2
0 0 9 8
0 2 2 1
0
end_operator
begin_operator
start-order o10 n9 n8
0
2
0 0 10 9
0 2 2 1
0
end_operator
begin_operator
start-order o2 n1 n0
0
2
0 0 1 0
0 3 2 1
0
end_operator
begin_operator
start-order o2 n10 n9
0
2
0 0 2 10
0 3 2 1
0
end_operator
begin_operator
start-order o2 n2 n1
0
2
0 0 3 1
0 3 2 1
0
end_operator
begin_operator
start-order o2 n3 n2
0
2
0 0 4 3
0 3 2 1
0
end_operator
begin_operator
start-order o2 n4 n3
0
2
0 0 5 4
0 3 2 1
0
end_operator
begin_operator
start-order o2 n5 n4
0
2
0 0 6 5
0 3 2 1
0
end_operator
begin_operator
start-order o2 n6 n5
0
2
0 0 7 6
0 3 2 1
0
end_operator
begin_operator
start-order o2 n7 n6
0
2
0 0 8 7
0 3 2 1
0
end_operator
begin_operator
start-order o2 n8 n7
0
2
0 0 9 8
0 3 2 1
0
end_operator
begin_operator
start-order o2 n9 n8
0
2
0 0 10 9
0 3 2 1
0
end_operator
begin_operator
start-order o3 n1 n0
0
2
0 0 1 0
0 4 2 1
0
end_operator
begin_operator
start-order o3 n10 n9
0
2
0 0 2 10
0 4 2 1
0
end_operator
begin_operator
start-order o3 n2 n1
0
2
0 0 3 1
0 4 2 1
0
end_operator
begin_operator
start-order o3 n3 n2
0
2
0 0 4 3
0 4 2 1
0
end_operator
begin_operator
start-order o3 n4 n3
0
2
0 0 5 4
0 4 2 1
0
end_operator
begin_operator
start-order o3 n5 n4
0
2
0 0 6 5
0 4 2 1
0
end_operator
begin_operator
start-order o3 n6 n5
0
2
0 0 7 6
0 4 2 1
0
end_operator
begin_operator
start-order o3 n7 n6
0
2
0 0 8 7
0 4 2 1
0
end_operator
begin_operator
start-order o3 n8 n7
0
2
0 0 9 8
0 4 2 1
0
end_operator
begin_operator
start-order o3 n9 n8
0
2
0 0 10 9
0 4 2 1
0
end_operator
begin_operator
start-order o4 n1 n0
0
2
0 0 1 0
0 5 2 1
0
end_operator
begin_operator
start-order o4 n10 n9
0
2
0 0 2 10
0 5 2 1
0
end_operator
begin_operator
start-order o4 n2 n1
0
2
0 0 3 1
0 5 2 1
0
end_operator
begin_operator
start-order o4 n3 n2
0
2
0 0 4 3
0 5 2 1
0
end_operator
begin_operator
start-order o4 n4 n3
0
2
0 0 5 4
0 5 2 1
0
end_operator
begin_operator
start-order o4 n5 n4
0
2
0 0 6 5
0 5 2 1
0
end_operator
begin_operator
start-order o4 n6 n5
0
2
0 0 7 6
0 5 2 1
0
end_operator
begin_operator
start-order o4 n7 n6
0
2
0 0 8 7
0 5 2 1
0
end_operator
begin_operator
start-order o4 n8 n7
0
2
0 0 9 8
0 5 2 1
0
end_operator
begin_operator
start-order o4 n9 n8
0
2
0 0 10 9
0 5 2 1
0
end_operator
begin_operator
start-order o5 n1 n0
0
2
0 0 1 0
0 6 2 1
0
end_operator
begin_operator
start-order o5 n10 n9
0
2
0 0 2 10
0 6 2 1
0
end_operator
begin_operator
start-order o5 n2 n1
0
2
0 0 3 1
0 6 2 1
0
end_operator
begin_operator
start-order o5 n3 n2
0
2
0 0 4 3
0 6 2 1
0
end_operator
begin_operator
start-order o5 n4 n3
0
2
0 0 5 4
0 6 2 1
0
end_operator
begin_operator
start-order o5 n5 n4
0
2
0 0 6 5
0 6 2 1
0
end_operator
begin_operator
start-order o5 n6 n5
0
2
0 0 7 6
0 6 2 1
0
end_operator
begin_operator
start-order o5 n7 n6
0
2
0 0 8 7
0 6 2 1
0
end_operator
begin_operator
start-order o5 n8 n7
0
2
0 0 9 8
0 6 2 1
0
end_operator
begin_operator
start-order o5 n9 n8
0
2
0 0 10 9
0 6 2 1
0
end_operator
begin_operator
start-order o6 n1 n0
0
2
0 0 1 0
0 7 2 1
0
end_operator
begin_operator
start-order o6 n10 n9
0
2
0 0 2 10
0 7 2 1
0
end_operator
begin_operator
start-order o6 n2 n1
0
2
0 0 3 1
0 7 2 1
0
end_operator
begin_operator
start-order o6 n3 n2
0
2
0 0 4 3
0 7 2 1
0
end_operator
begin_operator
start-order o6 n4 n3
0
2
0 0 5 4
0 7 2 1
0
end_operator
begin_operator
start-order o6 n5 n4
0
2
0 0 6 5
0 7 2 1
0
end_operator
begin_operator
start-order o6 n6 n5
0
2
0 0 7 6
0 7 2 1
0
end_operator
begin_operator
start-order o6 n7 n6
0
2
0 0 8 7
0 7 2 1
0
end_operator
begin_operator
start-order o6 n8 n7
0
2
0 0 9 8
0 7 2 1
0
end_operator
begin_operator
start-order o6 n9 n8
0
2
0 0 10 9
0 7 2 1
0
end_operator
begin_operator
start-order o7 n1 n0
0
2
0 0 1 0
0 8 2 1
0
end_operator
begin_operator
start-order o7 n10 n9
0
2
0 0 2 10
0 8 2 1
0
end_operator
begin_operator
start-order o7 n2 n1
0
2
0 0 3 1
0 8 2 1
0
end_operator
begin_operator
start-order o7 n3 n2
0
2
0 0 4 3
0 8 2 1
0
end_operator
begin_operator
start-order o7 n4 n3
0
2
0 0 5 4
0 8 2 1
0
end_operator
begin_operator
start-order o7 n5 n4
0
2
0 0 6 5
0 8 2 1
0
end_operator
begin_operator
start-order o7 n6 n5
0
2
0 0 7 6
0 8 2 1
0
end_operator
begin_operator
start-order o7 n7 n6
0
2
0 0 8 7
0 8 2 1
0
end_operator
begin_operator
start-order o7 n8 n7
0
2
0 0 9 8
0 8 2 1
0
end_operator
begin_operator
start-order o7 n9 n8
0
2
0 0 10 9
0 8 2 1
0
end_operator
begin_operator
start-order o8 n1 n0
0
2
0 0 1 0
0 9 2 1
0
end_operator
begin_operator
start-order o8 n10 n9
0
2
0 0 2 10
0 9 2 1
0
end_operator
begin_operator
start-order o8 n2 n1
0
2
0 0 3 1
0 9 2 1
0
end_operator
begin_operator
start-order o8 n3 n2
0
2
0 0 4 3
0 9 2 1
0
end_operator
begin_operator
start-order o8 n4 n3
0
2
0 0 5 4
0 9 2 1
0
end_operator
begin_operator
start-order o8 n5 n4
0
2
0 0 6 5
0 9 2 1
0
end_operator
begin_operator
start-order o8 n6 n5
0
2
0 0 7 6
0 9 2 1
0
end_operator
begin_operator
start-order o8 n7 n6
0
2
0 0 8 7
0 9 2 1
0
end_operator
begin_operator
start-order o8 n8 n7
0
2
0 0 9 8
0 9 2 1
0
end_operator
begin_operator
start-order o8 n9 n8
0
2
0 0 10 9
0 9 2 1
0
end_operator
begin_operator
start-order o9 n1 n0
0
2
0 0 1 0
0 10 2 1
0
end_operator
begin_operator
start-order o9 n10 n9
0
2
0 0 2 10
0 10 2 1
0
end_operator
begin_operator
start-order o9 n2 n1
0
2
0 0 3 1
0 10 2 1
0
end_operator
begin_operator
start-order o9 n3 n2
0
2
0 0 4 3
0 10 2 1
0
end_operator
begin_operator
start-order o9 n4 n3
0
2
0 0 5 4
0 10 2 1
0
end_operator
begin_operator
start-order o9 n5 n4
0
2
0 0 6 5
0 10 2 1
0
end_operator
begin_operator
start-order o9 n6 n5
0
2
0 0 7 6
0 10 2 1
0
end_operator
begin_operator
start-order o9 n7 n6
0
2
0 0 8 7
0 10 2 1
0
end_operator
begin_operator
start-order o9 n8 n7
0
2
0 0 9 8
0 10 2 1
0
end_operator
begin_operator
start-order o9 n9 n8
0
2
0 0 10 9
0 10 2 1
0
end_operator
0
