Vars (12):
  Var 0:
    0: money level0 (0)
    1: money level1 (1)
    2: money level10 (2)
    3: money level11 (3)
    4: money level12 (4)
    5: money level13 (5)
    6: money level14 (6)
    7: money level15 (7)
    8: money level16 (8)
    9: money level17 (9)
    10: money level18 (10)
    11: money level19 (11)
    12: money level2 (12)
    13: money level20 (13)
    14: money level21 (14)
    15: money level22 (15)
    16: money level23 (16)
    17: money level24 (17)
    18: money level25 (18)
    19: money level26 (19)
    20: money level27 (20)
    21: money level28 (21)
    22: money level29 (22)
    23: money level3 (23)
    24: money level31 (24)
    25: money level33 (25)
    26: money level4 (26)
    27: money level5 (27)
    28: money level6 (28)
    29: money level7 (29)
    30: money level8 (30)
    31: money level9 (31)
  Var 1:
    0: at truck0 depot0 (32)
    1: at truck0 market1 (33)
    2: at truck0 market2 (34)
    3: at truck0 market3 (35)
    4: at truck0 market4 (36)
    5: at truck0 market5 (37)
    6: at truck0 market6 (38)
  Var 2:
    0: available goods1 market1 (39)
    1: loaded goods1 truck0 (40)
    2: on-sale goods1 market1 (41)
    3: stored goods1 (42)
  Var 3:
    0: available goods0 market4 (43)
    1: on-sale goods0 market4 (44)
    2: none-of-those (45)
  Var 4:
    0: available goods0 market5 (46)
    1: on-sale goods0 market5 (47)
    2: none-of-those (48)
  Var 5:
    0: available goods0 market6 (49)
    1: on-sale goods0 market6 (50)
    2: none-of-those (51)
  Var 6:
    0: available goods2 market3 (52)
    1: on-sale goods2 market3 (53)
    2: none-of-those (54)
  Var 7:
    0: available goods2 market6 (55)
    1: on-sale goods2 market6 (56)
    2: none-of-those (57)
  Var 8:
    0: loaded goods0 truck0 (58)
    1: none-of-those (59)
  Var 9:
    0: loaded goods2 truck0 (60)
    1: none-of-those (61)
  Var 10:
    0: stored goods0 (62)
    1: none-of-those (63)
  Var 11:
    0: stored goods2 (64)
    1: none-of-those (65)
