Vars (56):
  Var 0:
    0: at-curb-num car_00 curb_00 (0)
    1: at-curb-num car_01 curb_00 (1)
    2: at-curb-num car_02 curb_00 (2)
    3: at-curb-num car_03 curb_00 (3)
    4: at-curb-num car_04 curb_00 (4)
    5: at-curb-num car_05 curb_00 (5)
    6: at-curb-num car_06 curb_00 (6)
    7: at-curb-num car_07 curb_00 (7)
    8: at-curb-num car_08 curb_00 (8)
    9: at-curb-num car_09 curb_00 (9)
    10: at-curb-num car_10 curb_00 (10)
    11: at-curb-num car_11 curb_00 (11)
    12: at-curb-num car_12 curb_00 (12)
    13: at-curb-num car_13 curb_00 (13)
    14: at-curb-num car_14 curb_00 (14)
    15: at-curb-num car_15 curb_00 (15)
    16: at-curb-num car_16 curb_00 (16)
    17: at-curb-num car_17 curb_00 (17)
    18: at-curb-num car_18 curb_00 (18)
    19: at-curb-num car_19 curb_00 (19)
    20: at-curb-num car_20 curb_00 (20)
    21: at-curb-num car_21 curb_00 (21)
    22: curb-clear curb_00 (22)
  Var 1:
    0: at-curb-num car_00 curb_01 (23)
    1: at-curb-num car_01 curb_01 (24)
    2: at-curb-num car_02 curb_01 (25)
    3: at-curb-num car_03 curb_01 (26)
    4: at-curb-num car_04 curb_01 (27)
    5: at-curb-num car_05 curb_01 (28)
    6: at-curb-num car_06 curb_01 (29)
    7: at-curb-num car_07 curb_01 (30)
    8: at-curb-num car_08 curb_01 (31)
    9: at-curb-num car_09 curb_01 (32)
    10: at-curb-num car_10 curb_01 (33)
    11: at-curb-num car_11 curb_01 (34)
    12: at-curb-num car_12 curb_01 (35)
    13: at-curb-num car_13 curb_01 (36)
    14: at-curb-num car_14 curb_01 (37)
    15: at-curb-num car_15 curb_01 (38)
    16: at-curb-num car_16 curb_01 (39)
    17: at-curb-num car_17 curb_01 (40)
    18: at-curb-num car_18 curb_01 (41)
    19: at-curb-num car_19 curb_01 (42)
    20: at-curb-num car_20 curb_01 (43)
    21: at-curb-num car_21 curb_01 (44)
    22: curb-clear curb_01 (45)
  Var 2:
    0: at-curb-num car_00 curb_02 (46)
    1: at-curb-num car_01 curb_02 (47)
    2: at-curb-num car_02 curb_02 (48)
    3: at-curb-num car_03 curb_02 (49)
    4: at-curb-num car_04 curb_02 (50)
    5: at-curb-num car_05 curb_02 (51)
    6: at-curb-num car_06 curb_02 (52)
    7: at-curb-num car_07 curb_02 (53)
    8: at-curb-num car_08 curb_02 (54)
    9: at-curb-num car_09 curb_02 (55)
    10: at-curb-num car_10 curb_02 (56)
    11: at-curb-num car_11 curb_02 (57)
    12: at-curb-num car_12 curb_02 (58)
    13: at-curb-num car_13 curb_02 (59)
    14: at-curb-num car_14 curb_02 (60)
    15: at-curb-num car_15 curb_02 (61)
    16: at-curb-num car_16 curb_02 (62)
    17: at-curb-num car_17 curb_02 (63)
    18: at-curb-num car_18 curb_02 (64)
    19: at-curb-num car_19 curb_02 (65)
    20: at-curb-num car_20 curb_02 (66)
    21: at-curb-num car_21 curb_02 (67)
    22: curb-clear curb_02 (68)
  Var 3:
    0: at-curb-num car_00 curb_03 (69)
    1: at-curb-num car_01 curb_03 (70)
    2: at-curb-num car_02 curb_03 (71)
    3: at-curb-num car_03 curb_03 (72)
    4: at-curb-num car_04 curb_03 (73)
    5: at-curb-num car_05 curb_03 (74)
    6: at-curb-num car_06 curb_03 (75)
    7: at-curb-num car_07 curb_03 (76)
    8: at-curb-num car_08 curb_03 (77)
    9: at-curb-num car_09 curb_03 (78)
    10: at-curb-num car_10 curb_03 (79)
    11: at-curb-num car_11 curb_03 (80)
    12: at-curb-num car_12 curb_03 (81)
    13: at-curb-num car_13 curb_03 (82)
    14: at-curb-num car_14 curb_03 (83)
    15: at-curb-num car_15 curb_03 (84)
    16: at-curb-num car_16 curb_03 (85)
    17: at-curb-num car_17 curb_03 (86)
    18: at-curb-num car_18 curb_03 (87)
    19: at-curb-num car_19 curb_03 (88)
    20: at-curb-num car_20 curb_03 (89)
    21: at-curb-num car_21 curb_03 (90)
    22: curb-clear curb_03 (91)
  Var 4:
    0: at-curb-num car_00 curb_04 (92)
    1: at-curb-num car_01 curb_04 (93)
    2: at-curb-num car_02 curb_04 (94)
    3: at-curb-num car_03 curb_04 (95)
    4: at-curb-num car_04 curb_04 (96)
    5: at-curb-num car_05 curb_04 (97)
    6: at-curb-num car_06 curb_04 (98)
    7: at-curb-num car_07 curb_04 (99)
    8: at-curb-num car_08 curb_04 (100)
    9: at-curb-num car_09 curb_04 (101)
    10: at-curb-num car_10 curb_04 (102)
    11: at-curb-num car_11 curb_04 (103)
    12: at-curb-num car_12 curb_04 (104)
    13: at-curb-num car_13 curb_04 (105)
    14: at-curb-num car_14 curb_04 (106)
    15: at-curb-num car_15 curb_04 (107)
    16: at-curb-num car_16 curb_04 (108)
    17: at-curb-num car_17 curb_04 (109)
    18: at-curb-num car_18 curb_04 (110)
    19: at-curb-num car_19 curb_04 (111)
    20: at-curb-num car_20 curb_04 (112)
    21: at-curb-num car_21 curb_04 (113)
    22: curb-clear curb_04 (114)
  Var 5:
    0: at-curb-num car_00 curb_05 (115)
    1: at-curb-num car_01 curb_05 (116)
    2: at-curb-num car_02 curb_05 (117)
    3: at-curb-num car_03 curb_05 (118)
    4: at-curb-num car_04 curb_05 (119)
    5: at-curb-num car_05 curb_05 (120)
    6: at-curb-num car_06 curb_05 (121)
    7: at-curb-num car_07 curb_05 (122)
    8: at-curb-num car_08 curb_05 (123)
    9: at-curb-num car_09 curb_05 (124)
    10: at-curb-num car_10 curb_05 (125)
    11: at-curb-num car_11 curb_05 (126)
    12: at-curb-num car_12 curb_05 (127)
    13: at-curb-num car_13 curb_05 (128)
    14: at-curb-num car_14 curb_05 (129)
    15: at-curb-num car_15 curb_05 (130)
    16: at-curb-num car_16 curb_05 (131)
    17: at-curb-num car_17 curb_05 (132)
    18: at-curb-num car_18 curb_05 (133)
    19: at-curb-num car_19 curb_05 (134)
    20: at-curb-num car_20 curb_05 (135)
    21: at-curb-num car_21 curb_05 (136)
    22: curb-clear curb_05 (137)
  Var 6:
    0: at-curb-num car_00 curb_06 (138)
    1: at-curb-num car_01 curb_06 (139)
    2: at-curb-num car_02 curb_06 (140)
    3: at-curb-num car_03 curb_06 (141)
    4: at-curb-num car_04 curb_06 (142)
    5: at-curb-num car_05 curb_06 (143)
    6: at-curb-num car_06 curb_06 (144)
    7: at-curb-num car_07 curb_06 (145)
    8: at-curb-num car_08 curb_06 (146)
    9: at-curb-num car_09 curb_06 (147)
    10: at-curb-num car_10 curb_06 (148)
    11: at-curb-num car_11 curb_06 (149)
    12: at-curb-num car_12 curb_06 (150)
    13: at-curb-num car_13 curb_06 (151)
    14: at-curb-num car_14 curb_06 (152)
    15: at-curb-num car_15 curb_06 (153)
    16: at-curb-num car_16 curb_06 (154)
    17: at-curb-num car_17 curb_06 (155)
    18: at-curb-num car_18 curb_06 (156)
    19: at-curb-num car_19 curb_06 (157)
    20: at-curb-num car_20 curb_06 (158)
    21: at-curb-num car_21 curb_06 (159)
    22: curb-clear curb_06 (160)
  Var 7:
    0: at-curb-num car_00 curb_07 (161)
    1: at-curb-num car_01 curb_07 (162)
    2: at-curb-num car_02 curb_07 (163)
    3: at-curb-num car_03 curb_07 (164)
    4: at-curb-num car_04 curb_07 (165)
    5: at-curb-num car_05 curb_07 (166)
    6: at-curb-num car_06 curb_07 (167)
    7: at-curb-num car_07 curb_07 (168)
    8: at-curb-num car_08 curb_07 (169)
    9: at-curb-num car_09 curb_07 (170)
    10: at-curb-num car_10 curb_07 (171)
    11: at-curb-num car_11 curb_07 (172)
    12: at-curb-num car_12 curb_07 (173)
    13: at-curb-num car_13 curb_07 (174)
    14: at-curb-num car_14 curb_07 (175)
    15: at-curb-num car_15 curb_07 (176)
    16: at-curb-num car_16 curb_07 (177)
    17: at-curb-num car_17 curb_07 (178)
    18: at-curb-num car_18 curb_07 (179)
    19: at-curb-num car_19 curb_07 (180)
    20: at-curb-num car_20 curb_07 (181)
    21: at-curb-num car_21 curb_07 (182)
    22: curb-clear curb_07 (183)
  Var 8:
    0: at-curb-num car_00 curb_08 (184)
    1: at-curb-num car_01 curb_08 (185)
    2: at-curb-num car_02 curb_08 (186)
    3: at-curb-num car_03 curb_08 (187)
    4: at-curb-num car_04 curb_08 (188)
    5: at-curb-num car_05 curb_08 (189)
    6: at-curb-num car_06 curb_08 (190)
    7: at-curb-num car_07 curb_08 (191)
    8: at-curb-num car_08 curb_08 (192)
    9: at-curb-num car_09 curb_08 (193)
    10: at-curb-num car_10 curb_08 (194)
    11: at-curb-num car_11 curb_08 (195)
    12: at-curb-num car_12 curb_08 (196)
    13: at-curb-num car_13 curb_08 (197)
    14: at-curb-num car_14 curb_08 (198)
    15: at-curb-num car_15 curb_08 (199)
    16: at-curb-num car_16 curb_08 (200)
    17: at-curb-num car_17 curb_08 (201)
    18: at-curb-num car_18 curb_08 (202)
    19: at-curb-num car_19 curb_08 (203)
    20: at-curb-num car_20 curb_08 (204)
    21: at-curb-num car_21 curb_08 (205)
    22: curb-clear curb_08 (206)
  Var 9:
    0: behind-car car_00 car_00 (207)
    1: behind-car car_01 car_00 (208)
    2: behind-car car_02 car_00 (209)
    3: behind-car car_03 car_00 (210)
    4: behind-car car_04 car_00 (211)
    5: behind-car car_05 car_00 (212)
    6: behind-car car_06 car_00 (213)
    7: behind-car car_07 car_00 (214)
    8: behind-car car_08 car_00 (215)
    9: behind-car car_09 car_00 (216)
    10: behind-car car_10 car_00 (217)
    11: behind-car car_11 car_00 (218)
    12: behind-car car_12 car_00 (219)
    13: behind-car car_13 car_00 (220)
    14: behind-car car_14 car_00 (221)
    15: behind-car car_15 car_00 (222)
    16: behind-car car_16 car_00 (223)
    17: behind-car car_17 car_00 (224)
    18: behind-car car_18 car_00 (225)
    19: behind-car car_19 car_00 (226)
    20: behind-car car_20 car_00 (227)
    21: behind-car car_21 car_00 (228)
    22: car-clear car_00 (229)
  Var 10:
    0: at-curb-num car_00 curb_09 (230)
    1: at-curb-num car_01 curb_09 (231)
    2: at-curb-num car_02 curb_09 (232)
    3: at-curb-num car_03 curb_09 (233)
    4: at-curb-num car_04 curb_09 (234)
    5: at-curb-num car_05 curb_09 (235)
    6: at-curb-num car_06 curb_09 (236)
    7: at-curb-num car_07 curb_09 (237)
    8: at-curb-num car_08 curb_09 (238)
    9: at-curb-num car_09 curb_09 (239)
    10: at-curb-num car_10 curb_09 (240)
    11: at-curb-num car_11 curb_09 (241)
    12: at-curb-num car_12 curb_09 (242)
    13: at-curb-num car_13 curb_09 (243)
    14: at-curb-num car_14 curb_09 (244)
    15: at-curb-num car_15 curb_09 (245)
    16: at-curb-num car_16 curb_09 (246)
    17: at-curb-num car_17 curb_09 (247)
    18: at-curb-num car_18 curb_09 (248)
    19: at-curb-num car_19 curb_09 (249)
    20: at-curb-num car_20 curb_09 (250)
    21: at-curb-num car_21 curb_09 (251)
    22: curb-clear curb_09 (252)
  Var 11:
    0: behind-car car_00 car_01 (253)
    1: behind-car car_01 car_01 (254)
    2: behind-car car_02 car_01 (255)
    3: behind-car car_03 car_01 (256)
    4: behind-car car_04 car_01 (257)
    5: behind-car car_05 car_01 (258)
    6: behind-car car_06 car_01 (259)
    7: behind-car car_07 car_01 (260)
    8: behind-car car_08 car_01 (261)
    9: behind-car car_09 car_01 (262)
    10: behind-car car_10 car_01 (263)
    11: behind-car car_11 car_01 (264)
    12: behind-car car_12 car_01 (265)
    13: behind-car car_13 car_01 (266)
    14: behind-car car_14 car_01 (267)
    15: behind-car car_15 car_01 (268)
    16: behind-car car_16 car_01 (269)
    17: behind-car car_17 car_01 (270)
    18: behind-car car_18 car_01 (271)
    19: behind-car car_19 car_01 (272)
    20: behind-car car_20 car_01 (273)
    21: behind-car car_21 car_01 (274)
    22: car-clear car_01 (275)
  Var 12:
    0: at-curb-num car_00 curb_10 (276)
    1: at-curb-num car_01 curb_10 (277)
    2: at-curb-num car_02 curb_10 (278)
    3: at-curb-num car_03 curb_10 (279)
    4: at-curb-num car_04 curb_10 (280)
    5: at-curb-num car_05 curb_10 (281)
    6: at-curb-num car_06 curb_10 (282)
    7: at-curb-num car_07 curb_10 (283)
    8: at-curb-num car_08 curb_10 (284)
    9: at-curb-num car_09 curb_10 (285)
    10: at-curb-num car_10 curb_10 (286)
    11: at-curb-num car_11 curb_10 (287)
    12: at-curb-num car_12 curb_10 (288)
    13: at-curb-num car_13 curb_10 (289)
    14: at-curb-num car_14 curb_10 (290)
    15: at-curb-num car_15 curb_10 (291)
    16: at-curb-num car_16 curb_10 (292)
    17: at-curb-num car_17 curb_10 (293)
    18: at-curb-num car_18 curb_10 (294)
    19: at-curb-num car_19 curb_10 (295)
    20: at-curb-num car_20 curb_10 (296)
    21: at-curb-num car_21 curb_10 (297)
    22: curb-clear curb_10 (298)
  Var 13:
    0: behind-car car_00 car_02 (299)
    1: behind-car car_01 car_02 (300)
    2: behind-car car_02 car_02 (301)
    3: behind-car car_03 car_02 (302)
    4: behind-car car_04 car_02 (303)
    5: behind-car car_05 car_02 (304)
    6: behind-car car_06 car_02 (305)
    7: behind-car car_07 car_02 (306)
    8: behind-car car_08 car_02 (307)
    9: behind-car car_09 car_02 (308)
    10: behind-car car_10 car_02 (309)
    11: behind-car car_11 car_02 (310)
    12: behind-car car_12 car_02 (311)
    13: behind-car car_13 car_02 (312)
    14: behind-car car_14 car_02 (313)
    15: behind-car car_15 car_02 (314)
    16: behind-car car_16 car_02 (315)
    17: behind-car car_17 car_02 (316)
    18: behind-car car_18 car_02 (317)
    19: behind-car car_19 car_02 (318)
    20: behind-car car_20 car_02 (319)
    21: behind-car car_21 car_02 (320)
    22: car-clear car_02 (321)
  Var 14:
    0: at-curb-num car_00 curb_11 (322)
    1: at-curb-num car_01 curb_11 (323)
    2: at-curb-num car_02 curb_11 (324)
    3: at-curb-num car_03 curb_11 (325)
    4: at-curb-num car_04 curb_11 (326)
    5: at-curb-num car_05 curb_11 (327)
    6: at-curb-num car_06 curb_11 (328)
    7: at-curb-num car_07 curb_11 (329)
    8: at-curb-num car_08 curb_11 (330)
    9: at-curb-num car_09 curb_11 (331)
    10: at-curb-num car_10 curb_11 (332)
    11: at-curb-num car_11 curb_11 (333)
    12: at-curb-num car_12 curb_11 (334)
    13: at-curb-num car_13 curb_11 (335)
    14: at-curb-num car_14 curb_11 (336)
    15: at-curb-num car_15 curb_11 (337)
    16: at-curb-num car_16 curb_11 (338)
    17: at-curb-num car_17 curb_11 (339)
    18: at-curb-num car_18 curb_11 (340)
    19: at-curb-num car_19 curb_11 (341)
    20: at-curb-num car_20 curb_11 (342)
    21: at-curb-num car_21 curb_11 (343)
    22: curb-clear curb_11 (344)
  Var 15:
    0: behind-car car_00 car_03 (345)
    1: behind-car car_01 car_03 (346)
    2: behind-car car_02 car_03 (347)
    3: behind-car car_03 car_03 (348)
    4: behind-car car_04 car_03 (349)
    5: behind-car car_05 car_03 (350)
    6: behind-car car_06 car_03 (351)
    7: behind-car car_07 car_03 (352)
    8: behind-car car_08 car_03 (353)
    9: behind-car car_09 car_03 (354)
    10: behind-car car_10 car_03 (355)
    11: behind-car car_11 car_03 (356)
    12: behind-car car_12 car_03 (357)
    13: behind-car car_13 car_03 (358)
    14: behind-car car_14 car_03 (359)
    15: behind-car car_15 car_03 (360)
    16: behind-car car_16 car_03 (361)
    17: behind-car car_17 car_03 (362)
    18: behind-car car_18 car_03 (363)
    19: behind-car car_19 car_03 (364)
    20: behind-car car_20 car_03 (365)
    21: behind-car car_21 car_03 (366)
    22: car-clear car_03 (367)
  Var 16:
    0: behind-car car_00 car_04 (368)
    1: behind-car car_01 car_04 (369)
    2: behind-car car_02 car_04 (370)
    3: behind-car car_03 car_04 (371)
    4: behind-car car_04 car_04 (372)
    5: behind-car car_05 car_04 (373)
    6: behind-car car_06 car_04 (374)
    7: behind-car car_07 car_04 (375)
    8: behind-car car_08 car_04 (376)
    9: behind-car car_09 car_04 (377)
    10: behind-car car_10 car_04 (378)
    11: behind-car car_11 car_04 (379)
    12: behind-car car_12 car_04 (380)
    13: behind-car car_13 car_04 (381)
    14: behind-car car_14 car_04 (382)
    15: behind-car car_15 car_04 (383)
    16: behind-car car_16 car_04 (384)
    17: behind-car car_17 car_04 (385)
    18: behind-car car_18 car_04 (386)
    19: behind-car car_19 car_04 (387)
    20: behind-car car_20 car_04 (388)
    21: behind-car car_21 car_04 (389)
    22: car-clear car_04 (390)
  Var 17:
    0: behind-car car_00 car_05 (391)
    1: behind-car car_01 car_05 (392)
    2: behind-car car_02 car_05 (393)
    3: behind-car car_03 car_05 (394)
    4: behind-car car_04 car_05 (395)
    5: behind-car car_05 car_05 (396)
    6: behind-car car_06 car_05 (397)
    7: behind-car car_07 car_05 (398)
    8: behind-car car_08 car_05 (399)
    9: behind-car car_09 car_05 (400)
    10: behind-car car_10 car_05 (401)
    11: behind-car car_11 car_05 (402)
    12: behind-car car_12 car_05 (403)
    13: behind-car car_13 car_05 (404)
    14: behind-car car_14 car_05 (405)
    15: behind-car car_15 car_05 (406)
    16: behind-car car_16 car_05 (407)
    17: behind-car car_17 car_05 (408)
    18: behind-car car_18 car_05 (409)
    19: behind-car car_19 car_05 (410)
    20: behind-car car_20 car_05 (411)
    21: behind-car car_21 car_05 (412)
    22: car-clear car_05 (413)
  Var 18:
    0: behind-car car_00 car_06 (414)
    1: behind-car car_01 car_06 (415)
    2: behind-car car_02 car_06 (416)
    3: behind-car car_03 car_06 (417)
    4: behind-car car_04 car_06 (418)
    5: behind-car car_05 car_06 (419)
    6: behind-car car_06 car_06 (420)
    7: behind-car car_07 car_06 (421)
    8: behind-car car_08 car_06 (422)
    9: behind-car car_09 car_06 (423)
    10: behind-car car_10 car_06 (424)
    11: behind-car car_11 car_06 (425)
    12: behind-car car_12 car_06 (426)
    13: behind-car car_13 car_06 (427)
    14: behind-car car_14 car_06 (428)
    15: behind-car car_15 car_06 (429)
    16: behind-car car_16 car_06 (430)
    17: behind-car car_17 car_06 (431)
    18: behind-car car_18 car_06 (432)
    19: behind-car car_19 car_06 (433)
    20: behind-car car_20 car_06 (434)
    21: behind-car car_21 car_06 (435)
    22: car-clear car_06 (436)
  Var 19:
    0: behind-car car_00 car_07 (437)
    1: behind-car car_01 car_07 (438)
    2: behind-car car_02 car_07 (439)
    3: behind-car car_03 car_07 (440)
    4: behind-car car_04 car_07 (441)
    5: behind-car car_05 car_07 (442)
    6: behind-car car_06 car_07 (443)
    7: behind-car car_07 car_07 (444)
    8: behind-car car_08 car_07 (445)
    9: behind-car car_09 car_07 (446)
    10: behind-car car_10 car_07 (447)
    11: behind-car car_11 car_07 (448)
    12: behind-car car_12 car_07 (449)
    13: behind-car car_13 car_07 (450)
    14: behind-car car_14 car_07 (451)
    15: behind-car car_15 car_07 (452)
    16: behind-car car_16 car_07 (453)
    17: behind-car car_17 car_07 (454)
    18: behind-car car_18 car_07 (455)
    19: behind-car car_19 car_07 (456)
    20: behind-car car_20 car_07 (457)
    21: behind-car car_21 car_07 (458)
    22: car-clear car_07 (459)
  Var 20:
    0: behind-car car_00 car_08 (460)
    1: behind-car car_01 car_08 (461)
    2: behind-car car_02 car_08 (462)
    3: behind-car car_03 car_08 (463)
    4: behind-car car_04 car_08 (464)
    5: behind-car car_05 car_08 (465)
    6: behind-car car_06 car_08 (466)
    7: behind-car car_07 car_08 (467)
    8: behind-car car_08 car_08 (468)
    9: behind-car car_09 car_08 (469)
    10: behind-car car_10 car_08 (470)
    11: behind-car car_11 car_08 (471)
    12: behind-car car_12 car_08 (472)
    13: behind-car car_13 car_08 (473)
    14: behind-car car_14 car_08 (474)
    15: behind-car car_15 car_08 (475)
    16: behind-car car_16 car_08 (476)
    17: behind-car car_17 car_08 (477)
    18: behind-car car_18 car_08 (478)
    19: behind-car car_19 car_08 (479)
    20: behind-car car_20 car_08 (480)
    21: behind-car car_21 car_08 (481)
    22: car-clear car_08 (482)
  Var 21:
    0: behind-car car_00 car_09 (483)
    1: behind-car car_01 car_09 (484)
    2: behind-car car_02 car_09 (485)
    3: behind-car car_03 car_09 (486)
    4: behind-car car_04 car_09 (487)
    5: behind-car car_05 car_09 (488)
    6: behind-car car_06 car_09 (489)
    7: behind-car car_07 car_09 (490)
    8: behind-car car_08 car_09 (491)
    9: behind-car car_09 car_09 (492)
    10: behind-car car_10 car_09 (493)
    11: behind-car car_11 car_09 (494)
    12: behind-car car_12 car_09 (495)
    13: behind-car car_13 car_09 (496)
    14: behind-car car_14 car_09 (497)
    15: behind-car car_15 car_09 (498)
    16: behind-car car_16 car_09 (499)
    17: behind-car car_17 car_09 (500)
    18: behind-car car_18 car_09 (501)
    19: behind-car car_19 car_09 (502)
    20: behind-car car_20 car_09 (503)
    21: behind-car car_21 car_09 (504)
    22: car-clear car_09 (505)
  Var 22:
    0: behind-car car_00 car_10 (506)
    1: behind-car car_01 car_10 (507)
    2: behind-car car_02 car_10 (508)
    3: behind-car car_03 car_10 (509)
    4: behind-car car_04 car_10 (510)
    5: behind-car car_05 car_10 (511)
    6: behind-car car_06 car_10 (512)
    7: behind-car car_07 car_10 (513)
    8: behind-car car_08 car_10 (514)
    9: behind-car car_09 car_10 (515)
    10: behind-car car_10 car_10 (516)
    11: behind-car car_11 car_10 (517)
    12: behind-car car_12 car_10 (518)
    13: behind-car car_13 car_10 (519)
    14: behind-car car_14 car_10 (520)
    15: behind-car car_15 car_10 (521)
    16: behind-car car_16 car_10 (522)
    17: behind-car car_17 car_10 (523)
    18: behind-car car_18 car_10 (524)
    19: behind-car car_19 car_10 (525)
    20: behind-car car_20 car_10 (526)
    21: behind-car car_21 car_10 (527)
    22: car-clear car_10 (528)
  Var 23:
    0: behind-car car_00 car_11 (529)
    1: behind-car car_01 car_11 (530)
    2: behind-car car_02 car_11 (531)
    3: behind-car car_03 car_11 (532)
    4: behind-car car_04 car_11 (533)
    5: behind-car car_05 car_11 (534)
    6: behind-car car_06 car_11 (535)
    7: behind-car car_07 car_11 (536)
    8: behind-car car_08 car_11 (537)
    9: behind-car car_09 car_11 (538)
    10: behind-car car_10 car_11 (539)
    11: behind-car car_11 car_11 (540)
    12: behind-car car_12 car_11 (541)
    13: behind-car car_13 car_11 (542)
    14: behind-car car_14 car_11 (543)
    15: behind-car car_15 car_11 (544)
    16: behind-car car_16 car_11 (545)
    17: behind-car car_17 car_11 (546)
    18: behind-car car_18 car_11 (547)
    19: behind-car car_19 car_11 (548)
    20: behind-car car_20 car_11 (549)
    21: behind-car car_21 car_11 (550)
    22: car-clear car_11 (551)
  Var 24:
    0: behind-car car_00 car_12 (552)
    1: behind-car car_01 car_12 (553)
    2: behind-car car_02 car_12 (554)
    3: behind-car car_03 car_12 (555)
    4: behind-car car_04 car_12 (556)
    5: behind-car car_05 car_12 (557)
    6: behind-car car_06 car_12 (558)
    7: behind-car car_07 car_12 (559)
    8: behind-car car_08 car_12 (560)
    9: behind-car car_09 car_12 (561)
    10: behind-car car_10 car_12 (562)
    11: behind-car car_11 car_12 (563)
    12: behind-car car_12 car_12 (564)
    13: behind-car car_13 car_12 (565)
    14: behind-car car_14 car_12 (566)
    15: behind-car car_15 car_12 (567)
    16: behind-car car_16 car_12 (568)
    17: behind-car car_17 car_12 (569)
    18: behind-car car_18 car_12 (570)
    19: behind-car car_19 car_12 (571)
    20: behind-car car_20 car_12 (572)
    21: behind-car car_21 car_12 (573)
    22: car-clear car_12 (574)
  Var 25:
    0: behind-car car_00 car_13 (575)
    1: behind-car car_01 car_13 (576)
    2: behind-car car_02 car_13 (577)
    3: behind-car car_03 car_13 (578)
    4: behind-car car_04 car_13 (579)
    5: behind-car car_05 car_13 (580)
    6: behind-car car_06 car_13 (581)
    7: behind-car car_07 car_13 (582)
    8: behind-car car_08 car_13 (583)
    9: behind-car car_09 car_13 (584)
    10: behind-car car_10 car_13 (585)
    11: behind-car car_11 car_13 (586)
    12: behind-car car_12 car_13 (587)
    13: behind-car car_13 car_13 (588)
    14: behind-car car_14 car_13 (589)
    15: behind-car car_15 car_13 (590)
    16: behind-car car_16 car_13 (591)
    17: behind-car car_17 car_13 (592)
    18: behind-car car_18 car_13 (593)
    19: behind-car car_19 car_13 (594)
    20: behind-car car_20 car_13 (595)
    21: behind-car car_21 car_13 (596)
    22: car-clear car_13 (597)
  Var 26:
    0: behind-car car_00 car_14 (598)
    1: behind-car car_01 car_14 (599)
    2: behind-car car_02 car_14 (600)
    3: behind-car car_03 car_14 (601)
    4: behind-car car_04 car_14 (602)
    5: behind-car car_05 car_14 (603)
    6: behind-car car_06 car_14 (604)
    7: behind-car car_07 car_14 (605)
    8: behind-car car_08 car_14 (606)
    9: behind-car car_09 car_14 (607)
    10: behind-car car_10 car_14 (608)
    11: behind-car car_11 car_14 (609)
    12: behind-car car_12 car_14 (610)
    13: behind-car car_13 car_14 (611)
    14: behind-car car_14 car_14 (612)
    15: behind-car car_15 car_14 (613)
    16: behind-car car_16 car_14 (614)
    17: behind-car car_17 car_14 (615)
    18: behind-car car_18 car_14 (616)
    19: behind-car car_19 car_14 (617)
    20: behind-car car_20 car_14 (618)
    21: behind-car car_21 car_14 (619)
    22: car-clear car_14 (620)
  Var 27:
    0: behind-car car_00 car_15 (621)
    1: behind-car car_01 car_15 (622)
    2: behind-car car_02 car_15 (623)
    3: behind-car car_03 car_15 (624)
    4: behind-car car_04 car_15 (625)
    5: behind-car car_05 car_15 (626)
    6: behind-car car_06 car_15 (627)
    7: behind-car car_07 car_15 (628)
    8: behind-car car_08 car_15 (629)
    9: behind-car car_09 car_15 (630)
    10: behind-car car_10 car_15 (631)
    11: behind-car car_11 car_15 (632)
    12: behind-car car_12 car_15 (633)
    13: behind-car car_13 car_15 (634)
    14: behind-car car_14 car_15 (635)
    15: behind-car car_15 car_15 (636)
    16: behind-car car_16 car_15 (637)
    17: behind-car car_17 car_15 (638)
    18: behind-car car_18 car_15 (639)
    19: behind-car car_19 car_15 (640)
    20: behind-car car_20 car_15 (641)
    21: behind-car car_21 car_15 (642)
    22: car-clear car_15 (643)
  Var 28:
    0: behind-car car_00 car_16 (644)
    1: behind-car car_01 car_16 (645)
    2: behind-car car_02 car_16 (646)
    3: behind-car car_03 car_16 (647)
    4: behind-car car_04 car_16 (648)
    5: behind-car car_05 car_16 (649)
    6: behind-car car_06 car_16 (650)
    7: behind-car car_07 car_16 (651)
    8: behind-car car_08 car_16 (652)
    9: behind-car car_09 car_16 (653)
    10: behind-car car_10 car_16 (654)
    11: behind-car car_11 car_16 (655)
    12: behind-car car_12 car_16 (656)
    13: behind-car car_13 car_16 (657)
    14: behind-car car_14 car_16 (658)
    15: behind-car car_15 car_16 (659)
    16: behind-car car_16 car_16 (660)
    17: behind-car car_17 car_16 (661)
    18: behind-car car_18 car_16 (662)
    19: behind-car car_19 car_16 (663)
    20: behind-car car_20 car_16 (664)
    21: behind-car car_21 car_16 (665)
    22: car-clear car_16 (666)
  Var 29:
    0: behind-car car_00 car_17 (667)
    1: behind-car car_01 car_17 (668)
    2: behind-car car_02 car_17 (669)
    3: behind-car car_03 car_17 (670)
    4: behind-car car_04 car_17 (671)
    5: behind-car car_05 car_17 (672)
    6: behind-car car_06 car_17 (673)
    7: behind-car car_07 car_17 (674)
    8: behind-car car_08 car_17 (675)
    9: behind-car car_09 car_17 (676)
    10: behind-car car_10 car_17 (677)
    11: behind-car car_11 car_17 (678)
    12: behind-car car_12 car_17 (679)
    13: behind-car car_13 car_17 (680)
    14: behind-car car_14 car_17 (681)
    15: behind-car car_15 car_17 (682)
    16: behind-car car_16 car_17 (683)
    17: behind-car car_17 car_17 (684)
    18: behind-car car_18 car_17 (685)
    19: behind-car car_19 car_17 (686)
    20: behind-car car_20 car_17 (687)
    21: behind-car car_21 car_17 (688)
    22: car-clear car_17 (689)
  Var 30:
    0: behind-car car_00 car_18 (690)
    1: behind-car car_01 car_18 (691)
    2: behind-car car_02 car_18 (692)
    3: behind-car car_03 car_18 (693)
    4: behind-car car_04 car_18 (694)
    5: behind-car car_05 car_18 (695)
    6: behind-car car_06 car_18 (696)
    7: behind-car car_07 car_18 (697)
    8: behind-car car_08 car_18 (698)
    9: behind-car car_09 car_18 (699)
    10: behind-car car_10 car_18 (700)
    11: behind-car car_11 car_18 (701)
    12: behind-car car_12 car_18 (702)
    13: behind-car car_13 car_18 (703)
    14: behind-car car_14 car_18 (704)
    15: behind-car car_15 car_18 (705)
    16: behind-car car_16 car_18 (706)
    17: behind-car car_17 car_18 (707)
    18: behind-car car_18 car_18 (708)
    19: behind-car car_19 car_18 (709)
    20: behind-car car_20 car_18 (710)
    21: behind-car car_21 car_18 (711)
    22: car-clear car_18 (712)
  Var 31:
    0: behind-car car_00 car_19 (713)
    1: behind-car car_01 car_19 (714)
    2: behind-car car_02 car_19 (715)
    3: behind-car car_03 car_19 (716)
    4: behind-car car_04 car_19 (717)
    5: behind-car car_05 car_19 (718)
    6: behind-car car_06 car_19 (719)
    7: behind-car car_07 car_19 (720)
    8: behind-car car_08 car_19 (721)
    9: behind-car car_09 car_19 (722)
    10: behind-car car_10 car_19 (723)
    11: behind-car car_11 car_19 (724)
    12: behind-car car_12 car_19 (725)
    13: behind-car car_13 car_19 (726)
    14: behind-car car_14 car_19 (727)
    15: behind-car car_15 car_19 (728)
    16: behind-car car_16 car_19 (729)
    17: behind-car car_17 car_19 (730)
    18: behind-car car_18 car_19 (731)
    19: behind-car car_19 car_19 (732)
    20: behind-car car_20 car_19 (733)
    21: behind-car car_21 car_19 (734)
    22: car-clear car_19 (735)
  Var 32:
    0: behind-car car_00 car_20 (736)
    1: behind-car car_01 car_20 (737)
    2: behind-car car_02 car_20 (738)
    3: behind-car car_03 car_20 (739)
    4: behind-car car_04 car_20 (740)
    5: behind-car car_05 car_20 (741)
    6: behind-car car_06 car_20 (742)
    7: behind-car car_07 car_20 (743)
    8: behind-car car_08 car_20 (744)
    9: behind-car car_09 car_20 (745)
    10: behind-car car_10 car_20 (746)
    11: behind-car car_11 car_20 (747)
    12: behind-car car_12 car_20 (748)
    13: behind-car car_13 car_20 (749)
    14: behind-car car_14 car_20 (750)
    15: behind-car car_15 car_20 (751)
    16: behind-car car_16 car_20 (752)
    17: behind-car car_17 car_20 (753)
    18: behind-car car_18 car_20 (754)
    19: behind-car car_19 car_20 (755)
    20: behind-car car_20 car_20 (756)
    21: behind-car car_21 car_20 (757)
    22: car-clear car_20 (758)
  Var 33:
    0: behind-car car_00 car_21 (759)
    1: behind-car car_01 car_21 (760)
    2: behind-car car_02 car_21 (761)
    3: behind-car car_03 car_21 (762)
    4: behind-car car_04 car_21 (763)
    5: behind-car car_05 car_21 (764)
    6: behind-car car_06 car_21 (765)
    7: behind-car car_07 car_21 (766)
    8: behind-car car_08 car_21 (767)
    9: behind-car car_09 car_21 (768)
    10: behind-car car_10 car_21 (769)
    11: behind-car car_11 car_21 (770)
    12: behind-car car_12 car_21 (771)
    13: behind-car car_13 car_21 (772)
    14: behind-car car_14 car_21 (773)
    15: behind-car car_15 car_21 (774)
    16: behind-car car_16 car_21 (775)
    17: behind-car car_17 car_21 (776)
    18: behind-car car_18 car_21 (777)
    19: behind-car car_19 car_21 (778)
    20: behind-car car_20 car_21 (779)
    21: behind-car car_21 car_21 (780)
    22: car-clear car_21 (781)
  Var 34:
    0: at-curb car_00 (782)
    1: none-of-those (783)
  Var 35:
    0: at-curb car_01 (784)
    1: none-of-those (785)
  Var 36:
    0: at-curb car_02 (786)
    1: none-of-those (787)
  Var 37:
    0: at-curb car_03 (788)
    1: none-of-those (789)
  Var 38:
    0: at-curb car_04 (790)
    1: none-of-those (791)
  Var 39:
    0: at-curb car_05 (792)
    1: none-of-those (793)
  Var 40:
    0: at-curb car_06 (794)
    1: none-of-those (795)
  Var 41:
    0: at-curb car_07 (796)
    1: none-of-those (797)
  Var 42:
    0: at-curb car_08 (798)
    1: none-of-those (799)
  Var 43:
    0: at-curb car_09 (800)
    1: none-of-those (801)
  Var 44:
    0: at-curb car_10 (802)
    1: none-of-those (803)
  Var 45:
    0: at-curb car_11 (804)
    1: none-of-those (805)
  Var 46:
    0: at-curb car_12 (806)
    1: none-of-those (807)
  Var 47:
    0: at-curb car_13 (808)
    1: none-of-those (809)
  Var 48:
    0: at-curb car_14 (810)
    1: none-of-those (811)
  Var 49:
    0: at-curb car_15 (812)
    1: none-of-those (813)
  Var 50:
    0: at-curb car_16 (814)
    1: none-of-those (815)
  Var 51:
    0: at-curb car_17 (816)
    1: none-of-those (817)
  Var 52:
    0: at-curb car_18 (818)
    1: none-of-those (819)
  Var 53:
    0: at-curb car_19 (820)
    1: none-of-those (821)
  Var 54:
    0: at-curb car_20 (822)
    1: none-of-those (823)
  Var 55:
    0: at-curb car_21 (824)
    1: none-of-those (825)
