Vars (66):
  Var 0:
    0: arrived car0 junction0-0 (0)
    1: arrived car0 junction0-1 (1)
    2: arrived car0 junction1-0 (2)
    3: arrived car0 junction1-1 (3)
    4: at_car_jun car0 junction0-0 (4)
    5: at_car_jun car0 junction0-1 (5)
    6: at_car_jun car0 junction1-0 (6)
    7: at_car_jun car0 junction1-1 (7)
    8: at_car_road car0 road0 (8)
    9: at_car_road car0 road1 (9)
    10: at_car_road car0 road2 (10)
    11: at_car_road car0 road3 (11)
    12: starting car0 garage0 (12)
  Var 1:
    0: arrived car1 junction0-0 (13)
    1: arrived car1 junction0-1 (14)
    2: arrived car1 junction1-0 (15)
    3: arrived car1 junction1-1 (16)
    4: at_car_jun car1 junction0-0 (17)
    5: at_car_jun car1 junction0-1 (18)
    6: at_car_jun car1 junction1-0 (19)
    7: at_car_jun car1 junction1-1 (20)
    8: at_car_road car1 road0 (21)
    9: at_car_road car1 road1 (22)
    10: at_car_road car1 road2 (23)
    11: at_car_road car1 road3 (24)
    12: starting car1 garage0 (25)
  Var 2:
    0: NOT-in_place road0 (26)
    1: in_place road0 (27)
  Var 3:
    0: NOT-in_place road1 (28)
    1: in_place road1 (29)
  Var 4:
    0: NOT-in_place road2 (30)
    1: in_place road2 (31)
  Var 5:
    0: NOT-in_place road3 (32)
    1: in_place road3 (33)
  Var 6:
    0: NOT-at_car_road car0 road0 (34)
    1: none-of-those (35)
  Var 7:
    0: NOT-at_car_road car0 road1 (36)
    1: none-of-those (37)
  Var 8:
    0: NOT-at_car_road car0 road2 (38)
    1: none-of-those (39)
  Var 9:
    0: NOT-at_car_road car0 road3 (40)
    1: none-of-those (41)
  Var 10:
    0: NOT-at_car_road car1 road0 (42)
    1: none-of-those (43)
  Var 11:
    0: NOT-at_car_road car1 road1 (44)
    1: none-of-those (45)
  Var 12:
    0: NOT-at_car_road car1 road2 (46)
    1: none-of-those (47)
  Var 13:
    0: NOT-at_car_road car1 road3 (48)
    1: none-of-those (49)
  Var 14:
    0: clear junction0-0 (50)
    1: none-of-those (51)
  Var 15:
    0: clear junction0-1 (52)
    1: none-of-those (53)
  Var 16:
    0: clear junction1-0 (54)
    1: none-of-those (55)
  Var 17:
    0: clear junction1-1 (56)
    1: none-of-those (57)
  Var 18:
    0: road_connect road0 junction0-0 junction0-1 (58)
    1: none-of-those (59)
  Var 19:
    0: road_connect road0 junction0-0 junction1-0 (60)
    1: none-of-those (61)
  Var 20:
    0: road_connect road0 junction0-0 junction1-1 (62)
    1: none-of-those (63)
  Var 21:
    0: road_connect road0 junction0-1 junction0-0 (64)
    1: none-of-those (65)
  Var 22:
    0: road_connect road0 junction0-1 junction1-0 (66)
    1: none-of-those (67)
  Var 23:
    0: road_connect road0 junction0-1 junction1-1 (68)
    1: none-of-those (69)
  Var 24:
    0: road_connect road0 junction1-0 junction0-0 (70)
    1: none-of-those (71)
  Var 25:
    0: road_connect road0 junction1-0 junction0-1 (72)
    1: none-of-those (73)
  Var 26:
    0: road_connect road0 junction1-0 junction1-1 (74)
    1: none-of-those (75)
  Var 27:
    0: road_connect road0 junction1-1 junction0-0 (76)
    1: none-of-those (77)
  Var 28:
    0: road_connect road0 junction1-1 junction0-1 (78)
    1: none-of-those (79)
  Var 29:
    0: road_connect road0 junction1-1 junction1-0 (80)
    1: none-of-those (81)
  Var 30:
    0: road_connect road1 junction0-0 junction0-1 (82)
    1: none-of-those (83)
  Var 31:
    0: road_connect road1 junction0-0 junction1-0 (84)
    1: none-of-those (85)
  Var 32:
    0: road_connect road1 junction0-0 junction1-1 (86)
    1: none-of-those (87)
  Var 33:
    0: road_connect road1 junction0-1 junction0-0 (88)
    1: none-of-those (89)
  Var 34:
    0: road_connect road1 junction0-1 junction1-0 (90)
    1: none-of-those (91)
  Var 35:
    0: road_connect road1 junction0-1 junction1-1 (92)
    1: none-of-those (93)
  Var 36:
    0: road_connect road1 junction1-0 junction0-0 (94)
    1: none-of-those (95)
  Var 37:
    0: road_connect road1 junction1-0 junction0-1 (96)
    1: none-of-those (97)
  Var 38:
    0: road_connect road1 junction1-0 junction1-1 (98)
    1: none-of-those (99)
  Var 39:
    0: road_connect road1 junction1-1 junction0-0 (100)
    1: none-of-those (101)
  Var 40:
    0: road_connect road1 junction1-1 junction0-1 (102)
    1: none-of-those (103)
  Var 41:
    0: road_connect road1 junction1-1 junction1-0 (104)
    1: none-of-those (105)
  Var 42:
    0: road_connect road2 junction0-0 junction0-1 (106)
    1: none-of-those (107)
  Var 43:
    0: road_connect road2 junction0-0 junction1-0 (108)
    1: none-of-those (109)
  Var 44:
    0: road_connect road2 junction0-0 junction1-1 (110)
    1: none-of-those (111)
  Var 45:
    0: road_connect road2 junction0-1 junction0-0 (112)
    1: none-of-those (113)
  Var 46:
    0: road_connect road2 junction0-1 junction1-0 (114)
    1: none-of-those (115)
  Var 47:
    0: road_connect road2 junction0-1 junction1-1 (116)
    1: none-of-those (117)
  Var 48:
    0: road_connect road2 junction1-0 junction0-0 (118)
    1: none-of-those (119)
  Var 49:
    0: road_connect road2 junction1-0 junction0-1 (120)
    1: none-of-those (121)
  Var 50:
    0: road_connect road2 junction1-0 junction1-1 (122)
    1: none-of-those (123)
  Var 51:
    0: road_connect road2 junction1-1 junction0-0 (124)
    1: none-of-those (125)
  Var 52:
    0: road_connect road2 junction1-1 junction0-1 (126)
    1: none-of-those (127)
  Var 53:
    0: road_connect road2 junction1-1 junction1-0 (128)
    1: none-of-those (129)
  Var 54:
    0: road_connect road3 junction0-0 junction0-1 (130)
    1: none-of-those (131)
  Var 55:
    0: road_connect road3 junction0-0 junction1-0 (132)
    1: none-of-those (133)
  Var 56:
    0: road_connect road3 junction0-0 junction1-1 (134)
    1: none-of-those (135)
  Var 57:
    0: road_connect road3 junction0-1 junction0-0 (136)
    1: none-of-those (137)
  Var 58:
    0: road_connect road3 junction0-1 junction1-0 (138)
    1: none-of-those (139)
  Var 59:
    0: road_connect road3 junction0-1 junction1-1 (140)
    1: none-of-those (141)
  Var 60:
    0: road_connect road3 junction1-0 junction0-0 (142)
    1: none-of-those (143)
  Var 61:
    0: road_connect road3 junction1-0 junction0-1 (144)
    1: none-of-those (145)
  Var 62:
    0: road_connect road3 junction1-0 junction1-1 (146)
    1: none-of-those (147)
  Var 63:
    0: road_connect road3 junction1-1 junction0-0 (148)
    1: none-of-those (149)
  Var 64:
    0: road_connect road3 junction1-1 junction0-1 (150)
    1: none-of-those (151)
  Var 65:
    0: road_connect road3 junction1-1 junction1-0 (152)
    1: none-of-those (153)
