Vars (34):
  Var 0:
    0: at document1 depot (0)
    1: at document1 office (1)
    2: at document1 office1 (2)
    3: at document1 office10 (3)
    4: at document1 office11 (4)
    5: at document1 office12 (5)
    6: at document1 office13 (6)
    7: at document1 office14 (7)
    8: at document1 office15 (8)
    9: at document1 office16 (9)
    10: at document1 office17 (10)
    11: at document1 office18 (11)
    12: at document1 office19 (12)
    13: at document1 office2 (13)
    14: at document1 office20 (14)
    15: at document1 office21 (15)
    16: at document1 office22 (16)
    17: at document1 office23 (17)
    18: at document1 office24 (18)
    19: at document1 office25 (19)
    20: at document1 office3 (20)
    21: at document1 office4 (21)
    22: at document1 office5 (22)
    23: at document1 office6 (23)
    24: at document1 office7 (24)
    25: at document1 office8 (25)
    26: at document1 office9 (26)
    27: in-train document1 (27)
    28: none-of-those (28)
  Var 1:
    0: at document27 depot (29)
    1: at document27 office (30)
    2: at document27 office1 (31)
    3: at document27 office10 (32)
    4: at document27 office11 (33)
    5: at document27 office12 (34)
    6: at document27 office13 (35)
    7: at document27 office14 (36)
    8: at document27 office15 (37)
    9: at document27 office16 (38)
    10: at document27 office17 (39)
    11: at document27 office18 (40)
    12: at document27 office19 (41)
    13: at document27 office2 (42)
    14: at document27 office20 (43)
    15: at document27 office21 (44)
    16: at document27 office22 (45)
    17: at document27 office23 (46)
    18: at document27 office24 (47)
    19: at document27 office25 (48)
    20: at document27 office3 (49)
    21: at document27 office4 (50)
    22: at document27 office5 (51)
    23: at document27 office6 (52)
    24: at document27 office7 (53)
    25: at document27 office8 (54)
    26: at document27 office9 (55)
    27: in-train document27 (56)
    28: none-of-those (57)
  Var 2:
    0: at document19 depot (58)
    1: at document19 office (59)
    2: at document19 office1 (60)
    3: at document19 office10 (61)
    4: at document19 office11 (62)
    5: at document19 office12 (63)
    6: at document19 office13 (64)
    7: at document19 office14 (65)
    8: at document19 office15 (66)
    9: at document19 office16 (67)
    10: at document19 office17 (68)
    11: at document19 office18 (69)
    12: at document19 office19 (70)
    13: at document19 office2 (71)
    14: at document19 office20 (72)
    15: at document19 office21 (73)
    16: at document19 office22 (74)
    17: at document19 office23 (75)
    18: at document19 office24 (76)
    19: at document19 office25 (77)
    20: at document19 office3 (78)
    21: at document19 office4 (79)
    22: at document19 office5 (80)
    23: at document19 office6 (81)
    24: at document19 office7 (82)
    25: at document19 office8 (83)
    26: at document19 office9 (84)
    27: in-train document19 (85)
    28: none-of-those (86)
  Var 3:
    0: at document8 depot (87)
    1: at document8 office (88)
    2: at document8 office1 (89)
    3: at document8 office10 (90)
    4: at document8 office11 (91)
    5: at document8 office12 (92)
    6: at document8 office13 (93)
    7: at document8 office14 (94)
    8: at document8 office15 (95)
    9: at document8 office16 (96)
    10: at document8 office17 (97)
    11: at document8 office18 (98)
    12: at document8 office19 (99)
    13: at document8 office2 (100)
    14: at document8 office20 (101)
    15: at document8 office21 (102)
    16: at document8 office22 (103)
    17: at document8 office23 (104)
    18: at document8 office24 (105)
    19: at document8 office25 (106)
    20: at document8 office3 (107)
    21: at document8 office4 (108)
    22: at document8 office5 (109)
    23: at document8 office6 (110)
    24: at document8 office7 (111)
    25: at document8 office8 (112)
    26: at document8 office9 (113)
    27: in-train document8 (114)
    28: none-of-those (115)
  Var 4:
    0: at document10 depot (116)
    1: at document10 office (117)
    2: at document10 office1 (118)
    3: at document10 office10 (119)
    4: at document10 office11 (120)
    5: at document10 office12 (121)
    6: at document10 office13 (122)
    7: at document10 office14 (123)
    8: at document10 office15 (124)
    9: at document10 office16 (125)
    10: at document10 office17 (126)
    11: at document10 office18 (127)
    12: at document10 office19 (128)
    13: at document10 office2 (129)
    14: at document10 office20 (130)
    15: at document10 office21 (131)
    16: at document10 office22 (132)
    17: at document10 office23 (133)
    18: at document10 office24 (134)
    19: at document10 office25 (135)
    20: at document10 office3 (136)
    21: at document10 office4 (137)
    22: at document10 office5 (138)
    23: at document10 office6 (139)
    24: at document10 office7 (140)
    25: at document10 office8 (141)
    26: at document10 office9 (142)
    27: in-train document10 (143)
    28: none-of-those (144)
  Var 5:
    0: at document28 depot (145)
    1: at document28 office (146)
    2: at document28 office1 (147)
    3: at document28 office10 (148)
    4: at document28 office11 (149)
    5: at document28 office12 (150)
    6: at document28 office13 (151)
    7: at document28 office14 (152)
    8: at document28 office15 (153)
    9: at document28 office16 (154)
    10: at document28 office17 (155)
    11: at document28 office18 (156)
    12: at document28 office19 (157)
    13: at document28 office2 (158)
    14: at document28 office20 (159)
    15: at document28 office21 (160)
    16: at document28 office22 (161)
    17: at document28 office23 (162)
    18: at document28 office24 (163)
    19: at document28 office25 (164)
    20: at document28 office3 (165)
    21: at document28 office4 (166)
    22: at document28 office5 (167)
    23: at document28 office6 (168)
    24: at document28 office7 (169)
    25: at document28 office8 (170)
    26: at document28 office9 (171)
    27: in-train document28 (172)
    28: none-of-those (173)
  Var 6:
    0: at document2 depot (174)
    1: at document2 office (175)
    2: at document2 office1 (176)
    3: at document2 office10 (177)
    4: at document2 office11 (178)
    5: at document2 office12 (179)
    6: at document2 office13 (180)
    7: at document2 office14 (181)
    8: at document2 office15 (182)
    9: at document2 office16 (183)
    10: at document2 office17 (184)
    11: at document2 office18 (185)
    12: at document2 office19 (186)
    13: at document2 office2 (187)
    14: at document2 office20 (188)
    15: at document2 office21 (189)
    16: at document2 office22 (190)
    17: at document2 office23 (191)
    18: at document2 office24 (192)
    19: at document2 office25 (193)
    20: at document2 office3 (194)
    21: at document2 office4 (195)
    22: at document2 office5 (196)
    23: at document2 office6 (197)
    24: at document2 office7 (198)
    25: at document2 office8 (199)
    26: at document2 office9 (200)
    27: in-train document2 (201)
    28: none-of-those (202)
  Var 7:
    0: at document9 depot (203)
    1: at document9 office (204)
    2: at document9 office1 (205)
    3: at document9 office10 (206)
    4: at document9 office11 (207)
    5: at document9 office12 (208)
    6: at document9 office13 (209)
    7: at document9 office14 (210)
    8: at document9 office15 (211)
    9: at document9 office16 (212)
    10: at document9 office17 (213)
    11: at document9 office18 (214)
    12: at document9 office19 (215)
    13: at document9 office2 (216)
    14: at document9 office20 (217)
    15: at document9 office21 (218)
    16: at document9 office22 (219)
    17: at document9 office23 (220)
    18: at document9 office24 (221)
    19: at document9 office25 (222)
    20: at document9 office3 (223)
    21: at document9 office4 (224)
    22: at document9 office5 (225)
    23: at document9 office6 (226)
    24: at document9 office7 (227)
    25: at document9 office8 (228)
    26: at document9 office9 (229)
    27: in-train document9 (230)
    28: none-of-those (231)
  Var 8:
    0: at document11 depot (232)
    1: at document11 office (233)
    2: at document11 office1 (234)
    3: at document11 office10 (235)
    4: at document11 office11 (236)
    5: at document11 office12 (237)
    6: at document11 office13 (238)
    7: at document11 office14 (239)
    8: at document11 office15 (240)
    9: at document11 office16 (241)
    10: at document11 office17 (242)
    11: at document11 office18 (243)
    12: at document11 office19 (244)
    13: at document11 office2 (245)
    14: at document11 office20 (246)
    15: at document11 office21 (247)
    16: at document11 office22 (248)
    17: at document11 office23 (249)
    18: at document11 office24 (250)
    19: at document11 office25 (251)
    20: at document11 office3 (252)
    21: at document11 office4 (253)
    22: at document11 office5 (254)
    23: at document11 office6 (255)
    24: at document11 office7 (256)
    25: at document11 office8 (257)
    26: at document11 office9 (258)
    27: in-train document11 (259)
    28: none-of-those (260)
  Var 9:
    0: at document29 depot (261)
    1: at document29 office (262)
    2: at document29 office1 (263)
    3: at document29 office10 (264)
    4: at document29 office11 (265)
    5: at document29 office12 (266)
    6: at document29 office13 (267)
    7: at document29 office14 (268)
    8: at document29 office15 (269)
    9: at document29 office16 (270)
    10: at document29 office17 (271)
    11: at document29 office18 (272)
    12: at document29 office19 (273)
    13: at document29 office2 (274)
    14: at document29 office20 (275)
    15: at document29 office21 (276)
    16: at document29 office22 (277)
    17: at document29 office23 (278)
    18: at document29 office24 (279)
    19: at document29 office25 (280)
    20: at document29 office3 (281)
    21: at document29 office4 (282)
    22: at document29 office5 (283)
    23: at document29 office6 (284)
    24: at document29 office7 (285)
    25: at document29 office8 (286)
    26: at document29 office9 (287)
    27: in-train document29 (288)
    28: none-of-those (289)
  Var 10:
    0: at document20 depot (290)
    1: at document20 office (291)
    2: at document20 office1 (292)
    3: at document20 office10 (293)
    4: at document20 office11 (294)
    5: at document20 office12 (295)
    6: at document20 office13 (296)
    7: at document20 office14 (297)
    8: at document20 office15 (298)
    9: at document20 office16 (299)
    10: at document20 office17 (300)
    11: at document20 office18 (301)
    12: at document20 office19 (302)
    13: at document20 office2 (303)
    14: at document20 office20 (304)
    15: at document20 office21 (305)
    16: at document20 office22 (306)
    17: at document20 office23 (307)
    18: at document20 office24 (308)
    19: at document20 office25 (309)
    20: at document20 office3 (310)
    21: at document20 office4 (311)
    22: at document20 office5 (312)
    23: at document20 office6 (313)
    24: at document20 office7 (314)
    25: at document20 office8 (315)
    26: at document20 office9 (316)
    27: in-train document20 (317)
    28: none-of-those (318)
  Var 11:
    0: at fuel1 depot (319)
    1: at fuel1 office (320)
    2: at fuel1 office1 (321)
    3: at fuel1 office10 (322)
    4: at fuel1 office11 (323)
    5: at fuel1 office12 (324)
    6: at fuel1 office13 (325)
    7: at fuel1 office14 (326)
    8: at fuel1 office15 (327)
    9: at fuel1 office16 (328)
    10: at fuel1 office17 (329)
    11: at fuel1 office18 (330)
    12: at fuel1 office19 (331)
    13: at fuel1 office2 (332)
    14: at fuel1 office20 (333)
    15: at fuel1 office21 (334)
    16: at fuel1 office22 (335)
    17: at fuel1 office23 (336)
    18: at fuel1 office24 (337)
    19: at fuel1 office25 (338)
    20: at fuel1 office3 (339)
    21: at fuel1 office4 (340)
    22: at fuel1 office5 (341)
    23: at fuel1 office6 (342)
    24: at fuel1 office7 (343)
    25: at fuel1 office8 (344)
    26: at fuel1 office9 (345)
    27: in-train fuel1 (346)
    28: none-of-those (347)
  Var 12:
    0: at document12 depot (348)
    1: at document12 office (349)
    2: at document12 office1 (350)
    3: at document12 office10 (351)
    4: at document12 office11 (352)
    5: at document12 office12 (353)
    6: at document12 office13 (354)
    7: at document12 office14 (355)
    8: at document12 office15 (356)
    9: at document12 office16 (357)
    10: at document12 office17 (358)
    11: at document12 office18 (359)
    12: at document12 office19 (360)
    13: at document12 office2 (361)
    14: at document12 office20 (362)
    15: at document12 office21 (363)
    16: at document12 office22 (364)
    17: at document12 office23 (365)
    18: at document12 office24 (366)
    19: at document12 office25 (367)
    20: at document12 office3 (368)
    21: at document12 office4 (369)
    22: at document12 office5 (370)
    23: at document12 office6 (371)
    24: at document12 office7 (372)
    25: at document12 office8 (373)
    26: at document12 office9 (374)
    27: in-train document12 (375)
    28: none-of-those (376)
  Var 13:
    0: at document3 depot (377)
    1: at document3 office (378)
    2: at document3 office1 (379)
    3: at document3 office10 (380)
    4: at document3 office11 (381)
    5: at document3 office12 (382)
    6: at document3 office13 (383)
    7: at document3 office14 (384)
    8: at document3 office15 (385)
    9: at document3 office16 (386)
    10: at document3 office17 (387)
    11: at document3 office18 (388)
    12: at document3 office19 (389)
    13: at document3 office2 (390)
    14: at document3 office20 (391)
    15: at document3 office21 (392)
    16: at document3 office22 (393)
    17: at document3 office23 (394)
    18: at document3 office24 (395)
    19: at document3 office25 (396)
    20: at document3 office3 (397)
    21: at document3 office4 (398)
    22: at document3 office5 (399)
    23: at document3 office6 (400)
    24: at document3 office7 (401)
    25: at document3 office8 (402)
    26: at document3 office9 (403)
    27: in-train document3 (404)
    28: none-of-those (405)
  Var 14:
    0: at document21 depot (406)
    1: at document21 office (407)
    2: at document21 office1 (408)
    3: at document21 office10 (409)
    4: at document21 office11 (410)
    5: at document21 office12 (411)
    6: at document21 office13 (412)
    7: at document21 office14 (413)
    8: at document21 office15 (414)
    9: at document21 office16 (415)
    10: at document21 office17 (416)
    11: at document21 office18 (417)
    12: at document21 office19 (418)
    13: at document21 office2 (419)
    14: at document21 office20 (420)
    15: at document21 office21 (421)
    16: at document21 office22 (422)
    17: at document21 office23 (423)
    18: at document21 office24 (424)
    19: at document21 office25 (425)
    20: at document21 office3 (426)
    21: at document21 office4 (427)
    22: at document21 office5 (428)
    23: at document21 office6 (429)
    24: at document21 office7 (430)
    25: at document21 office8 (431)
    26: at document21 office9 (432)
    27: in-train document21 (433)
    28: none-of-those (434)
  Var 15:
    0: at fuel2 depot (435)
    1: at fuel2 office (436)
    2: at fuel2 office1 (437)
    3: at fuel2 office10 (438)
    4: at fuel2 office11 (439)
    5: at fuel2 office12 (440)
    6: at fuel2 office13 (441)
    7: at fuel2 office14 (442)
    8: at fuel2 office15 (443)
    9: at fuel2 office16 (444)
    10: at fuel2 office17 (445)
    11: at fuel2 office18 (446)
    12: at fuel2 office19 (447)
    13: at fuel2 office2 (448)
    14: at fuel2 office20 (449)
    15: at fuel2 office21 (450)
    16: at fuel2 office22 (451)
    17: at fuel2 office23 (452)
    18: at fuel2 office24 (453)
    19: at fuel2 office25 (454)
    20: at fuel2 office3 (455)
    21: at fuel2 office4 (456)
    22: at fuel2 office5 (457)
    23: at fuel2 office6 (458)
    24: at fuel2 office7 (459)
    25: at fuel2 office8 (460)
    26: at fuel2 office9 (461)
    27: in-train fuel2 (462)
    28: none-of-those (463)
  Var 16:
    0: at document13 depot (464)
    1: at document13 office (465)
    2: at document13 office1 (466)
    3: at document13 office10 (467)
    4: at document13 office11 (468)
    5: at document13 office12 (469)
    6: at document13 office13 (470)
    7: at document13 office14 (471)
    8: at document13 office15 (472)
    9: at document13 office16 (473)
    10: at document13 office17 (474)
    11: at document13 office18 (475)
    12: at document13 office19 (476)
    13: at document13 office2 (477)
    14: at document13 office20 (478)
    15: at document13 office21 (479)
    16: at document13 office22 (480)
    17: at document13 office23 (481)
    18: at document13 office24 (482)
    19: at document13 office25 (483)
    20: at document13 office3 (484)
    21: at document13 office4 (485)
    22: at document13 office5 (486)
    23: at document13 office6 (487)
    24: at document13 office7 (488)
    25: at document13 office8 (489)
    26: at document13 office9 (490)
    27: in-train document13 (491)
    28: none-of-those (492)
  Var 17:
    0: at document30 depot (493)
    1: at document30 office (494)
    2: at document30 office1 (495)
    3: at document30 office10 (496)
    4: at document30 office11 (497)
    5: at document30 office12 (498)
    6: at document30 office13 (499)
    7: at document30 office14 (500)
    8: at document30 office15 (501)
    9: at document30 office16 (502)
    10: at document30 office17 (503)
    11: at document30 office18 (504)
    12: at document30 office19 (505)
    13: at document30 office2 (506)
    14: at document30 office20 (507)
    15: at document30 office21 (508)
    16: at document30 office22 (509)
    17: at document30 office23 (510)
    18: at document30 office24 (511)
    19: at document30 office25 (512)
    20: at document30 office3 (513)
    21: at document30 office4 (514)
    22: at document30 office5 (515)
    23: at document30 office6 (516)
    24: at document30 office7 (517)
    25: at document30 office8 (518)
    26: at document30 office9 (519)
    27: in-train document30 (520)
    28: none-of-those (521)
  Var 18:
    0: at document22 depot (522)
    1: at document22 office (523)
    2: at document22 office1 (524)
    3: at document22 office10 (525)
    4: at document22 office11 (526)
    5: at document22 office12 (527)
    6: at document22 office13 (528)
    7: at document22 office14 (529)
    8: at document22 office15 (530)
    9: at document22 office16 (531)
    10: at document22 office17 (532)
    11: at document22 office18 (533)
    12: at document22 office19 (534)
    13: at document22 office2 (535)
    14: at document22 office20 (536)
    15: at document22 office21 (537)
    16: at document22 office22 (538)
    17: at document22 office23 (539)
    18: at document22 office24 (540)
    19: at document22 office25 (541)
    20: at document22 office3 (542)
    21: at document22 office4 (543)
    22: at document22 office5 (544)
    23: at document22 office6 (545)
    24: at document22 office7 (546)
    25: at document22 office8 (547)
    26: at document22 office9 (548)
    27: in-train document22 (549)
    28: none-of-those (550)
  Var 19:
    0: at document14 depot (551)
    1: at document14 office (552)
    2: at document14 office1 (553)
    3: at document14 office10 (554)
    4: at document14 office11 (555)
    5: at document14 office12 (556)
    6: at document14 office13 (557)
    7: at document14 office14 (558)
    8: at document14 office15 (559)
    9: at document14 office16 (560)
    10: at document14 office17 (561)
    11: at document14 office18 (562)
    12: at document14 office19 (563)
    13: at document14 office2 (564)
    14: at document14 office20 (565)
    15: at document14 office21 (566)
    16: at document14 office22 (567)
    17: at document14 office23 (568)
    18: at document14 office24 (569)
    19: at document14 office25 (570)
    20: at document14 office3 (571)
    21: at document14 office4 (572)
    22: at document14 office5 (573)
    23: at document14 office6 (574)
    24: at document14 office7 (575)
    25: at document14 office8 (576)
    26: at document14 office9 (577)
    27: in-train document14 (578)
    28: none-of-those (579)
  Var 20:
    0: at document31 depot (580)
    1: at document31 office (581)
    2: at document31 office1 (582)
    3: at document31 office10 (583)
    4: at document31 office11 (584)
    5: at document31 office12 (585)
    6: at document31 office13 (586)
    7: at document31 office14 (587)
    8: at document31 office15 (588)
    9: at document31 office16 (589)
    10: at document31 office17 (590)
    11: at document31 office18 (591)
    12: at document31 office19 (592)
    13: at document31 office2 (593)
    14: at document31 office20 (594)
    15: at document31 office21 (595)
    16: at document31 office22 (596)
    17: at document31 office23 (597)
    18: at document31 office24 (598)
    19: at document31 office25 (599)
    20: at document31 office3 (600)
    21: at document31 office4 (601)
    22: at document31 office5 (602)
    23: at document31 office6 (603)
    24: at document31 office7 (604)
    25: at document31 office8 (605)
    26: at document31 office9 (606)
    27: in-train document31 (607)
    28: none-of-those (608)
  Var 21:
    0: at document23 depot (609)
    1: at document23 office (610)
    2: at document23 office1 (611)
    3: at document23 office10 (612)
    4: at document23 office11 (613)
    5: at document23 office12 (614)
    6: at document23 office13 (615)
    7: at document23 office14 (616)
    8: at document23 office15 (617)
    9: at document23 office16 (618)
    10: at document23 office17 (619)
    11: at document23 office18 (620)
    12: at document23 office19 (621)
    13: at document23 office2 (622)
    14: at document23 office20 (623)
    15: at document23 office21 (624)
    16: at document23 office22 (625)
    17: at document23 office23 (626)
    18: at document23 office24 (627)
    19: at document23 office25 (628)
    20: at document23 office3 (629)
    21: at document23 office4 (630)
    22: at document23 office5 (631)
    23: at document23 office6 (632)
    24: at document23 office7 (633)
    25: at document23 office8 (634)
    26: at document23 office9 (635)
    27: in-train document23 (636)
    28: none-of-those (637)
  Var 22:
    0: at document15 depot (638)
    1: at document15 office (639)
    2: at document15 office1 (640)
    3: at document15 office10 (641)
    4: at document15 office11 (642)
    5: at document15 office12 (643)
    6: at document15 office13 (644)
    7: at document15 office14 (645)
    8: at document15 office15 (646)
    9: at document15 office16 (647)
    10: at document15 office17 (648)
    11: at document15 office18 (649)
    12: at document15 office19 (650)
    13: at document15 office2 (651)
    14: at document15 office20 (652)
    15: at document15 office21 (653)
    16: at document15 office22 (654)
    17: at document15 office23 (655)
    18: at document15 office24 (656)
    19: at document15 office25 (657)
    20: at document15 office3 (658)
    21: at document15 office4 (659)
    22: at document15 office5 (660)
    23: at document15 office6 (661)
    24: at document15 office7 (662)
    25: at document15 office8 (663)
    26: at document15 office9 (664)
    27: in-train document15 (665)
    28: none-of-those (666)
  Var 23:
    0: at document4 depot (667)
    1: at document4 office (668)
    2: at document4 office1 (669)
    3: at document4 office10 (670)
    4: at document4 office11 (671)
    5: at document4 office12 (672)
    6: at document4 office13 (673)
    7: at document4 office14 (674)
    8: at document4 office15 (675)
    9: at document4 office16 (676)
    10: at document4 office17 (677)
    11: at document4 office18 (678)
    12: at document4 office19 (679)
    13: at document4 office2 (680)
    14: at document4 office20 (681)
    15: at document4 office21 (682)
    16: at document4 office22 (683)
    17: at document4 office23 (684)
    18: at document4 office24 (685)
    19: at document4 office25 (686)
    20: at document4 office3 (687)
    21: at document4 office4 (688)
    22: at document4 office5 (689)
    23: at document4 office6 (690)
    24: at document4 office7 (691)
    25: at document4 office8 (692)
    26: at document4 office9 (693)
    27: in-train document4 (694)
    28: none-of-those (695)
  Var 24:
    0: at document24 depot (696)
    1: at document24 office (697)
    2: at document24 office1 (698)
    3: at document24 office10 (699)
    4: at document24 office11 (700)
    5: at document24 office12 (701)
    6: at document24 office13 (702)
    7: at document24 office14 (703)
    8: at document24 office15 (704)
    9: at document24 office16 (705)
    10: at document24 office17 (706)
    11: at document24 office18 (707)
    12: at document24 office19 (708)
    13: at document24 office2 (709)
    14: at document24 office20 (710)
    15: at document24 office21 (711)
    16: at document24 office22 (712)
    17: at document24 office23 (713)
    18: at document24 office24 (714)
    19: at document24 office25 (715)
    20: at document24 office3 (716)
    21: at document24 office4 (717)
    22: at document24 office5 (718)
    23: at document24 office6 (719)
    24: at document24 office7 (720)
    25: at document24 office8 (721)
    26: at document24 office9 (722)
    27: in-train document24 (723)
    28: none-of-those (724)
  Var 25:
    0: at document16 depot (725)
    1: at document16 office (726)
    2: at document16 office1 (727)
    3: at document16 office10 (728)
    4: at document16 office11 (729)
    5: at document16 office12 (730)
    6: at document16 office13 (731)
    7: at document16 office14 (732)
    8: at document16 office15 (733)
    9: at document16 office16 (734)
    10: at document16 office17 (735)
    11: at document16 office18 (736)
    12: at document16 office19 (737)
    13: at document16 office2 (738)
    14: at document16 office20 (739)
    15: at document16 office21 (740)
    16: at document16 office22 (741)
    17: at document16 office23 (742)
    18: at document16 office24 (743)
    19: at document16 office25 (744)
    20: at document16 office3 (745)
    21: at document16 office4 (746)
    22: at document16 office5 (747)
    23: at document16 office6 (748)
    24: at document16 office7 (749)
    25: at document16 office8 (750)
    26: at document16 office9 (751)
    27: in-train document16 (752)
    28: none-of-those (753)
  Var 26:
    0: at document5 depot (754)
    1: at document5 office (755)
    2: at document5 office1 (756)
    3: at document5 office10 (757)
    4: at document5 office11 (758)
    5: at document5 office12 (759)
    6: at document5 office13 (760)
    7: at document5 office14 (761)
    8: at document5 office15 (762)
    9: at document5 office16 (763)
    10: at document5 office17 (764)
    11: at document5 office18 (765)
    12: at document5 office19 (766)
    13: at document5 office2 (767)
    14: at document5 office20 (768)
    15: at document5 office21 (769)
    16: at document5 office22 (770)
    17: at document5 office23 (771)
    18: at document5 office24 (772)
    19: at document5 office25 (773)
    20: at document5 office3 (774)
    21: at document5 office4 (775)
    22: at document5 office5 (776)
    23: at document5 office6 (777)
    24: at document5 office7 (778)
    25: at document5 office8 (779)
    26: at document5 office9 (780)
    27: in-train document5 (781)
    28: none-of-those (782)
  Var 27:
    0: at document25 depot (783)
    1: at document25 office (784)
    2: at document25 office1 (785)
    3: at document25 office10 (786)
    4: at document25 office11 (787)
    5: at document25 office12 (788)
    6: at document25 office13 (789)
    7: at document25 office14 (790)
    8: at document25 office15 (791)
    9: at document25 office16 (792)
    10: at document25 office17 (793)
    11: at document25 office18 (794)
    12: at document25 office19 (795)
    13: at document25 office2 (796)
    14: at document25 office20 (797)
    15: at document25 office21 (798)
    16: at document25 office22 (799)
    17: at document25 office23 (800)
    18: at document25 office24 (801)
    19: at document25 office25 (802)
    20: at document25 office3 (803)
    21: at document25 office4 (804)
    22: at document25 office5 (805)
    23: at document25 office6 (806)
    24: at document25 office7 (807)
    25: at document25 office8 (808)
    26: at document25 office9 (809)
    27: in-train document25 (810)
    28: none-of-those (811)
  Var 28:
    0: at document17 depot (812)
    1: at document17 office (813)
    2: at document17 office1 (814)
    3: at document17 office10 (815)
    4: at document17 office11 (816)
    5: at document17 office12 (817)
    6: at document17 office13 (818)
    7: at document17 office14 (819)
    8: at document17 office15 (820)
    9: at document17 office16 (821)
    10: at document17 office17 (822)
    11: at document17 office18 (823)
    12: at document17 office19 (824)
    13: at document17 office2 (825)
    14: at document17 office20 (826)
    15: at document17 office21 (827)
    16: at document17 office22 (828)
    17: at document17 office23 (829)
    18: at document17 office24 (830)
    19: at document17 office25 (831)
    20: at document17 office3 (832)
    21: at document17 office4 (833)
    22: at document17 office5 (834)
    23: at document17 office6 (835)
    24: at document17 office7 (836)
    25: at document17 office8 (837)
    26: at document17 office9 (838)
    27: in-train document17 (839)
    28: none-of-those (840)
  Var 29:
    0: at document6 depot (841)
    1: at document6 office (842)
    2: at document6 office1 (843)
    3: at document6 office10 (844)
    4: at document6 office11 (845)
    5: at document6 office12 (846)
    6: at document6 office13 (847)
    7: at document6 office14 (848)
    8: at document6 office15 (849)
    9: at document6 office16 (850)
    10: at document6 office17 (851)
    11: at document6 office18 (852)
    12: at document6 office19 (853)
    13: at document6 office2 (854)
    14: at document6 office20 (855)
    15: at document6 office21 (856)
    16: at document6 office22 (857)
    17: at document6 office23 (858)
    18: at document6 office24 (859)
    19: at document6 office25 (860)
    20: at document6 office3 (861)
    21: at document6 office4 (862)
    22: at document6 office5 (863)
    23: at document6 office6 (864)
    24: at document6 office7 (865)
    25: at document6 office8 (866)
    26: at document6 office9 (867)
    27: in-train document6 (868)
    28: none-of-those (869)
  Var 30:
    0: at document26 depot (870)
    1: at document26 office (871)
    2: at document26 office1 (872)
    3: at document26 office10 (873)
    4: at document26 office11 (874)
    5: at document26 office12 (875)
    6: at document26 office13 (876)
    7: at document26 office14 (877)
    8: at document26 office15 (878)
    9: at document26 office16 (879)
    10: at document26 office17 (880)
    11: at document26 office18 (881)
    12: at document26 office19 (882)
    13: at document26 office2 (883)
    14: at document26 office20 (884)
    15: at document26 office21 (885)
    16: at document26 office22 (886)
    17: at document26 office23 (887)
    18: at document26 office24 (888)
    19: at document26 office25 (889)
    20: at document26 office3 (890)
    21: at document26 office4 (891)
    22: at document26 office5 (892)
    23: at document26 office6 (893)
    24: at document26 office7 (894)
    25: at document26 office8 (895)
    26: at document26 office9 (896)
    27: in-train document26 (897)
    28: none-of-those (898)
  Var 31:
    0: at document18 depot (899)
    1: at document18 office (900)
    2: at document18 office1 (901)
    3: at document18 office10 (902)
    4: at document18 office11 (903)
    5: at document18 office12 (904)
    6: at document18 office13 (905)
    7: at document18 office14 (906)
    8: at document18 office15 (907)
    9: at document18 office16 (908)
    10: at document18 office17 (909)
    11: at document18 office18 (910)
    12: at document18 office19 (911)
    13: at document18 office2 (912)
    14: at document18 office20 (913)
    15: at document18 office21 (914)
    16: at document18 office22 (915)
    17: at document18 office23 (916)
    18: at document18 office24 (917)
    19: at document18 office25 (918)
    20: at document18 office3 (919)
    21: at document18 office4 (920)
    22: at document18 office5 (921)
    23: at document18 office6 (922)
    24: at document18 office7 (923)
    25: at document18 office8 (924)
    26: at document18 office9 (925)
    27: in-train document18 (926)
    28: none-of-those (927)
  Var 32:
    0: at document7 depot (928)
    1: at document7 office (929)
    2: at document7 office1 (930)
    3: at document7 office10 (931)
    4: at document7 office11 (932)
    5: at document7 office12 (933)
    6: at document7 office13 (934)
    7: at document7 office14 (935)
    8: at document7 office15 (936)
    9: at document7 office16 (937)
    10: at document7 office17 (938)
    11: at document7 office18 (939)
    12: at document7 office19 (940)
    13: at document7 office2 (941)
    14: at document7 office20 (942)
    15: at document7 office21 (943)
    16: at document7 office22 (944)
    17: at document7 office23 (945)
    18: at document7 office24 (946)
    19: at document7 office25 (947)
    20: at document7 office3 (948)
    21: at document7 office4 (949)
    22: at document7 office5 (950)
    23: at document7 office6 (951)
    24: at document7 office7 (952)
    25: at document7 office8 (953)
    26: at document7 office9 (954)
    27: in-train document7 (955)
    28: none-of-those (956)
  Var 33:
    0: train-at depot (957)
    1: train-at office (958)
    2: train-at office1 (959)
    3: train-at office10 (960)
    4: train-at office11 (961)
    5: train-at office12 (962)
    6: train-at office13 (963)
    7: train-at office14 (964)
    8: train-at office15 (965)
    9: train-at office16 (966)
    10: train-at office17 (967)
    11: train-at office18 (968)
    12: train-at office19 (969)
    13: train-at office2 (970)
    14: train-at office20 (971)
    15: train-at office21 (972)
    16: train-at office22 (973)
    17: train-at office23 (974)
    18: train-at office24 (975)
    19: train-at office25 (976)
    20: train-at office3 (977)
    21: train-at office4 (978)
    22: train-at office5 (979)
    23: train-at office6 (980)
    24: train-at office7 (981)
    25: train-at office8 (982)
    26: train-at office9 (983)
