Vars (134):
  Var 0:
    0: empty highspeed-saw0 (0)
    1: in-highspeed-saw b0 highspeed-saw0 (1)
    2: in-highspeed-saw b1 highspeed-saw0 (2)
    3: in-highspeed-saw b2 highspeed-saw0 (3)
    4: in-highspeed-saw b3 highspeed-saw0 (4)
  Var 1:
    0: treatment p0 colourfragments (5)
    1: treatment p0 glazed (6)
    2: treatment p0 untreated (7)
    3: treatment p0 varnished (8)
    4: unused p0 (9)
  Var 2:
    0: treatment p1 colourfragments (10)
    1: treatment p1 glazed (11)
    2: treatment p1 untreated (12)
    3: treatment p1 varnished (13)
    4: unused p1 (14)
  Var 3:
    0: treatment p10 colourfragments (15)
    1: treatment p10 glazed (16)
    2: treatment p10 untreated (17)
    3: treatment p10 varnished (18)
    4: unused p10 (19)
  Var 4:
    0: treatment p2 colourfragments (20)
    1: treatment p2 glazed (21)
    2: treatment p2 untreated (22)
    3: treatment p2 varnished (23)
    4: unused p2 (24)
  Var 5:
    0: treatment p3 colourfragments (25)
    1: treatment p3 glazed (26)
    2: treatment p3 untreated (27)
    3: treatment p3 varnished (28)
    4: unused p3 (29)
  Var 6:
    0: treatment p4 colourfragments (30)
    1: treatment p4 glazed (31)
    2: treatment p4 untreated (32)
    3: treatment p4 varnished (33)
    4: unused p4 (34)
  Var 7:
    0: treatment p5 colourfragments (35)
    1: treatment p5 glazed (36)
    2: treatment p5 untreated (37)
    3: treatment p5 varnished (38)
    4: unused p5 (39)
  Var 8:
    0: treatment p7 colourfragments (40)
    1: treatment p7 glazed (41)
    2: treatment p7 untreated (42)
    3: treatment p7 varnished (43)
    4: unused p7 (44)
  Var 9:
    0: treatment p8 colourfragments (45)
    1: treatment p8 glazed (46)
    2: treatment p8 untreated (47)
    3: treatment p8 varnished (48)
    4: unused p8 (49)
  Var 10:
    0: treatment p9 colourfragments (50)
    1: treatment p9 glazed (51)
    2: treatment p9 untreated (52)
    3: treatment p9 varnished (53)
    4: unused p9 (54)
  Var 11:
    0: treatment p6 colourfragments (55)
    1: treatment p6 glazed (56)
    2: treatment p6 untreated (57)
    3: treatment p6 varnished (58)
  Var 12:
    0: surface-condition p0 rough (59)
    1: surface-condition p0 smooth (60)
    2: surface-condition p0 verysmooth (61)
    3: none-of-those (62)
  Var 13:
    0: surface-condition p1 rough (63)
    1: surface-condition p1 smooth (64)
    2: surface-condition p1 verysmooth (65)
    3: none-of-those (66)
  Var 14:
    0: surface-condition p10 rough (67)
    1: surface-condition p10 smooth (68)
    2: surface-condition p10 verysmooth (69)
    3: none-of-those (70)
  Var 15:
    0: surface-condition p2 rough (71)
    1: surface-condition p2 smooth (72)
    2: surface-condition p2 verysmooth (73)
    3: none-of-those (74)
  Var 16:
    0: surface-condition p3 rough (75)
    1: surface-condition p3 smooth (76)
    2: surface-condition p3 verysmooth (77)
    3: none-of-those (78)
  Var 17:
    0: surface-condition p4 rough (79)
    1: surface-condition p4 smooth (80)
    2: surface-condition p4 verysmooth (81)
    3: none-of-those (82)
  Var 18:
    0: surface-condition p5 rough (83)
    1: surface-condition p5 smooth (84)
    2: surface-condition p5 verysmooth (85)
    3: none-of-those (86)
  Var 19:
    0: surface-condition p7 rough (87)
    1: surface-condition p7 smooth (88)
    2: surface-condition p7 verysmooth (89)
    3: none-of-those (90)
  Var 20:
    0: surface-condition p8 rough (91)
    1: surface-condition p8 smooth (92)
    2: surface-condition p8 verysmooth (93)
    3: none-of-those (94)
  Var 21:
    0: surface-condition p9 rough (95)
    1: surface-condition p9 smooth (96)
    2: surface-condition p9 verysmooth (97)
    3: none-of-those (98)
  Var 22:
    0: wood p0 pine (99)
    1: wood p0 teak (100)
    2: wood p0 walnut (101)
    3: none-of-those (102)
  Var 23:
    0: wood p1 pine (103)
    1: wood p1 teak (104)
    2: wood p1 walnut (105)
    3: none-of-those (106)
  Var 24:
    0: wood p10 pine (107)
    1: wood p10 teak (108)
    2: wood p10 walnut (109)
    3: none-of-those (110)
  Var 25:
    0: wood p2 pine (111)
    1: wood p2 teak (112)
    2: wood p2 walnut (113)
    3: none-of-those (114)
  Var 26:
    0: wood p3 pine (115)
    1: wood p3 teak (116)
    2: wood p3 walnut (117)
    3: none-of-those (118)
  Var 27:
    0: wood p4 pine (119)
    1: wood p4 teak (120)
    2: wood p4 walnut (121)
    3: none-of-those (122)
  Var 28:
    0: wood p5 pine (123)
    1: wood p5 teak (124)
    2: wood p5 walnut (125)
    3: none-of-those (126)
  Var 29:
    0: wood p7 pine (127)
    1: wood p7 teak (128)
    2: wood p7 walnut (129)
    3: none-of-those (130)
  Var 30:
    0: wood p8 pine (131)
    1: wood p8 teak (132)
    2: wood p8 walnut (133)
    3: none-of-those (134)
  Var 31:
    0: wood p9 pine (135)
    1: wood p9 teak (136)
    2: wood p9 walnut (137)
    3: none-of-those (138)
  Var 32:
    0: surface-condition p6 smooth (139)
    1: surface-condition p6 verysmooth (140)
  Var 33:
    0: available b0 (141)
    1: none-of-those (142)
  Var 34:
    0: available b1 (143)
    1: none-of-those (144)
  Var 35:
    0: available b2 (145)
    1: none-of-those (146)
  Var 36:
    0: available b3 (147)
    1: none-of-those (148)
  Var 37:
    0: available p0 (149)
    1: none-of-those (150)
  Var 38:
    0: available p1 (151)
    1: none-of-those (152)
  Var 39:
    0: available p10 (153)
    1: none-of-those (154)
  Var 40:
    0: available p2 (155)
    1: none-of-those (156)
  Var 41:
    0: available p3 (157)
    1: none-of-those (158)
  Var 42:
    0: available p4 (159)
    1: none-of-those (160)
  Var 43:
    0: available p5 (161)
    1: none-of-those (162)
  Var 44:
    0: available p7 (163)
    1: none-of-those (164)
  Var 45:
    0: available p8 (165)
    1: none-of-those (166)
  Var 46:
    0: available p9 (167)
    1: none-of-those (168)
  Var 47:
    0: boardsize b0 s0 (169)
    1: none-of-those (170)
  Var 48:
    0: boardsize b0 s1 (171)
    1: none-of-those (172)
  Var 49:
    0: boardsize b0 s2 (173)
    1: none-of-those (174)
  Var 50:
    0: boardsize b0 s3 (175)
    1: none-of-those (176)
  Var 51:
    0: boardsize b0 s4 (177)
    1: none-of-those (178)
  Var 52:
    0: boardsize b0 s5 (179)
    1: none-of-those (180)
  Var 53:
    0: boardsize b0 s6 (181)
    1: none-of-those (182)
  Var 54:
    0: boardsize b0 s7 (183)
    1: none-of-those (184)
  Var 55:
    0: boardsize b0 s8 (185)
    1: none-of-those (186)
  Var 56:
    0: boardsize b2 s0 (187)
    1: none-of-those (188)
  Var 57:
    0: boardsize b2 s1 (189)
    1: none-of-those (190)
  Var 58:
    0: boardsize b2 s2 (191)
    1: none-of-those (192)
  Var 59:
    0: boardsize b2 s3 (193)
    1: none-of-those (194)
  Var 60:
    0: boardsize b2 s4 (195)
    1: none-of-those (196)
  Var 61:
    0: boardsize b2 s5 (197)
    1: none-of-those (198)
  Var 62:
    0: boardsize b2 s6 (199)
    1: none-of-those (200)
  Var 63:
    0: boardsize b2 s7 (201)
    1: none-of-those (202)
  Var 64:
    0: boardsize b3 s0 (203)
    1: none-of-those (204)
  Var 65:
    0: boardsize b3 s1 (205)
    1: none-of-those (206)
  Var 66:
    0: boardsize b3 s2 (207)
    1: none-of-those (208)
  Var 67:
    0: boardsize b3 s3 (209)
    1: none-of-those (210)
  Var 68:
    0: colour p0 black (211)
    1: none-of-those (212)
  Var 69:
    0: colour p0 green (213)
    1: none-of-those (214)
  Var 70:
    0: colour p0 mauve (215)
    1: none-of-those (216)
  Var 71:
    0: colour p0 natural (217)
    1: none-of-those (218)
  Var 72:
    0: colour p0 red (219)
    1: none-of-those (220)
  Var 73:
    0: colour p0 white (221)
    1: none-of-those (222)
  Var 74:
    0: colour p1 black (223)
    1: none-of-those (224)
  Var 75:
    0: colour p1 green (225)
    1: none-of-those (226)
  Var 76:
    0: colour p1 mauve (227)
    1: none-of-those (228)
  Var 77:
    0: colour p1 natural (229)
    1: none-of-those (230)
  Var 78:
    0: colour p1 red (231)
    1: none-of-those (232)
  Var 79:
    0: colour p1 white (233)
    1: none-of-those (234)
  Var 80:
    0: colour p10 black (235)
    1: none-of-those (236)
  Var 81:
    0: colour p10 green (237)
    1: none-of-those (238)
  Var 82:
    0: colour p10 mauve (239)
    1: none-of-those (240)
  Var 83:
    0: colour p10 natural (241)
    1: none-of-those (242)
  Var 84:
    0: colour p10 red (243)
    1: none-of-those (244)
  Var 85:
    0: colour p10 white (245)
    1: none-of-those (246)
  Var 86:
    0: colour p2 black (247)
    1: none-of-those (248)
  Var 87:
    0: colour p2 green (249)
    1: none-of-those (250)
  Var 88:
    0: colour p2 mauve (251)
    1: none-of-those (252)
  Var 89:
    0: colour p2 natural (253)
    1: none-of-those (254)
  Var 90:
    0: colour p2 red (255)
    1: none-of-those (256)
  Var 91:
    0: colour p2 white (257)
    1: none-of-those (258)
  Var 92:
    0: colour p3 black (259)
    1: none-of-those (260)
  Var 93:
    0: colour p3 green (261)
    1: none-of-those (262)
  Var 94:
    0: colour p3 mauve (263)
    1: none-of-those (264)
  Var 95:
    0: colour p3 natural (265)
    1: none-of-those (266)
  Var 96:
    0: colour p3 red (267)
    1: none-of-those (268)
  Var 97:
    0: colour p3 white (269)
    1: none-of-those (270)
  Var 98:
    0: colour p4 black (271)
    1: none-of-those (272)
  Var 99:
    0: colour p4 green (273)
    1: none-of-those (274)
  Var 100:
    0: colour p4 mauve (275)
    1: none-of-those (276)
  Var 101:
    0: colour p4 natural (277)
    1: none-of-those (278)
  Var 102:
    0: colour p4 red (279)
    1: none-of-those (280)
  Var 103:
    0: colour p4 white (281)
    1: none-of-those (282)
  Var 104:
    0: colour p5 black (283)
    1: none-of-those (284)
  Var 105:
    0: colour p5 green (285)
    1: none-of-those (286)
  Var 106:
    0: colour p5 mauve (287)
    1: none-of-those (288)
  Var 107:
    0: colour p5 natural (289)
    1: none-of-those (290)
  Var 108:
    0: colour p5 red (291)
    1: none-of-those (292)
  Var 109:
    0: colour p5 white (293)
    1: none-of-those (294)
  Var 110:
    0: colour p6 black (295)
    1: none-of-those (296)
  Var 111:
    0: colour p6 green (297)
    1: none-of-those (298)
  Var 112:
    0: colour p6 mauve (299)
    1: none-of-those (300)
  Var 113:
    0: colour p6 natural (301)
    1: none-of-those (302)
  Var 114:
    0: colour p6 red (303)
    1: none-of-those (304)
  Var 115:
    0: colour p6 white (305)
    1: none-of-those (306)
  Var 116:
    0: colour p7 black (307)
    1: none-of-those (308)
  Var 117:
    0: colour p7 green (309)
    1: none-of-those (310)
  Var 118:
    0: colour p7 mauve (311)
    1: none-of-those (312)
  Var 119:
    0: colour p7 natural (313)
    1: none-of-those (314)
  Var 120:
    0: colour p7 red (315)
    1: none-of-those (316)
  Var 121:
    0: colour p7 white (317)
    1: none-of-those (318)
  Var 122:
    0: colour p8 black (319)
    1: none-of-those (320)
  Var 123:
    0: colour p8 green (321)
    1: none-of-those (322)
  Var 124:
    0: colour p8 mauve (323)
    1: none-of-those (324)
  Var 125:
    0: colour p8 natural (325)
    1: none-of-those (326)
  Var 126:
    0: colour p8 red (327)
    1: none-of-those (328)
  Var 127:
    0: colour p8 white (329)
    1: none-of-those (330)
  Var 128:
    0: colour p9 black (331)
    1: none-of-those (332)
  Var 129:
    0: colour p9 green (333)
    1: none-of-those (334)
  Var 130:
    0: colour p9 mauve (335)
    1: none-of-those (336)
  Var 131:
    0: colour p9 natural (337)
    1: none-of-those (338)
  Var 132:
    0: colour p9 red (339)
    1: none-of-those (340)
  Var 133:
    0: colour p9 white (341)
    1: none-of-those (342)
