Vars (10):
  Var 0:
    0: cut-point-1 sub1 (0)
    1: cut-point-1 sub2 (1)
    2: cut-point-1 sub3 (2)
    3: finished (3)
    4: have-cut (4)
    5: idle (5)
    6: inverse-splice-next sub1 (6)
    7: inverse-splice-next sub2 (7)
    8: inverse-splice-next sub3 (8)
    9: inverse-splicing (9)
    10: inverse-splicing-last (10)
    11: splice-next sub1 (11)
    12: splice-next sub2 (12)
    13: splice-next sub3 (13)
    14: splicing (14)
    15: splicing-last (15)
  Var 1:
    0: cut-point-2 sub1 (16)
    1: cw sub1 sub1 (17)
    2: cw sub2 sub1 (18)
    3: cw sub3 sub1 (19)
    4: s-first sub1 (20)
    5: s-next sub2 sub1 (21)
    6: s-next sub3 sub1 (22)
    7: splice-point-2 sub1 (23)
    8: none-of-those (24)
  Var 2:
    0: cut-point-2 sub2 (25)
    1: cw sub1 sub2 (26)
    2: cw sub2 sub2 (27)
    3: cw sub3 sub2 (28)
    4: s-first sub2 (29)
    5: s-next sub1 sub2 (30)
    6: s-next sub3 sub2 (31)
    7: splice-point-2 sub2 (32)
    8: none-of-those (33)
  Var 3:
    0: cut-point-2 sub3 (34)
    1: cw sub1 sub3 (35)
    2: cw sub2 sub3 (36)
    3: cw sub3 sub3 (37)
    4: s-first sub3 (38)
    5: s-next sub1 sub3 (39)
    6: s-next sub2 sub3 (40)
    7: splice-point-2 sub3 (41)
    8: none-of-those (42)
  Var 4:
    0: cutting (43)
    1: splice-point-1 sub1 (44)
    2: splice-point-1 sub2 (45)
    3: splice-point-1 sub3 (46)
    4: none-of-those (47)
  Var 5:
    0: last-cut-point sub1 (48)
    1: last-cut-point sub2 (49)
    2: last-cut-point sub3 (50)
    3: none-of-those (51)
  Var 6:
    0: s-last sub1 (52)
    1: s-last sub2 (53)
    2: s-last sub3 (54)
    3: none-of-those (55)
  Var 7:
    0: inverted sub1 (56)
    1: normal sub1 (57)
  Var 8:
    0: inverted sub2 (58)
    1: normal sub2 (59)
  Var 9:
    0: inverted sub3 (60)
    1: normal sub3 (61)
