Vars (26):
  Var 0:
    0: bond c016 o066 (0)
    1: none-of-those (1)
  Var 1:
    0: bond c016 o178 (2)
    1: none-of-those (3)
  Var 2:
    0: bond c032 o066 (4)
    1: none-of-those (5)
  Var 3:
    0: bond c032 o178 (6)
    1: none-of-those (7)
  Var 4:
    0: bond cl073 h061 (8)
    1: none-of-those (9)
  Var 5:
    0: bond cl073 h180 (10)
    1: none-of-those (11)
  Var 6:
    0: bond cl073 s072 (12)
    1: none-of-those (13)
  Var 7:
    0: bond h061 cl073 (14)
    1: none-of-those (15)
  Var 8:
    0: bond h061 o066 (16)
    1: none-of-those (17)
  Var 9:
    0: bond h061 o178 (18)
    1: none-of-those (19)
  Var 10:
    0: bond h180 cl073 (20)
    1: none-of-those (21)
  Var 11:
    0: bond h180 o066 (22)
    1: none-of-those (23)
  Var 12:
    0: bond h180 o178 (24)
    1: none-of-those (25)
  Var 13:
    0: bond o066 c016 (26)
    1: none-of-those (27)
  Var 14:
    0: bond o066 c032 (28)
    1: none-of-those (29)
  Var 15:
    0: bond o066 h061 (30)
    1: none-of-those (31)
  Var 16:
    0: bond o066 h180 (32)
    1: none-of-those (33)
  Var 17:
    0: bond o066 s072 (34)
    1: none-of-those (35)
  Var 18:
    0: bond o178 c016 (36)
    1: none-of-those (37)
  Var 19:
    0: bond o178 c032 (38)
    1: none-of-those (39)
  Var 20:
    0: bond o178 h061 (40)
    1: none-of-those (41)
  Var 21:
    0: bond o178 h180 (42)
    1: none-of-those (43)
  Var 22:
    0: bond o178 s072 (44)
    1: none-of-those (45)
  Var 23:
    0: bond s072 cl073 (46)
    1: none-of-those (47)
  Var 24:
    0: bond s072 o066 (48)
    1: none-of-those (49)
  Var 25:
    0: bond s072 o178 (50)
    1: none-of-those (51)
