Mutex pairs: 1795 -> 5913
Unreachable facts [0 + 8/189]:
  (autotakeoff-fsm_exec-is-action2-exit_ato-0-0-275)
  (autotakeoff-fsm_exec-is-reaction_cancel_1_ato-0-0-275)
  (autotakeoff-fsm_exec-is-reaction_error_1_ato-0-0-275)
  (autotakeoff-mode-is-failed_ato-0-0-275)
  (called-by_f3d-0-0-346_missionexecutor)
  (fly3d-fsm_exec-is-action2-exit_f3d-0-0-346)
  (fly3d-fsm_exec-is-action2-fail_f3d-0-0-346)
  (missionexec-active-mission_heli0_f3d-0-0-346)
Unreachable ops [0 + 90/212]:
  (autotakeoff-go_to_final_altitude_action1_no_climb-1_ato-0-0-275_n0_n1)
  (autotakeoff-go_to_final_altitude_fcl_cancel_1-flightcontrol-fcl-event-canceled-1_ato-0-0-275_heli0_heli0_n0_n1)
  (autotakeoff-go_to_final_altitude_fcl_cancel_2-flightcontrol-fcl-event-manual-1_ato-0-0-275_heli0_heli0_n0_n1)
  (autotakeoff-go_to_final_altitude_fcl_error_1-flightcontrol-fcl-event-not_accepted-1_ato-0-0-275_heli0_heli0_n0_n1)
  (autotakeoff-go_to_final_altitude_fcl_finished-flightcontrol-fcl-event-finished-0_ato-0-0-275_heli0_heli0_obs4)
  (autotakeoff-takeoff_fcl_cancel_1-flightcontrol-fcl-event-canceled-1_ato-0-0-275_heli0_heli0_n0_n1)
  (autotakeoff-takeoff_fcl_cancel_2-flightcontrol-fcl-event-manual-1_ato-0-0-275_heli0_heli0_n0_n1)
  (autotakeoff-takeoff_fcl_error_1-flightcontrol-fcl-event-not_accepted-1_ato-0-0-275_heli0_heli0_n0_n1)
  (fly3d-enter_turn_to_goal_heading_checkpoint31b-1_f3d-0-0-346_n0_n1)
  (fly3d-enter_turn_to_goal_heading_yaw_wait_cancel_1-flightcontrol-fcl-return-canceled-1_f3d-0-0-346_heli0_heli0_n0_n1)
  (fly3d-enter_turn_to_goal_heading_yaw_wait_cancel_2-flightcontrol-fcl-return-manual-1_f3d-0-0-346_heli0_heli0_n0_n1)
  (fly3d-enter_turn_to_goal_heading_yaw_wait_error-flightcontrol-fcl-return-not_accepted-1_f3d-0-0-346_heli0_heli0_n0_n1)
  (fly3d-enter_turn_to_goal_heading_yaw_wait_finish_2-flightcontrol-fcl-return-finished-1_f3d-0-0-346_heli0_heli0_n0_n1)
  (fly3d-in_send_first_trajectory_fcl_finished-flightcontrol-fcl-event-finished-0_f3d-0-0-346_heli0_heli0_obs4)
  (fly3d-in_send_first_trajectory_fcl_finished-flightcontrol-fcl-event-finished-1_f3d-0-0-346_heli0_heli0_n0_n1)
  (fly3d-in_wait_for_yaw_finish_fcl_finished-flightcontrol-fcl-event-finished-0_f3d-0-0-346_heli0_heli0_obs4)
  (fly3d-in_wait_trajectory_end_fcl_finished-flightcontrol-fcl-event-finished-0_f3d-0-0-346_heli0_heli0_obs4)
  (missionexec-destroy-mission-autotakeoff-call_destroy_when_failed-1_heli0_ato-0-0-275_ato-0-0-275_n0_n1)
  (missionexec-destroy-mission-fly3d-call_destroy_when_done-1_heli0_f3d-0-0-346_f3d-0-0-346_n0_n1)
  (missionexec-destroy-mission-fly3d-call_destroy_when_failed-1_heli0_f3d-0-0-346_f3d-0-0-346_n0_n1)
  (missionexec-init-mission-fail-autotakeoff-fail_in_start_call_heli0_ato-0-0-275_ato-0-0-275)
  (missionexec-init-mission-fail-autotakeoff-init_fail_heli0_ato-0-0-275_ato-0-0-275)
  (missionexec-init-mission-fail-fly3d-fail_in_start_call_heli0_f3d-0-0-346_f3d-0-0-346)
  (missionexec-init-mission-fail-fly3d-init_fail_heli0_f3d-0-0-346_f3d-0-0-346)
  (missionexec-init-mission-fail-navtopoint-fail_in_start_call_heli0_nav-0-0-275_nav-0-0-275)
  (missionexec-init-mission-fly3d-call_set_args_heli0_f3d-0-0-346_f3d-0-0-346_missionexecutor)
  (missionexec-init-mission-ok-fly3d-init_ok-1_heli0_f3d-0-0-346_f3d-0-0-346_missionexecutor_n0_n1)
  (missionexec-mission-done-autotakeoff-go_to_final_altitude_action2_exit-1_heli0_ato-0-0-275_ato-0-0-275_n0_n1)
  (missionexec-mission-done-autotakeoff-go_to_final_altitude_fcl_cancel_reaction1-1_heli0_ato-0-0-275_ato-0-0-275_n0_n1)
  (missionexec-mission-done-autotakeoff-takeoff_fcl_cancel_reaction1-1_heli0_ato-0-0-275_ato-0-0-275_n0_n1)
  (missionexec-mission-done-fly3d-enter_turn_to_goal_heading_action2-exit-1_heli0_f3d-0-0-346_f3d-0-0-346_n0_n1)
  (missionexec-mission-done-fly3d-global_fcl_cancel_reaction1-1_heli0_f3d-0-0-346_f3d-0-0-346_n0_n1)
  (missionexec-mission-done-fly3d-goal_point_wait_cmd_continue_exit-1_heli0_f3d-0-0-346_f3d-0-0-346_n0_n1)
  (missionexec-mission-done-fly3d-in_send_starting_yaw_command_fcl_cancel_reaction1-1_heli0_f3d-0-0-346_f3d-0-0-346_n0_n1)
  (missionexec-mission-done-fly3d-in_wait_for_yaw_finish_fcl_cancel_reaction1-1_heli0_f3d-0-0-346_f3d-0-0-346_n0_n1)
  (missionexec-mission-done-fly3d-in_wait_trajectory_end_fcl_finished_reaction2c-1_heli0_f3d-0-0-346_f3d-0-0-346_n0_n1)
  (missionexec-mission-done-navtopoint-wait_for_go_exit-1_heli0_nav-0-0-275_nav-0-0-275_n0_n1)
  (missionexec-mission-failed-autotakeoff-go_to_final_altitude_action1_fail_service-1_heli0_ato-0-0-275_ato-0-0-275_n0_n1)
  (missionexec-mission-failed-autotakeoff-go_to_final_altitude_action1_fail_specific_101-1_heli0_ato-0-0-275_ato-0-0-275_n0_n1)
  (missionexec-mission-failed-autotakeoff-go_to_final_altitude_action1_fail_specific_102-1_heli0_ato-0-0-275_ato-0-0-275_n0_n1)
  (missionexec-mission-failed-autotakeoff-go_to_final_altitude_climb_fail_service-1_heli0_ato-0-0-275_ato-0-0-275_n0_n1)
  (missionexec-mission-failed-autotakeoff-go_to_final_altitude_fcl_error_reaction-1_heli0_ato-0-0-275_ato-0-0-275_n0_n1)
  (missionexec-mission-failed-autotakeoff-takeoff_fcl_error_reaction1-1_heli0_ato-0-0-275_ato-0-0-275_n0_n1)
  (missionexec-mission-failed-fly3d-enter_goal_point_wait_fail_service-1_heli0_f3d-0-0-346_f3d-0-0-346_n0_n1)
  (missionexec-mission-failed-fly3d-enter_send_first_trajectory_fail_service-1_heli0_f3d-0-0-346_f3d-0-0-346_n0_n1)
  (missionexec-mission-failed-fly3d-enter_send_first_trajectory_fail_specific_220-1_heli0_f3d-0-0-346_f3d-0-0-346_n0_n1)
  (missionexec-mission-failed-fly3d-enter_send_starting_yaw_command_fail_service-1_heli0_f3d-0-0-346_f3d-0-0-346_n0_n1)
  (missionexec-mission-failed-fly3d-enter_turn_to_goal_heading_action2-fail-1_heli0_f3d-0-0-346_f3d-0-0-346_n0_n1)
  (missionexec-mission-failed-fly3d-enter_turn_to_goal_heading_fail_service-1_heli0_f3d-0-0-346_f3d-0-0-346_n0_n1)
  (missionexec-mission-failed-fly3d-enter_turn_to_segment_heading_fail_service-1_heli0_f3d-0-0-346_f3d-0-0-346_n0_n1)
  (missionexec-mission-failed-fly3d-enter_turn_to_segment_heading_fail_specific_221-1_heli0_f3d-0-0-346_f3d-0-0-346_n0_n1)
  (missionexec-mission-failed-fly3d-enter_turn_to_segment_heading_fail_specific_222-1_heli0_f3d-0-0-346_f3d-0-0-346_n0_n1)
  (missionexec-mission-failed-fly3d-enter_turn_to_segment_heading_fail_specific_223-1_heli0_f3d-0-0-346_f3d-0-0-346_n0_n1)
  (missionexec-mission-failed-fly3d-global_fcl_error_reaction1-1_heli0_f3d-0-0-346_f3d-0-0-346_n0_n1)
  (missionexec-mission-failed-fly3d-in_send_first_trajectory_fcl_finished_reaction1-1_heli0_f3d-0-0-346_f3d-0-0-346_n0_n1)
  (missionexec-mission-failed-fly3d-in_send_starting_yaw_command_fcl_error_reaction1-1_heli0_f3d-0-0-346_f3d-0-0-346_n0_n1)
  (missionexec-mission-failed-fly3d-in_wait_for_yaw_finish_fcl_error_reaction1-1_heli0_f3d-0-0-346_f3d-0-0-346_n0_n1)
  (missionexec-mission-failed-navtopoint-fly_path_action1_fail_proxy_init-1_heli0_nav-0-0-275_nav-0-0-275_n0_n1)
  (missionexec-mission-failed-navtopoint-fly_path_action1_fail_service-1_heli0_nav-0-0-275_nav-0-0-275_n0_n1)
  (missionexec-mission-failed-navtopoint-plan_path_action1_fail_service-1_heli0_nav-0-0-275_nav-0-0-275_n0_n1)
  (missionexec-mission-failed-navtopoint-plan_path_action1_fail_specific_101-1_heli0_nav-0-0-275_nav-0-0-275_n0_n1)
  (missionexec-mission-failed-navtopoint-plan_path_action1_fail_specific_102-1_heli0_nav-0-0-275_nav-0-0-275_n0_n1)
  (missionexec-mission-failed-navtopoint-plan_path_action2_fail_service-1_heli0_nav-0-0-275_nav-0-0-275_n0_n1)
  (missionexec-mission-failed-navtopoint-plan_path_action2_fail_specific_402-1_heli0_nav-0-0-275_nav-0-0-275_n0_n1)
  (missionexec-mission-failed-navtopoint-plan_path_action2_fail_specific_403-1_heli0_nav-0-0-275_nav-0-0-275_n0_n1)
  (missionexec-mission-failed-navtopoint-plan_path_action2_fail_specific_404-1_heli0_nav-0-0-275_nav-0-0-275_n0_n1)
  (missionexec-start-mission-done-fly3d-start_exit_heli0_f3d-0-0-346_f3d-0-0-346)
  (missionexec-start-mission-fail-autotakeoff-fail_in_start_call_heli0_ato-0-0-275_ato-0-0-275)
  (missionexec-start-mission-fail-autotakeoff-init_fail_heli0_ato-0-0-275_ato-0-0-275)
  (missionexec-start-mission-fail-fly3d-fail_in_start_call_heli0_f3d-0-0-346_f3d-0-0-346)
  (missionexec-start-mission-fail-fly3d-init_fail_heli0_f3d-0-0-346_f3d-0-0-346)
  (missionexec-start-mission-fail-navtopoint-fail_in_start_call_heli0_nav-0-0-275_nav-0-0-275)
  (missionexec-start-mission-fail-navtopoint-init_fail_heli0_nav-0-0-275_nav-0-0-275)
  (missionexec-start-mission-fly3d-call_start_heli0_f3d-0-0-346_f3d-0-0-346)
  (missionexec-start-mission-ok-fly3d-enter_send_first_trajectory_busy_after22_sync_heli0_f3d-0-0-346_f3d-0-0-346)
  (missionexec-start-mission-ok-fly3d-enter_send_first_trajectory_busy_sync_heli0_f3d-0-0-346_f3d-0-0-346)
  (missionexec-start-mission-ok-fly3d-enter_send_first_trajectory_checkpoint20_sync-1_heli0_f3d-0-0-346_f3d-0-0-346_n0_n1)
  (missionexec-start-mission-ok-fly3d-enter_send_first_trajectory_checkpoint21_after22_sync-1_heli0_f3d-0-0-346_f3d-0-0-346_n0_n1)
  (missionexec-start-mission-ok-fly3d-enter_send_first_trajectory_checkpoint21_sync-1_heli0_f3d-0-0-346_f3d-0-0-346_n0_n1)
  (missionexec-start-mission-ok-fly3d-enter_send_starting_yaw_command_checkpoint12_sync-1_heli0_f3d-0-0-346_f3d-0-0-346_n0_n1)
  (missionexec-start-mission-ok-fly3d-enter_send_starting_yaw_command_ok_sync_heli0_f3d-0-0-346_f3d-0-0-346)
  (navtopoint-fly_path_fly3d_async_done-fly3d-enter_turn_to_goal_heading_action2-exit-1_nav-0-0-275_f3d-0-0-346_f3d-0-0-346_n0_n1)
  (navtopoint-fly_path_fly3d_async_done-fly3d-goal_point_wait_cmd_continue_exit-1_nav-0-0-275_f3d-0-0-346_f3d-0-0-346_n0_n1)
  (navtopoint-fly_path_fly3d_async_done-fly3d-in_wait_trajectory_end_fcl_finished_reaction2c-1_nav-0-0-275_f3d-0-0-346_f3d-0-0-346_n0_n1)
  (navtopoint-fly_path_fly3d_async_fail-fly3d-enter_goal_point_wait_fail_service-1_nav-0-0-275_f3d-0-0-346_f3d-0-0-346_n0_n1)
  (navtopoint-fly_path_fly3d_async_fail-fly3d-enter_turn_to_goal_heading_action2-fail-1_nav-0-0-275_f3d-0-0-346_f3d-0-0-346_n0_n1)
  (navtopoint-fly_path_fly3d_async_fail-fly3d-enter_turn_to_goal_heading_fail_service-1_nav-0-0-275_f3d-0-0-346_f3d-0-0-346_n0_n1)
  (navtopoint-fly_path_fly3d_async_fail-fly3d-in_send_first_trajectory_fcl_finished_reaction1-1_nav-0-0-275_f3d-0-0-346_f3d-0-0-346_n0_n1)
  (navtopoint-fly_path_fly3d_sync_done-fly3d-start_exit_nav-0-0-275_f3d-0-0-346_f3d-0-0-346)
  (navtopoint-fly_path_fly3d_sync_fail-fly3d-fail_in_start_call_nav-0-0-275_f3d-0-0-346_f3d-0-0-346)
