Irrelevant facts [6/192, static: 0]:
  (available_action act_rest)
  (current_stage stage10)
  (harvest_phase stage10 harvest_end)
  (ok)
  (open_action act_carrot)
  (open_action void)
