Irrelevant facts [54/199, static: 0]:
  (visited loc-x0-y0)
  (visited loc-x0-y1)
  (visited loc-x0-y3)
  (visited loc-x0-y5)
  (visited loc-x0-y8)
  (visited loc-x1-y3)
  (visited loc-x1-y4)
  (visited loc-x1-y5)
  (visited loc-x1-y6)
  (visited loc-x1-y7)
  (visited loc-x1-y9)
  (visited loc-x2-y5)
  (visited loc-x2-y6)
  (visited loc-x2-y7)
  (visited loc-x3-y4)
  (visited loc-x3-y6)
  (visited loc-x3-y8)
  (visited loc-x3-y9)
  (visited loc-x4-y3)
  (visited loc-x4-y4)
  (visited loc-x4-y6)
  (visited loc-x4-y7)
  (visited loc-x5-y0)
  (visited loc-x5-y1)
  (visited loc-x5-y2)
  (visited loc-x5-y3)
  (visited loc-x5-y4)
  (visited loc-x5-y7)
  (visited loc-x6-y0)
  (visited loc-x6-y1)
  (visited loc-x6-y2)
  (visited loc-x6-y3)
  (visited loc-x6-y4)
  (visited loc-x7-y0)
  (visited loc-x7-y1)
  (visited loc-x7-y3)
  (visited loc-x7-y5)
  (visited loc-x7-y6)
  (visited loc-x7-y7)
  (visited loc-x7-y8)
  (visited loc-x8-y0)
  (visited loc-x8-y1)
  (visited loc-x8-y3)
  (visited loc-x8-y4)
  (visited loc-x8-y5)
  (visited loc-x8-y6)
  (visited loc-x8-y7)
  (visited loc-x8-y8)
  (visited loc-x9-y0)
  (visited loc-x9-y1)
  (visited loc-x9-y2)
  (visited loc-x9-y4)
  (visited loc-x9-y8)
  (visited loc-x9-y9)
