Irrelevant facts [2/91, static: 0]:
  (money level0)
  (money level1)
