< {is-at C0:location}:=1
, {in V0:portable, NOT-in V0:portable}:=1
>
Goal aware:
< {is-at C0:location}:=1
>
