< {at player-01 C0:location}:=1
, {at V0:thing C1:location}:=1
, {at V0:stone C1:location}:=1
, {clear V0:location, at C1:thing V0:location}:=1
>
