Invariants:
< {clear C0:object}
, {lifting V0:object C1:object, available V0:object}
, {at V0:object C1:object, in V0:object C2:object, lifting C3:object V0:object}
, {on V0:object C1:object, in V0:object C2:object, lifting C3:object V0:object}
, {on C1:object V0:object, in V0:object C2:object, lifting C3:object V0:object, clear V0:object}
>
Mutex Groups:
< {lifting V0:object C1:object, available V0:object}
, {at V0:object C1:object, in V0:object C2:object, lifting C3:object V0:object}
, {on V0:object C1:object, in V0:object C2:object, lifting C3:object V0:object}
, {on C1:object V0:object, in V0:object C2:object, lifting C3:object V0:object, clear V0:object}
>
Goal aware:
< {on crate0 C0:object, in crate0 C1:object, lifting C2:object crate0}
, {on crate2 C0:object, in crate2 C1:object, lifting C2:object crate2}
, {on crate3 C0:object, in crate3 C1:object, lifting C2:object crate3}
, {on crate4 C0:object, in crate4 C1:object, lifting C2:object crate4}
, {on C0:object pallet0, in pallet0 C1:object, lifting C2:object pallet0, clear pallet0}
, {on C0:object pallet3, in pallet3 C1:object, lifting C2:object pallet3, clear pallet3}
, {on C0:object pallet5, in pallet5 C1:object, lifting C2:object pallet5, clear pallet5}
, {on C0:object crate4, in crate4 C1:object, lifting C2:object crate4, clear crate4}
>
