Invariants:
< {on C1:car V0:segment}
>
Mutex Groups:
< {on C1:car V0:segment}
>
Goal aware:
< {on C0:car seg-in-1a}
, {on C0:car seg-in-1b}
, {on C0:car seg-out-1a}
, {on C0:car seg-out-1b}
>
