TSLiftedMGroup.testLiftedMGroup_childsnack14_10.out