Fact[63]:
  (NOT-chosen ap2)
  (NOT-chosen cdc25c)
  (NOT-chosen cdk46p3-cycd)
  (NOT-chosen cdk46p3-cycdp1)
  (NOT-chosen cdk7)
  (NOT-chosen chk1)
  (NOT-chosen dmp1)
  (NOT-chosen e2f13)
  (NOT-chosen p130-e2f5p1-dp12)
  (NOT-chosen p16)
  (NOT-chosen p300)
  (NOT-chosen pcaf)
  (NOT-chosen prb-e2f4p1-dp12)
  (NOT-chosen prbp2)
  (NOT-chosen raf1)
  (NOT-chosen sp1)
  (available ap2)
  (available cdc25c)
  (available cdc25cp2)
  (available cdk46p3-cycd)
  (available cdk46p3-cycdp1)
  (available cdk7)
  (available chk1)
  (available dmp1)
  (available dmp1p1)
  (available e2f13)
  (available p130-e2f5p1-dp12)
  (available p16)
  (available p16-cdk7)
  (available p300)
  (available pcaf)
  (available pcaf-p300)
  (available prb-e2f4p1-dp12)
  (available prbp1p2)
  (available prbp1p2-ap2)
  (available prbp2)
  (available prbp2-ap2)
  (available raf1)
  (available raf1-p130-e2f5p1-dp12)
  (available raf1-prb-e2f4p1-dp12)
  (available sp1)
  (available sp1-e2f13)
  (chosen ap2)
  (chosen cdc25c)
  (chosen cdk46p3-cycd)
  (chosen cdk46p3-cycdp1)
  (chosen cdk7)
  (chosen chk1)
  (chosen dmp1)
  (chosen e2f13)
  (chosen p130-e2f5p1-dp12)
  (chosen p16)
  (chosen p300)
  (chosen pcaf)
  (chosen prb-e2f4p1-dp12)
  (chosen prbp2)
  (chosen raf1)
  (chosen sp1)
  (goal1)
  (num-subs l0)
  (num-subs l1)
  (num-subs l2)
  (num-subs l3)
Op[78]:
  (associate p16 cdk7 p16-cdk7), cost: 1
    pre: (available cdk7) (available p16)
    add: (available p16-cdk7)
    del: (available cdk7) (available p16)
  (associate pcaf p300 pcaf-p300), cost: 1
    pre: (available p300) (available pcaf)
    add: (available pcaf-p300)
    del: (available p300) (available pcaf)
  (associate prbp1p2 ap2 prbp1p2-ap2), cost: 1
    pre: (available ap2) (available prbp1p2)
    add: (available prbp1p2-ap2)
    del: (available ap2) (available prbp1p2)
  (associate prbp2 ap2 prbp2-ap2), cost: 1
    pre: (available ap2) (available prbp2)
    add: (available prbp2-ap2)
    del: (available ap2) (available prbp2)
  (associate raf1 p130-e2f5p1-dp12 raf1-p130-e2f5p1-dp12), cost: 1
    pre: (available p130-e2f5p1-dp12) (available raf1)
    add: (available raf1-p130-e2f5p1-dp12)
    del: (available p130-e2f5p1-dp12) (available raf1)
  (associate raf1 prb-e2f4p1-dp12 raf1-prb-e2f4p1-dp12), cost: 1
    pre: (available prb-e2f4p1-dp12) (available raf1)
    add: (available raf1-prb-e2f4p1-dp12)
    del: (available prb-e2f4p1-dp12) (available raf1)
  (associate sp1 e2f13 sp1-e2f13), cost: 1
    pre: (available e2f13) (available sp1)
    add: (available sp1-e2f13)
    del: (available e2f13) (available sp1)
  (associate-with-catalyze cdc25c chk1 cdc25cp2), cost: 1
    pre: (available cdc25c) (available chk1)
    add: (available cdc25cp2)
    del: (available cdc25c)
  (associate-with-catalyze dmp1 cdk46p3-cycd dmp1p1), cost: 1
    pre: (available cdk46p3-cycd) (available dmp1)
    add: (available dmp1p1)
    del: (available dmp1)
  (associate-with-catalyze dmp1 cdk46p3-cycdp1 dmp1p1), cost: 1
    pre: (available cdk46p3-cycdp1) (available dmp1)
    add: (available dmp1p1)
    del: (available dmp1)
  (associate-with-catalyze prbp2 cdk46p3-cycd prbp1p2), cost: 1
    pre: (available cdk46p3-cycd) (available prbp2)
    add: (available prbp1p2)
    del: (available prbp2)
  (associate-with-catalyze prbp2 cdk46p3-cycdp1 prbp1p2), cost: 1
    pre: (available cdk46p3-cycdp1) (available prbp2)
    add: (available prbp1p2)
    del: (available prbp2)
  (choose ap2 l1 l0), cost: 1
    pre: (NOT-chosen ap2) (num-subs l0)
    add: (chosen ap2) (num-subs l1)
    del: (NOT-chosen ap2) (num-subs l0)
  (choose ap2 l2 l1), cost: 1
    pre: (NOT-chosen ap2) (num-subs l1)
    add: (chosen ap2) (num-subs l2)
    del: (NOT-chosen ap2) (num-subs l1)
  (choose ap2 l3 l2), cost: 1
    pre: (NOT-chosen ap2) (num-subs l2)
    add: (chosen ap2) (num-subs l3)
    del: (NOT-chosen ap2) (num-subs l2)
  (choose cdc25c l1 l0), cost: 1
    pre: (NOT-chosen cdc25c) (num-subs l0)
    add: (chosen cdc25c) (num-subs l1)
    del: (NOT-chosen cdc25c) (num-subs l0)
  (choose cdc25c l2 l1), cost: 1
    pre: (NOT-chosen cdc25c) (num-subs l1)
    add: (chosen cdc25c) (num-subs l2)
    del: (NOT-chosen cdc25c) (num-subs l1)
  (choose cdc25c l3 l2), cost: 1
    pre: (NOT-chosen cdc25c) (num-subs l2)
    add: (chosen cdc25c) (num-subs l3)
    del: (NOT-chosen cdc25c) (num-subs l2)
  (choose cdk46p3-cycd l1 l0), cost: 1
    pre: (NOT-chosen cdk46p3-cycd) (num-subs l0)
    add: (chosen cdk46p3-cycd) (num-subs l1)
    del: (NOT-chosen cdk46p3-cycd) (num-subs l0)
  (choose cdk46p3-cycd l2 l1), cost: 1
    pre: (NOT-chosen cdk46p3-cycd) (num-subs l1)
    add: (chosen cdk46p3-cycd) (num-subs l2)
    del: (NOT-chosen cdk46p3-cycd) (num-subs l1)
  (choose cdk46p3-cycd l3 l2), cost: 1
    pre: (NOT-chosen cdk46p3-cycd) (num-subs l2)
    add: (chosen cdk46p3-cycd) (num-subs l3)
    del: (NOT-chosen cdk46p3-cycd) (num-subs l2)
  (choose cdk46p3-cycdp1 l1 l0), cost: 1
    pre: (NOT-chosen cdk46p3-cycdp1) (num-subs l0)
    add: (chosen cdk46p3-cycdp1) (num-subs l1)
    del: (NOT-chosen cdk46p3-cycdp1) (num-subs l0)
  (choose cdk46p3-cycdp1 l2 l1), cost: 1
    pre: (NOT-chosen cdk46p3-cycdp1) (num-subs l1)
    add: (chosen cdk46p3-cycdp1) (num-subs l2)
    del: (NOT-chosen cdk46p3-cycdp1) (num-subs l1)
  (choose cdk46p3-cycdp1 l3 l2), cost: 1
    pre: (NOT-chosen cdk46p3-cycdp1) (num-subs l2)
    add: (chosen cdk46p3-cycdp1) (num-subs l3)
    del: (NOT-chosen cdk46p3-cycdp1) (num-subs l2)
  (choose cdk7 l1 l0), cost: 1
    pre: (NOT-chosen cdk7) (num-subs l0)
    add: (chosen cdk7) (num-subs l1)
    del: (NOT-chosen cdk7) (num-subs l0)
  (choose cdk7 l2 l1), cost: 1
    pre: (NOT-chosen cdk7) (num-subs l1)
    add: (chosen cdk7) (num-subs l2)
    del: (NOT-chosen cdk7) (num-subs l1)
  (choose cdk7 l3 l2), cost: 1
    pre: (NOT-chosen cdk7) (num-subs l2)
    add: (chosen cdk7) (num-subs l3)
    del: (NOT-chosen cdk7) (num-subs l2)
  (choose chk1 l1 l0), cost: 1
    pre: (NOT-chosen chk1) (num-subs l0)
    add: (chosen chk1) (num-subs l1)
    del: (NOT-chosen chk1) (num-subs l0)
  (choose chk1 l2 l1), cost: 1
    pre: (NOT-chosen chk1) (num-subs l1)
    add: (chosen chk1) (num-subs l2)
    del: (NOT-chosen chk1) (num-subs l1)
  (choose chk1 l3 l2), cost: 1
    pre: (NOT-chosen chk1) (num-subs l2)
    add: (chosen chk1) (num-subs l3)
    del: (NOT-chosen chk1) (num-subs l2)
  (choose dmp1 l1 l0), cost: 1
    pre: (NOT-chosen dmp1) (num-subs l0)
    add: (chosen dmp1) (num-subs l1)
    del: (NOT-chosen dmp1) (num-subs l0)
  (choose dmp1 l2 l1), cost: 1
    pre: (NOT-chosen dmp1) (num-subs l1)
    add: (chosen dmp1) (num-subs l2)
    del: (NOT-chosen dmp1) (num-subs l1)
  (choose dmp1 l3 l2), cost: 1
    pre: (NOT-chosen dmp1) (num-subs l2)
    add: (chosen dmp1) (num-subs l3)
    del: (NOT-chosen dmp1) (num-subs l2)
  (choose e2f13 l1 l0), cost: 1
    pre: (NOT-chosen e2f13) (num-subs l0)
    add: (chosen e2f13) (num-subs l1)
    del: (NOT-chosen e2f13) (num-subs l0)
  (choose e2f13 l2 l1), cost: 1
    pre: (NOT-chosen e2f13) (num-subs l1)
    add: (chosen e2f13) (num-subs l2)
    del: (NOT-chosen e2f13) (num-subs l1)
  (choose e2f13 l3 l2), cost: 1
    pre: (NOT-chosen e2f13) (num-subs l2)
    add: (chosen e2f13) (num-subs l3)
    del: (NOT-chosen e2f13) (num-subs l2)
  (choose p130-e2f5p1-dp12 l1 l0), cost: 1
    pre: (NOT-chosen p130-e2f5p1-dp12) (num-subs l0)
    add: (chosen p130-e2f5p1-dp12) (num-subs l1)
    del: (NOT-chosen p130-e2f5p1-dp12) (num-subs l0)
  (choose p130-e2f5p1-dp12 l2 l1), cost: 1
    pre: (NOT-chosen p130-e2f5p1-dp12) (num-subs l1)
    add: (chosen p130-e2f5p1-dp12) (num-subs l2)
    del: (NOT-chosen p130-e2f5p1-dp12) (num-subs l1)
  (choose p130-e2f5p1-dp12 l3 l2), cost: 1
    pre: (NOT-chosen p130-e2f5p1-dp12) (num-subs l2)
    add: (chosen p130-e2f5p1-dp12) (num-subs l3)
    del: (NOT-chosen p130-e2f5p1-dp12) (num-subs l2)
  (choose p16 l1 l0), cost: 1
    pre: (NOT-chosen p16) (num-subs l0)
    add: (chosen p16) (num-subs l1)
    del: (NOT-chosen p16) (num-subs l0)
  (choose p16 l2 l1), cost: 1
    pre: (NOT-chosen p16) (num-subs l1)
    add: (chosen p16) (num-subs l2)
    del: (NOT-chosen p16) (num-subs l1)
  (choose p16 l3 l2), cost: 1
    pre: (NOT-chosen p16) (num-subs l2)
    add: (chosen p16) (num-subs l3)
    del: (NOT-chosen p16) (num-subs l2)
  (choose p300 l1 l0), cost: 1
    pre: (NOT-chosen p300) (num-subs l0)
    add: (chosen p300) (num-subs l1)
    del: (NOT-chosen p300) (num-subs l0)
  (choose p300 l2 l1), cost: 1
    pre: (NOT-chosen p300) (num-subs l1)
    add: (chosen p300) (num-subs l2)
    del: (NOT-chosen p300) (num-subs l1)
  (choose p300 l3 l2), cost: 1
    pre: (NOT-chosen p300) (num-subs l2)
    add: (chosen p300) (num-subs l3)
    del: (NOT-chosen p300) (num-subs l2)
  (choose pcaf l1 l0), cost: 1
    pre: (NOT-chosen pcaf) (num-subs l0)
    add: (chosen pcaf) (num-subs l1)
    del: (NOT-chosen pcaf) (num-subs l0)
  (choose pcaf l2 l1), cost: 1
    pre: (NOT-chosen pcaf) (num-subs l1)
    add: (chosen pcaf) (num-subs l2)
    del: (NOT-chosen pcaf) (num-subs l1)
  (choose pcaf l3 l2), cost: 1
    pre: (NOT-chosen pcaf) (num-subs l2)
    add: (chosen pcaf) (num-subs l3)
    del: (NOT-chosen pcaf) (num-subs l2)
  (choose prb-e2f4p1-dp12 l1 l0), cost: 1
    pre: (NOT-chosen prb-e2f4p1-dp12) (num-subs l0)
    add: (chosen prb-e2f4p1-dp12) (num-subs l1)
    del: (NOT-chosen prb-e2f4p1-dp12) (num-subs l0)
  (choose prb-e2f4p1-dp12 l2 l1), cost: 1
    pre: (NOT-chosen prb-e2f4p1-dp12) (num-subs l1)
    add: (chosen prb-e2f4p1-dp12) (num-subs l2)
    del: (NOT-chosen prb-e2f4p1-dp12) (num-subs l1)
  (choose prb-e2f4p1-dp12 l3 l2), cost: 1
    pre: (NOT-chosen prb-e2f4p1-dp12) (num-subs l2)
    add: (chosen prb-e2f4p1-dp12) (num-subs l3)
    del: (NOT-chosen prb-e2f4p1-dp12) (num-subs l2)
  (choose prbp2 l1 l0), cost: 1
    pre: (NOT-chosen prbp2) (num-subs l0)
    add: (chosen prbp2) (num-subs l1)
    del: (NOT-chosen prbp2) (num-subs l0)
  (choose prbp2 l2 l1), cost: 1
    pre: (NOT-chosen prbp2) (num-subs l1)
    add: (chosen prbp2) (num-subs l2)
    del: (NOT-chosen prbp2) (num-subs l1)
  (choose prbp2 l3 l2), cost: 1
    pre: (NOT-chosen prbp2) (num-subs l2)
    add: (chosen prbp2) (num-subs l3)
    del: (NOT-chosen prbp2) (num-subs l2)
  (choose raf1 l1 l0), cost: 1
    pre: (NOT-chosen raf1) (num-subs l0)
    add: (chosen raf1) (num-subs l1)
    del: (NOT-chosen raf1) (num-subs l0)
  (choose raf1 l2 l1), cost: 1
    pre: (NOT-chosen raf1) (num-subs l1)
    add: (chosen raf1) (num-subs l2)
    del: (NOT-chosen raf1) (num-subs l1)
  (choose raf1 l3 l2), cost: 1
    pre: (NOT-chosen raf1) (num-subs l2)
    add: (chosen raf1) (num-subs l3)
    del: (NOT-chosen raf1) (num-subs l2)
  (choose sp1 l1 l0), cost: 1
    pre: (NOT-chosen sp1) (num-subs l0)
    add: (chosen sp1) (num-subs l1)
    del: (NOT-chosen sp1) (num-subs l0)
  (choose sp1 l2 l1), cost: 1
    pre: (NOT-chosen sp1) (num-subs l1)
    add: (chosen sp1) (num-subs l2)
    del: (NOT-chosen sp1) (num-subs l1)
  (choose sp1 l3 l2), cost: 1
    pre: (NOT-chosen sp1) (num-subs l2)
    add: (chosen sp1) (num-subs l3)
    del: (NOT-chosen sp1) (num-subs l2)
  (dummy-action-1), cost: 1
    pre: (available pcaf-p300)
    add: (goal1)
    del:
  (dummy-action-1), cost: 1
    pre: (available prbp1p2-ap2)
    add: (goal1)
    del:
  (initialize ap2), cost: 1
    pre: (chosen ap2)
    add: (available ap2)
    del:
  (initialize cdc25c), cost: 1
    pre: (chosen cdc25c)
    add: (available cdc25c)
    del:
  (initialize cdk46p3-cycd), cost: 1
    pre: (chosen cdk46p3-cycd)
    add: (available cdk46p3-cycd)
    del:
  (initialize cdk46p3-cycdp1), cost: 1
    pre: (chosen cdk46p3-cycdp1)
    add: (available cdk46p3-cycdp1)
    del:
  (initialize cdk7), cost: 1
    pre: (chosen cdk7)
    add: (available cdk7)
    del:
  (initialize chk1), cost: 1
    pre: (chosen chk1)
    add: (available chk1)
    del:
  (initialize dmp1), cost: 1
    pre: (chosen dmp1)
    add: (available dmp1)
    del:
  (initialize e2f13), cost: 1
    pre: (chosen e2f13)
    add: (available e2f13)
    del:
  (initialize p130-e2f5p1-dp12), cost: 1
    pre: (chosen p130-e2f5p1-dp12)
    add: (available p130-e2f5p1-dp12)
    del:
  (initialize p16), cost: 1
    pre: (chosen p16)
    add: (available p16)
    del:
  (initialize p300), cost: 1
    pre: (chosen p300)
    add: (available p300)
    del:
  (initialize pcaf), cost: 1
    pre: (chosen pcaf)
    add: (available pcaf)
    del:
  (initialize prb-e2f4p1-dp12), cost: 1
    pre: (chosen prb-e2f4p1-dp12)
    add: (available prb-e2f4p1-dp12)
    del:
  (initialize prbp2), cost: 1
    pre: (chosen prbp2)
    add: (available prbp2)
    del:
  (initialize raf1), cost: 1
    pre: (chosen raf1)
    add: (available raf1)
    del:
  (initialize sp1), cost: 1
    pre: (chosen sp1)
    add: (available sp1)
    del:
Init State: (NOT-chosen ap2) (NOT-chosen cdc25c) (NOT-chosen cdk46p3-cycd) (NOT-chosen cdk46p3-cycdp1) (NOT-chosen cdk7) (NOT-chosen chk1) (NOT-chosen dmp1) (NOT-chosen e2f13) (NOT-chosen p130-e2f5p1-dp12) (NOT-chosen p16) (NOT-chosen p300) (NOT-chosen pcaf) (NOT-chosen prb-e2f4p1-dp12) (NOT-chosen prbp2) (NOT-chosen raf1) (NOT-chosen sp1) (num-subs l0)
Goal: (goal1)
