{at-segment V0:airplane C1:segment}
 (at-segment airplane_4xekd seg_09_0_150) (at-segment airplane_4xekd seg_27_0_150) (at-segment airplane_4xekd seg_a01_0_100) (at-segment airplane_4xekd seg_a02_0_100) (at-segment airplane_4xekd seg_a_09_0_100) (at-segment airplane_4xekd seg_b01_0_100) (at-segment airplane_4xekd seg_b02_0_100) (at-segment airplane_4xekd seg_b_27_0_100) (at-segment airplane_4xekd seg_c2_c3_0_100) (at-segment airplane_4xekd seg_c3_c4_0_50) (at-segment airplane_4xekd seg_c3_c_a01_0_100) (at-segment airplane_4xekd seg_c3_c_b01_0_100) (at-segment airplane_4xekd seg_c4_c5_0_50) (at-segment airplane_4xekd seg_c5_c6_0_50) (at-segment airplane_4xekd seg_c5_c_a02_0_100) (at-segment airplane_4xekd seg_c5_c_b02_0_100) (at-segment airplane_4xekd seg_c6_c7_0_100) (at-segment airplane_4xekd seg_c_c2_0_100) (at-segment airplane_4xekd seg_n1_a_0_100) (at-segment airplane_4xekd seg_n1_n2_0_100) (at-segment airplane_4xekd seg_n2_n3_0_85) (at-segment airplane_4xekd seg_n2_n3_1_0_86) (at-segment airplane_4xekd seg_n2_n3_2_0_86) (at-segment airplane_4xekd seg_n2_n3_3_0_86) (at-segment airplane_4xekd seg_n2_n3_4_0_85) (at-segment airplane_4xekd seg_n2_n3_5_0_86) (at-segment airplane_4xekd seg_n2_n3_6_0_86) (at-segment airplane_4xekd seg_n3_n_0_100) (at-segment airplane_4xekd seg_n4_n5_0_86) (at-segment airplane_4xekd seg_n4_n5_1_0_85) (at-segment airplane_4xekd seg_n4_n5_2_0_86) (at-segment airplane_4xekd seg_n4_n5_3_0_86) (at-segment airplane_4xekd seg_n4_n5_4_0_85) (at-segment airplane_4xekd seg_n4_n5_5_0_86) (at-segment airplane_4xekd seg_n4_n5_6_0_86) (at-segment airplane_4xekd seg_n5_n6_0_100) (at-segment airplane_4xekd seg_n6_b_0_100) (at-segment airplane_4xekd seg_n_c_0_100) (at-segment airplane_4xekd seg_n_n4_0_100) (at-segment airplane_4xekd seg_rwy_0_1300):=1:fam
 (at-segment airplane_cfbeg seg_09_0_150) (at-segment airplane_cfbeg seg_27_0_150) (at-segment airplane_cfbeg seg_a01_0_100) (at-segment airplane_cfbeg seg_a02_0_100) (at-segment airplane_cfbeg seg_a_09_0_100) (at-segment airplane_cfbeg seg_b01_0_100) (at-segment airplane_cfbeg seg_b02_0_100) (at-segment airplane_cfbeg seg_b_27_0_100) (at-segment airplane_cfbeg seg_c2_c3_0_100) (at-segment airplane_cfbeg seg_c3_c4_0_50) (at-segment airplane_cfbeg seg_c3_c_a01_0_100) (at-segment airplane_cfbeg seg_c3_c_b01_0_100) (at-segment airplane_cfbeg seg_c4_c5_0_50) (at-segment airplane_cfbeg seg_c5_c6_0_50) (at-segment airplane_cfbeg seg_c5_c_a02_0_100) (at-segment airplane_cfbeg seg_c5_c_b02_0_100) (at-segment airplane_cfbeg seg_c6_c7_0_100) (at-segment airplane_cfbeg seg_c_c2_0_100) (at-segment airplane_cfbeg seg_n1_a_0_100) (at-segment airplane_cfbeg seg_n1_n2_0_100) (at-segment airplane_cfbeg seg_n2_n3_0_85) (at-segment airplane_cfbeg seg_n2_n3_1_0_86) (at-segment airplane_cfbeg seg_n2_n3_2_0_86) (at-segment airplane_cfbeg seg_n2_n3_3_0_86) (at-segment airplane_cfbeg seg_n2_n3_4_0_85) (at-segment airplane_cfbeg seg_n2_n3_5_0_86) (at-segment airplane_cfbeg seg_n2_n3_6_0_86) (at-segment airplane_cfbeg seg_n3_n_0_100) (at-segment airplane_cfbeg seg_n4_n5_0_86) (at-segment airplane_cfbeg seg_n4_n5_1_0_85) (at-segment airplane_cfbeg seg_n4_n5_2_0_86) (at-segment airplane_cfbeg seg_n4_n5_3_0_86) (at-segment airplane_cfbeg seg_n4_n5_4_0_85) (at-segment airplane_cfbeg seg_n4_n5_5_0_86) (at-segment airplane_cfbeg seg_n4_n5_6_0_86) (at-segment airplane_cfbeg seg_n5_n6_0_100) (at-segment airplane_cfbeg seg_n6_b_0_100) (at-segment airplane_cfbeg seg_n_c_0_100) (at-segment airplane_cfbeg seg_n_n4_0_100) (at-segment airplane_cfbeg seg_rwy_0_1300):=1:fam
 (at-segment airplane_daewh seg_09_0_150) (at-segment airplane_daewh seg_27_0_150) (at-segment airplane_daewh seg_a01_0_100) (at-segment airplane_daewh seg_a02_0_100) (at-segment airplane_daewh seg_a_09_0_100) (at-segment airplane_daewh seg_b01_0_100) (at-segment airplane_daewh seg_b02_0_100) (at-segment airplane_daewh seg_b_27_0_100) (at-segment airplane_daewh seg_c2_c3_0_100) (at-segment airplane_daewh seg_c3_c4_0_50) (at-segment airplane_daewh seg_c3_c_a01_0_100) (at-segment airplane_daewh seg_c3_c_b01_0_100) (at-segment airplane_daewh seg_c4_c5_0_50) (at-segment airplane_daewh seg_c5_c6_0_50) (at-segment airplane_daewh seg_c5_c_a02_0_100) (at-segment airplane_daewh seg_c5_c_b02_0_100) (at-segment airplane_daewh seg_c6_c7_0_100) (at-segment airplane_daewh seg_c_c2_0_100) (at-segment airplane_daewh seg_n1_a_0_100) (at-segment airplane_daewh seg_n1_n2_0_100) (at-segment airplane_daewh seg_n2_n3_0_85) (at-segment airplane_daewh seg_n2_n3_1_0_86) (at-segment airplane_daewh seg_n2_n3_2_0_86) (at-segment airplane_daewh seg_n2_n3_3_0_86) (at-segment airplane_daewh seg_n2_n3_4_0_85) (at-segment airplane_daewh seg_n2_n3_5_0_86) (at-segment airplane_daewh seg_n2_n3_6_0_86) (at-segment airplane_daewh seg_n3_n_0_100) (at-segment airplane_daewh seg_n4_n5_0_86) (at-segment airplane_daewh seg_n4_n5_1_0_85) (at-segment airplane_daewh seg_n4_n5_2_0_86) (at-segment airplane_daewh seg_n4_n5_3_0_86) (at-segment airplane_daewh seg_n4_n5_4_0_85) (at-segment airplane_daewh seg_n4_n5_5_0_86) (at-segment airplane_daewh seg_n4_n5_6_0_86) (at-segment airplane_daewh seg_n5_n6_0_100) (at-segment airplane_daewh seg_n6_b_0_100) (at-segment airplane_daewh seg_n_c_0_100) (at-segment airplane_daewh seg_n_n4_0_100) (at-segment airplane_daewh seg_rwy_0_1300):fam
 (at-segment airplane_dfboy seg_09_0_150) (at-segment airplane_dfboy seg_27_0_150) (at-segment airplane_dfboy seg_a01_0_100) (at-segment airplane_dfboy seg_a02_0_100) (at-segment airplane_dfboy seg_a_09_0_100) (at-segment airplane_dfboy seg_b01_0_100) (at-segment airplane_dfboy seg_b02_0_100) (at-segment airplane_dfboy seg_b_27_0_100) (at-segment airplane_dfboy seg_c2_c3_0_100) (at-segment airplane_dfboy seg_c3_c4_0_50) (at-segment airplane_dfboy seg_c3_c_a01_0_100) (at-segment airplane_dfboy seg_c3_c_b01_0_100) (at-segment airplane_dfboy seg_c4_c5_0_50) (at-segment airplane_dfboy seg_c5_c6_0_50) (at-segment airplane_dfboy seg_c5_c_a02_0_100) (at-segment airplane_dfboy seg_c5_c_b02_0_100) (at-segment airplane_dfboy seg_c6_c7_0_100) (at-segment airplane_dfboy seg_c_c2_0_100) (at-segment airplane_dfboy seg_n1_a_0_100) (at-segment airplane_dfboy seg_n1_n2_0_100) (at-segment airplane_dfboy seg_n2_n3_0_85) (at-segment airplane_dfboy seg_n2_n3_1_0_86) (at-segment airplane_dfboy seg_n2_n3_2_0_86) (at-segment airplane_dfboy seg_n2_n3_3_0_86) (at-segment airplane_dfboy seg_n2_n3_4_0_85) (at-segment airplane_dfboy seg_n2_n3_5_0_86) (at-segment airplane_dfboy seg_n2_n3_6_0_86) (at-segment airplane_dfboy seg_n3_n_0_100) (at-segment airplane_dfboy seg_n4_n5_0_86) (at-segment airplane_dfboy seg_n4_n5_1_0_85) (at-segment airplane_dfboy seg_n4_n5_2_0_86) (at-segment airplane_dfboy seg_n4_n5_3_0_86) (at-segment airplane_dfboy seg_n4_n5_4_0_85) (at-segment airplane_dfboy seg_n4_n5_5_0_86) (at-segment airplane_dfboy seg_n4_n5_6_0_86) (at-segment airplane_dfboy seg_n5_n6_0_100) (at-segment airplane_dfboy seg_n6_b_0_100) (at-segment airplane_dfboy seg_n_c_0_100) (at-segment airplane_dfboy seg_n_n4_0_100) (at-segment airplane_dfboy seg_rwy_0_1300):fam
 (at-segment airplane_holgi seg_09_0_150) (at-segment airplane_holgi seg_27_0_150) (at-segment airplane_holgi seg_a01_0_100) (at-segment airplane_holgi seg_a02_0_100) (at-segment airplane_holgi seg_a_09_0_100) (at-segment airplane_holgi seg_b01_0_100) (at-segment airplane_holgi seg_b02_0_100) (at-segment airplane_holgi seg_b_27_0_100) (at-segment airplane_holgi seg_c2_c3_0_100) (at-segment airplane_holgi seg_c3_c4_0_50) (at-segment airplane_holgi seg_c3_c_a01_0_100) (at-segment airplane_holgi seg_c3_c_b01_0_100) (at-segment airplane_holgi seg_c4_c5_0_50) (at-segment airplane_holgi seg_c5_c6_0_50) (at-segment airplane_holgi seg_c5_c_a02_0_100) (at-segment airplane_holgi seg_c5_c_b02_0_100) (at-segment airplane_holgi seg_c6_c7_0_100) (at-segment airplane_holgi seg_c_c2_0_100) (at-segment airplane_holgi seg_n1_a_0_100) (at-segment airplane_holgi seg_n1_n2_0_100) (at-segment airplane_holgi seg_n2_n3_0_85) (at-segment airplane_holgi seg_n2_n3_1_0_86) (at-segment airplane_holgi seg_n2_n3_2_0_86) (at-segment airplane_holgi seg_n2_n3_3_0_86) (at-segment airplane_holgi seg_n2_n3_4_0_85) (at-segment airplane_holgi seg_n2_n3_5_0_86) (at-segment airplane_holgi seg_n2_n3_6_0_86) (at-segment airplane_holgi seg_n3_n_0_100) (at-segment airplane_holgi seg_n4_n5_0_86) (at-segment airplane_holgi seg_n4_n5_1_0_85) (at-segment airplane_holgi seg_n4_n5_2_0_86) (at-segment airplane_holgi seg_n4_n5_3_0_86) (at-segment airplane_holgi seg_n4_n5_4_0_85) (at-segment airplane_holgi seg_n4_n5_5_0_86) (at-segment airplane_holgi seg_n4_n5_6_0_86) (at-segment airplane_holgi seg_n5_n6_0_100) (at-segment airplane_holgi seg_n6_b_0_100) (at-segment airplane_holgi seg_n_c_0_100) (at-segment airplane_holgi seg_n_n4_0_100) (at-segment airplane_holgi seg_rwy_0_1300):=1:fam
 (at-segment airplane_horst seg_09_0_150) (at-segment airplane_horst seg_27_0_150) (at-segment airplane_horst seg_a01_0_100) (at-segment airplane_horst seg_a02_0_100) (at-segment airplane_horst seg_a_09_0_100) (at-segment airplane_horst seg_b01_0_100) (at-segment airplane_horst seg_b02_0_100) (at-segment airplane_horst seg_b_27_0_100) (at-segment airplane_horst seg_c2_c3_0_100) (at-segment airplane_horst seg_c3_c4_0_50) (at-segment airplane_horst seg_c3_c_a01_0_100) (at-segment airplane_horst seg_c3_c_b01_0_100) (at-segment airplane_horst seg_c4_c5_0_50) (at-segment airplane_horst seg_c5_c6_0_50) (at-segment airplane_horst seg_c5_c_a02_0_100) (at-segment airplane_horst seg_c5_c_b02_0_100) (at-segment airplane_horst seg_c6_c7_0_100) (at-segment airplane_horst seg_c_c2_0_100) (at-segment airplane_horst seg_n1_a_0_100) (at-segment airplane_horst seg_n1_n2_0_100) (at-segment airplane_horst seg_n2_n3_0_85) (at-segment airplane_horst seg_n2_n3_1_0_86) (at-segment airplane_horst seg_n2_n3_2_0_86) (at-segment airplane_horst seg_n2_n3_3_0_86) (at-segment airplane_horst seg_n2_n3_4_0_85) (at-segment airplane_horst seg_n2_n3_5_0_86) (at-segment airplane_horst seg_n2_n3_6_0_86) (at-segment airplane_horst seg_n3_n_0_100) (at-segment airplane_horst seg_n4_n5_0_86) (at-segment airplane_horst seg_n4_n5_1_0_85) (at-segment airplane_horst seg_n4_n5_2_0_86) (at-segment airplane_horst seg_n4_n5_3_0_86) (at-segment airplane_horst seg_n4_n5_4_0_85) (at-segment airplane_horst seg_n4_n5_5_0_86) (at-segment airplane_horst seg_n4_n5_6_0_86) (at-segment airplane_horst seg_n5_n6_0_100) (at-segment airplane_horst seg_n6_b_0_100) (at-segment airplane_horst seg_n_c_0_100) (at-segment airplane_horst seg_n_n4_0_100) (at-segment airplane_horst seg_rwy_0_1300):fam
 (at-segment airplane_wurst seg_09_0_150) (at-segment airplane_wurst seg_27_0_150) (at-segment airplane_wurst seg_a01_0_100) (at-segment airplane_wurst seg_a02_0_100) (at-segment airplane_wurst seg_a_09_0_100) (at-segment airplane_wurst seg_b01_0_100) (at-segment airplane_wurst seg_b02_0_100) (at-segment airplane_wurst seg_b_27_0_100) (at-segment airplane_wurst seg_c2_c3_0_100) (at-segment airplane_wurst seg_c3_c4_0_50) (at-segment airplane_wurst seg_c3_c_a01_0_100) (at-segment airplane_wurst seg_c3_c_b01_0_100) (at-segment airplane_wurst seg_c4_c5_0_50) (at-segment airplane_wurst seg_c5_c6_0_50) (at-segment airplane_wurst seg_c5_c_a02_0_100) (at-segment airplane_wurst seg_c5_c_b02_0_100) (at-segment airplane_wurst seg_c6_c7_0_100) (at-segment airplane_wurst seg_c_c2_0_100) (at-segment airplane_wurst seg_n1_a_0_100) (at-segment airplane_wurst seg_n1_n2_0_100) (at-segment airplane_wurst seg_n2_n3_0_85) (at-segment airplane_wurst seg_n2_n3_1_0_86) (at-segment airplane_wurst seg_n2_n3_2_0_86) (at-segment airplane_wurst seg_n2_n3_3_0_86) (at-segment airplane_wurst seg_n2_n3_4_0_85) (at-segment airplane_wurst seg_n2_n3_5_0_86) (at-segment airplane_wurst seg_n2_n3_6_0_86) (at-segment airplane_wurst seg_n3_n_0_100) (at-segment airplane_wurst seg_n4_n5_0_86) (at-segment airplane_wurst seg_n4_n5_1_0_85) (at-segment airplane_wurst seg_n4_n5_2_0_86) (at-segment airplane_wurst seg_n4_n5_3_0_86) (at-segment airplane_wurst seg_n4_n5_4_0_85) (at-segment airplane_wurst seg_n4_n5_5_0_86) (at-segment airplane_wurst seg_n4_n5_6_0_86) (at-segment airplane_wurst seg_n5_n6_0_100) (at-segment airplane_wurst seg_n6_b_0_100) (at-segment airplane_wurst seg_n_c_0_100) (at-segment airplane_wurst seg_n_n4_0_100) (at-segment airplane_wurst seg_rwy_0_1300):fam

{facing V0:airplane C1:direction}:=1
 (facing airplane_4xekd north) (facing airplane_4xekd south):=1:fam
 (facing airplane_cfbeg north) (facing airplane_cfbeg south):=1:fam
 (facing airplane_daewh north) (facing airplane_daewh south):=1:fam
 (facing airplane_dfboy north) (facing airplane_dfboy south):=1:fam
 (facing airplane_holgi north) (facing airplane_holgi south):=1:fam
 (facing airplane_horst north) (facing airplane_horst south):=1:fam
 (facing airplane_wurst north) (facing airplane_wurst south):=1:fam

{is-pushing V0:airplane}
 (is-pushing airplane_daewh):fam
 (is-pushing airplane_dfboy):fam
 (is-pushing airplane_horst):fam
 (is-pushing airplane_wurst):fam

{at-segment V0:airplane C1:segment, airborne V0:airplane C2:segment}:=1
 (airborne airplane_daewh seg_09_0_150) (at-segment airplane_daewh seg_09_0_150) (at-segment airplane_daewh seg_27_0_150) (at-segment airplane_daewh seg_a01_0_100) (at-segment airplane_daewh seg_a02_0_100) (at-segment airplane_daewh seg_a_09_0_100) (at-segment airplane_daewh seg_b01_0_100) (at-segment airplane_daewh seg_b02_0_100) (at-segment airplane_daewh seg_b_27_0_100) (at-segment airplane_daewh seg_c2_c3_0_100) (at-segment airplane_daewh seg_c3_c4_0_50) (at-segment airplane_daewh seg_c3_c_a01_0_100) (at-segment airplane_daewh seg_c3_c_b01_0_100) (at-segment airplane_daewh seg_c4_c5_0_50) (at-segment airplane_daewh seg_c5_c6_0_50) (at-segment airplane_daewh seg_c5_c_a02_0_100) (at-segment airplane_daewh seg_c5_c_b02_0_100) (at-segment airplane_daewh seg_c6_c7_0_100) (at-segment airplane_daewh seg_c_c2_0_100) (at-segment airplane_daewh seg_n1_a_0_100) (at-segment airplane_daewh seg_n1_n2_0_100) (at-segment airplane_daewh seg_n2_n3_0_85) (at-segment airplane_daewh seg_n2_n3_1_0_86) (at-segment airplane_daewh seg_n2_n3_2_0_86) (at-segment airplane_daewh seg_n2_n3_3_0_86) (at-segment airplane_daewh seg_n2_n3_4_0_85) (at-segment airplane_daewh seg_n2_n3_5_0_86) (at-segment airplane_daewh seg_n2_n3_6_0_86) (at-segment airplane_daewh seg_n3_n_0_100) (at-segment airplane_daewh seg_n4_n5_0_86) (at-segment airplane_daewh seg_n4_n5_1_0_85) (at-segment airplane_daewh seg_n4_n5_2_0_86) (at-segment airplane_daewh seg_n4_n5_3_0_86) (at-segment airplane_daewh seg_n4_n5_4_0_85) (at-segment airplane_daewh seg_n4_n5_5_0_86) (at-segment airplane_daewh seg_n4_n5_6_0_86) (at-segment airplane_daewh seg_n5_n6_0_100) (at-segment airplane_daewh seg_n6_b_0_100) (at-segment airplane_daewh seg_n_c_0_100) (at-segment airplane_daewh seg_n_n4_0_100) (at-segment airplane_daewh seg_rwy_0_1300):=1:fam:G
 (airborne airplane_dfboy seg_09_0_150) (at-segment airplane_dfboy seg_09_0_150) (at-segment airplane_dfboy seg_27_0_150) (at-segment airplane_dfboy seg_a01_0_100) (at-segment airplane_dfboy seg_a02_0_100) (at-segment airplane_dfboy seg_a_09_0_100) (at-segment airplane_dfboy seg_b01_0_100) (at-segment airplane_dfboy seg_b02_0_100) (at-segment airplane_dfboy seg_b_27_0_100) (at-segment airplane_dfboy seg_c2_c3_0_100) (at-segment airplane_dfboy seg_c3_c4_0_50) (at-segment airplane_dfboy seg_c3_c_a01_0_100) (at-segment airplane_dfboy seg_c3_c_b01_0_100) (at-segment airplane_dfboy seg_c4_c5_0_50) (at-segment airplane_dfboy seg_c5_c6_0_50) (at-segment airplane_dfboy seg_c5_c_a02_0_100) (at-segment airplane_dfboy seg_c5_c_b02_0_100) (at-segment airplane_dfboy seg_c6_c7_0_100) (at-segment airplane_dfboy seg_c_c2_0_100) (at-segment airplane_dfboy seg_n1_a_0_100) (at-segment airplane_dfboy seg_n1_n2_0_100) (at-segment airplane_dfboy seg_n2_n3_0_85) (at-segment airplane_dfboy seg_n2_n3_1_0_86) (at-segment airplane_dfboy seg_n2_n3_2_0_86) (at-segment airplane_dfboy seg_n2_n3_3_0_86) (at-segment airplane_dfboy seg_n2_n3_4_0_85) (at-segment airplane_dfboy seg_n2_n3_5_0_86) (at-segment airplane_dfboy seg_n2_n3_6_0_86) (at-segment airplane_dfboy seg_n3_n_0_100) (at-segment airplane_dfboy seg_n4_n5_0_86) (at-segment airplane_dfboy seg_n4_n5_1_0_85) (at-segment airplane_dfboy seg_n4_n5_2_0_86) (at-segment airplane_dfboy seg_n4_n5_3_0_86) (at-segment airplane_dfboy seg_n4_n5_4_0_85) (at-segment airplane_dfboy seg_n4_n5_5_0_86) (at-segment airplane_dfboy seg_n4_n5_6_0_86) (at-segment airplane_dfboy seg_n5_n6_0_100) (at-segment airplane_dfboy seg_n6_b_0_100) (at-segment airplane_dfboy seg_n_c_0_100) (at-segment airplane_dfboy seg_n_n4_0_100) (at-segment airplane_dfboy seg_rwy_0_1300):=1:fam:G
 (airborne airplane_horst seg_09_0_150) (at-segment airplane_horst seg_09_0_150) (at-segment airplane_horst seg_27_0_150) (at-segment airplane_horst seg_a01_0_100) (at-segment airplane_horst seg_a02_0_100) (at-segment airplane_horst seg_a_09_0_100) (at-segment airplane_horst seg_b01_0_100) (at-segment airplane_horst seg_b02_0_100) (at-segment airplane_horst seg_b_27_0_100) (at-segment airplane_horst seg_c2_c3_0_100) (at-segment airplane_horst seg_c3_c4_0_50) (at-segment airplane_horst seg_c3_c_a01_0_100) (at-segment airplane_horst seg_c3_c_b01_0_100) (at-segment airplane_horst seg_c4_c5_0_50) (at-segment airplane_horst seg_c5_c6_0_50) (at-segment airplane_horst seg_c5_c_a02_0_100) (at-segment airplane_horst seg_c5_c_b02_0_100) (at-segment airplane_horst seg_c6_c7_0_100) (at-segment airplane_horst seg_c_c2_0_100) (at-segment airplane_horst seg_n1_a_0_100) (at-segment airplane_horst seg_n1_n2_0_100) (at-segment airplane_horst seg_n2_n3_0_85) (at-segment airplane_horst seg_n2_n3_1_0_86) (at-segment airplane_horst seg_n2_n3_2_0_86) (at-segment airplane_horst seg_n2_n3_3_0_86) (at-segment airplane_horst seg_n2_n3_4_0_85) (at-segment airplane_horst seg_n2_n3_5_0_86) (at-segment airplane_horst seg_n2_n3_6_0_86) (at-segment airplane_horst seg_n3_n_0_100) (at-segment airplane_horst seg_n4_n5_0_86) (at-segment airplane_horst seg_n4_n5_1_0_85) (at-segment airplane_horst seg_n4_n5_2_0_86) (at-segment airplane_horst seg_n4_n5_3_0_86) (at-segment airplane_horst seg_n4_n5_4_0_85) (at-segment airplane_horst seg_n4_n5_5_0_86) (at-segment airplane_horst seg_n4_n5_6_0_86) (at-segment airplane_horst seg_n5_n6_0_100) (at-segment airplane_horst seg_n6_b_0_100) (at-segment airplane_horst seg_n_c_0_100) (at-segment airplane_horst seg_n_n4_0_100) (at-segment airplane_horst seg_rwy_0_1300):=1:fam:G
 (airborne airplane_wurst seg_09_0_150) (at-segment airplane_wurst seg_09_0_150) (at-segment airplane_wurst seg_27_0_150) (at-segment airplane_wurst seg_a01_0_100) (at-segment airplane_wurst seg_a02_0_100) (at-segment airplane_wurst seg_a_09_0_100) (at-segment airplane_wurst seg_b01_0_100) (at-segment airplane_wurst seg_b02_0_100) (at-segment airplane_wurst seg_b_27_0_100) (at-segment airplane_wurst seg_c2_c3_0_100) (at-segment airplane_wurst seg_c3_c4_0_50) (at-segment airplane_wurst seg_c3_c_a01_0_100) (at-segment airplane_wurst seg_c3_c_b01_0_100) (at-segment airplane_wurst seg_c4_c5_0_50) (at-segment airplane_wurst seg_c5_c6_0_50) (at-segment airplane_wurst seg_c5_c_a02_0_100) (at-segment airplane_wurst seg_c5_c_b02_0_100) (at-segment airplane_wurst seg_c6_c7_0_100) (at-segment airplane_wurst seg_c_c2_0_100) (at-segment airplane_wurst seg_n1_a_0_100) (at-segment airplane_wurst seg_n1_n2_0_100) (at-segment airplane_wurst seg_n2_n3_0_85) (at-segment airplane_wurst seg_n2_n3_1_0_86) (at-segment airplane_wurst seg_n2_n3_2_0_86) (at-segment airplane_wurst seg_n2_n3_3_0_86) (at-segment airplane_wurst seg_n2_n3_4_0_85) (at-segment airplane_wurst seg_n2_n3_5_0_86) (at-segment airplane_wurst seg_n2_n3_6_0_86) (at-segment airplane_wurst seg_n3_n_0_100) (at-segment airplane_wurst seg_n4_n5_0_86) (at-segment airplane_wurst seg_n4_n5_1_0_85) (at-segment airplane_wurst seg_n4_n5_2_0_86) (at-segment airplane_wurst seg_n4_n5_3_0_86) (at-segment airplane_wurst seg_n4_n5_4_0_85) (at-segment airplane_wurst seg_n4_n5_5_0_86) (at-segment airplane_wurst seg_n4_n5_6_0_86) (at-segment airplane_wurst seg_n5_n6_0_100) (at-segment airplane_wurst seg_n6_b_0_100) (at-segment airplane_wurst seg_n_c_0_100) (at-segment airplane_wurst seg_n_n4_0_100) (at-segment airplane_wurst seg_rwy_0_1300):=1:fam:G

{at-segment C1:airplane V0:segment, not_occupied V0:segment}:=1
 (at-segment airplane_4xekd seg_09_0_150) (at-segment airplane_cfbeg seg_09_0_150) (at-segment airplane_daewh seg_09_0_150) (at-segment airplane_dfboy seg_09_0_150) (at-segment airplane_holgi seg_09_0_150) (at-segment airplane_horst seg_09_0_150) (at-segment airplane_wurst seg_09_0_150) (not_occupied seg_09_0_150):=1:fam
 (at-segment airplane_4xekd seg_27_0_150) (at-segment airplane_cfbeg seg_27_0_150) (at-segment airplane_daewh seg_27_0_150) (at-segment airplane_dfboy seg_27_0_150) (at-segment airplane_holgi seg_27_0_150) (at-segment airplane_horst seg_27_0_150) (at-segment airplane_wurst seg_27_0_150) (not_occupied seg_27_0_150):=1:fam
 (at-segment airplane_4xekd seg_a01_0_100) (at-segment airplane_cfbeg seg_a01_0_100) (at-segment airplane_daewh seg_a01_0_100) (at-segment airplane_dfboy seg_a01_0_100) (at-segment airplane_holgi seg_a01_0_100) (at-segment airplane_horst seg_a01_0_100) (at-segment airplane_wurst seg_a01_0_100) (not_occupied seg_a01_0_100):=1:fam
 (at-segment airplane_4xekd seg_a02_0_100) (at-segment airplane_cfbeg seg_a02_0_100) (at-segment airplane_daewh seg_a02_0_100) (at-segment airplane_dfboy seg_a02_0_100) (at-segment airplane_holgi seg_a02_0_100) (at-segment airplane_horst seg_a02_0_100) (at-segment airplane_wurst seg_a02_0_100) (not_occupied seg_a02_0_100):=1:fam
 (at-segment airplane_4xekd seg_a_09_0_100) (at-segment airplane_cfbeg seg_a_09_0_100) (at-segment airplane_daewh seg_a_09_0_100) (at-segment airplane_dfboy seg_a_09_0_100) (at-segment airplane_holgi seg_a_09_0_100) (at-segment airplane_horst seg_a_09_0_100) (at-segment airplane_wurst seg_a_09_0_100) (not_occupied seg_a_09_0_100):=1:fam
 (at-segment airplane_4xekd seg_b01_0_100) (at-segment airplane_cfbeg seg_b01_0_100) (at-segment airplane_daewh seg_b01_0_100) (at-segment airplane_dfboy seg_b01_0_100) (at-segment airplane_holgi seg_b01_0_100) (at-segment airplane_horst seg_b01_0_100) (at-segment airplane_wurst seg_b01_0_100) (not_occupied seg_b01_0_100):=1:fam
 (at-segment airplane_4xekd seg_b02_0_100) (at-segment airplane_cfbeg seg_b02_0_100) (at-segment airplane_daewh seg_b02_0_100) (at-segment airplane_dfboy seg_b02_0_100) (at-segment airplane_holgi seg_b02_0_100) (at-segment airplane_horst seg_b02_0_100) (at-segment airplane_wurst seg_b02_0_100) (not_occupied seg_b02_0_100):=1:fam
 (at-segment airplane_4xekd seg_b_27_0_100) (at-segment airplane_cfbeg seg_b_27_0_100) (at-segment airplane_daewh seg_b_27_0_100) (at-segment airplane_dfboy seg_b_27_0_100) (at-segment airplane_holgi seg_b_27_0_100) (at-segment airplane_horst seg_b_27_0_100) (at-segment airplane_wurst seg_b_27_0_100) (not_occupied seg_b_27_0_100):=1:fam
 (at-segment airplane_4xekd seg_c2_c3_0_100) (at-segment airplane_cfbeg seg_c2_c3_0_100) (at-segment airplane_daewh seg_c2_c3_0_100) (at-segment airplane_dfboy seg_c2_c3_0_100) (at-segment airplane_holgi seg_c2_c3_0_100) (at-segment airplane_horst seg_c2_c3_0_100) (at-segment airplane_wurst seg_c2_c3_0_100) (not_occupied seg_c2_c3_0_100):=1:fam
 (at-segment airplane_4xekd seg_c3_c4_0_50) (at-segment airplane_cfbeg seg_c3_c4_0_50) (at-segment airplane_daewh seg_c3_c4_0_50) (at-segment airplane_dfboy seg_c3_c4_0_50) (at-segment airplane_holgi seg_c3_c4_0_50) (at-segment airplane_horst seg_c3_c4_0_50) (at-segment airplane_wurst seg_c3_c4_0_50) (not_occupied seg_c3_c4_0_50):=1:fam
 (at-segment airplane_4xekd seg_c3_c_a01_0_100) (at-segment airplane_cfbeg seg_c3_c_a01_0_100) (at-segment airplane_daewh seg_c3_c_a01_0_100) (at-segment airplane_dfboy seg_c3_c_a01_0_100) (at-segment airplane_holgi seg_c3_c_a01_0_100) (at-segment airplane_horst seg_c3_c_a01_0_100) (at-segment airplane_wurst seg_c3_c_a01_0_100) (not_occupied seg_c3_c_a01_0_100):=1:fam
 (at-segment airplane_4xekd seg_c3_c_b01_0_100) (at-segment airplane_cfbeg seg_c3_c_b01_0_100) (at-segment airplane_daewh seg_c3_c_b01_0_100) (at-segment airplane_dfboy seg_c3_c_b01_0_100) (at-segment airplane_holgi seg_c3_c_b01_0_100) (at-segment airplane_horst seg_c3_c_b01_0_100) (at-segment airplane_wurst seg_c3_c_b01_0_100) (not_occupied seg_c3_c_b01_0_100):=1:fam
 (at-segment airplane_4xekd seg_c4_c5_0_50) (at-segment airplane_cfbeg seg_c4_c5_0_50) (at-segment airplane_daewh seg_c4_c5_0_50) (at-segment airplane_dfboy seg_c4_c5_0_50) (at-segment airplane_holgi seg_c4_c5_0_50) (at-segment airplane_horst seg_c4_c5_0_50) (at-segment airplane_wurst seg_c4_c5_0_50) (not_occupied seg_c4_c5_0_50):=1:fam
 (at-segment airplane_4xekd seg_c5_c6_0_50) (at-segment airplane_cfbeg seg_c5_c6_0_50) (at-segment airplane_daewh seg_c5_c6_0_50) (at-segment airplane_dfboy seg_c5_c6_0_50) (at-segment airplane_holgi seg_c5_c6_0_50) (at-segment airplane_horst seg_c5_c6_0_50) (at-segment airplane_wurst seg_c5_c6_0_50) (not_occupied seg_c5_c6_0_50):=1:fam
 (at-segment airplane_4xekd seg_c5_c_a02_0_100) (at-segment airplane_cfbeg seg_c5_c_a02_0_100) (at-segment airplane_daewh seg_c5_c_a02_0_100) (at-segment airplane_dfboy seg_c5_c_a02_0_100) (at-segment airplane_holgi seg_c5_c_a02_0_100) (at-segment airplane_horst seg_c5_c_a02_0_100) (at-segment airplane_wurst seg_c5_c_a02_0_100) (not_occupied seg_c5_c_a02_0_100):=1:fam
 (at-segment airplane_4xekd seg_c5_c_b02_0_100) (at-segment airplane_cfbeg seg_c5_c_b02_0_100) (at-segment airplane_daewh seg_c5_c_b02_0_100) (at-segment airplane_dfboy seg_c5_c_b02_0_100) (at-segment airplane_holgi seg_c5_c_b02_0_100) (at-segment airplane_horst seg_c5_c_b02_0_100) (at-segment airplane_wurst seg_c5_c_b02_0_100) (not_occupied seg_c5_c_b02_0_100):=1:fam
 (at-segment airplane_4xekd seg_c6_c7_0_100) (at-segment airplane_cfbeg seg_c6_c7_0_100) (at-segment airplane_daewh seg_c6_c7_0_100) (at-segment airplane_dfboy seg_c6_c7_0_100) (at-segment airplane_holgi seg_c6_c7_0_100) (at-segment airplane_horst seg_c6_c7_0_100) (at-segment airplane_wurst seg_c6_c7_0_100) (not_occupied seg_c6_c7_0_100):=1:fam
 (at-segment airplane_4xekd seg_c_c2_0_100) (at-segment airplane_cfbeg seg_c_c2_0_100) (at-segment airplane_daewh seg_c_c2_0_100) (at-segment airplane_dfboy seg_c_c2_0_100) (at-segment airplane_holgi seg_c_c2_0_100) (at-segment airplane_horst seg_c_c2_0_100) (at-segment airplane_wurst seg_c_c2_0_100) (not_occupied seg_c_c2_0_100):=1:fam
 (at-segment airplane_4xekd seg_n1_a_0_100) (at-segment airplane_cfbeg seg_n1_a_0_100) (at-segment airplane_daewh seg_n1_a_0_100) (at-segment airplane_dfboy seg_n1_a_0_100) (at-segment airplane_holgi seg_n1_a_0_100) (at-segment airplane_horst seg_n1_a_0_100) (at-segment airplane_wurst seg_n1_a_0_100) (not_occupied seg_n1_a_0_100):=1:fam
 (at-segment airplane_4xekd seg_n1_n2_0_100) (at-segment airplane_cfbeg seg_n1_n2_0_100) (at-segment airplane_daewh seg_n1_n2_0_100) (at-segment airplane_dfboy seg_n1_n2_0_100) (at-segment airplane_holgi seg_n1_n2_0_100) (at-segment airplane_horst seg_n1_n2_0_100) (at-segment airplane_wurst seg_n1_n2_0_100) (not_occupied seg_n1_n2_0_100):=1:fam
 (at-segment airplane_4xekd seg_n2_n3_0_85) (at-segment airplane_cfbeg seg_n2_n3_0_85) (at-segment airplane_daewh seg_n2_n3_0_85) (at-segment airplane_dfboy seg_n2_n3_0_85) (at-segment airplane_holgi seg_n2_n3_0_85) (at-segment airplane_horst seg_n2_n3_0_85) (at-segment airplane_wurst seg_n2_n3_0_85) (not_occupied seg_n2_n3_0_85):=1:fam
 (at-segment airplane_4xekd seg_n2_n3_1_0_86) (at-segment airplane_cfbeg seg_n2_n3_1_0_86) (at-segment airplane_daewh seg_n2_n3_1_0_86) (at-segment airplane_dfboy seg_n2_n3_1_0_86) (at-segment airplane_holgi seg_n2_n3_1_0_86) (at-segment airplane_horst seg_n2_n3_1_0_86) (at-segment airplane_wurst seg_n2_n3_1_0_86) (not_occupied seg_n2_n3_1_0_86):=1:fam
 (at-segment airplane_4xekd seg_n2_n3_2_0_86) (at-segment airplane_cfbeg seg_n2_n3_2_0_86) (at-segment airplane_daewh seg_n2_n3_2_0_86) (at-segment airplane_dfboy seg_n2_n3_2_0_86) (at-segment airplane_holgi seg_n2_n3_2_0_86) (at-segment airplane_horst seg_n2_n3_2_0_86) (at-segment airplane_wurst seg_n2_n3_2_0_86) (not_occupied seg_n2_n3_2_0_86):=1:fam
 (at-segment airplane_4xekd seg_n2_n3_3_0_86) (at-segment airplane_cfbeg seg_n2_n3_3_0_86) (at-segment airplane_daewh seg_n2_n3_3_0_86) (at-segment airplane_dfboy seg_n2_n3_3_0_86) (at-segment airplane_holgi seg_n2_n3_3_0_86) (at-segment airplane_horst seg_n2_n3_3_0_86) (at-segment airplane_wurst seg_n2_n3_3_0_86) (not_occupied seg_n2_n3_3_0_86):=1:fam
 (at-segment airplane_4xekd seg_n2_n3_4_0_85) (at-segment airplane_cfbeg seg_n2_n3_4_0_85) (at-segment airplane_daewh seg_n2_n3_4_0_85) (at-segment airplane_dfboy seg_n2_n3_4_0_85) (at-segment airplane_holgi seg_n2_n3_4_0_85) (at-segment airplane_horst seg_n2_n3_4_0_85) (at-segment airplane_wurst seg_n2_n3_4_0_85) (not_occupied seg_n2_n3_4_0_85):=1:fam
 (at-segment airplane_4xekd seg_n2_n3_5_0_86) (at-segment airplane_cfbeg seg_n2_n3_5_0_86) (at-segment airplane_daewh seg_n2_n3_5_0_86) (at-segment airplane_dfboy seg_n2_n3_5_0_86) (at-segment airplane_holgi seg_n2_n3_5_0_86) (at-segment airplane_horst seg_n2_n3_5_0_86) (at-segment airplane_wurst seg_n2_n3_5_0_86) (not_occupied seg_n2_n3_5_0_86):=1:fam
 (at-segment airplane_4xekd seg_n2_n3_6_0_86) (at-segment airplane_cfbeg seg_n2_n3_6_0_86) (at-segment airplane_daewh seg_n2_n3_6_0_86) (at-segment airplane_dfboy seg_n2_n3_6_0_86) (at-segment airplane_holgi seg_n2_n3_6_0_86) (at-segment airplane_horst seg_n2_n3_6_0_86) (at-segment airplane_wurst seg_n2_n3_6_0_86) (not_occupied seg_n2_n3_6_0_86):=1:fam
 (at-segment airplane_4xekd seg_n3_n_0_100) (at-segment airplane_cfbeg seg_n3_n_0_100) (at-segment airplane_daewh seg_n3_n_0_100) (at-segment airplane_dfboy seg_n3_n_0_100) (at-segment airplane_holgi seg_n3_n_0_100) (at-segment airplane_horst seg_n3_n_0_100) (at-segment airplane_wurst seg_n3_n_0_100) (not_occupied seg_n3_n_0_100):=1:fam
 (at-segment airplane_4xekd seg_n4_n5_0_86) (at-segment airplane_cfbeg seg_n4_n5_0_86) (at-segment airplane_daewh seg_n4_n5_0_86) (at-segment airplane_dfboy seg_n4_n5_0_86) (at-segment airplane_holgi seg_n4_n5_0_86) (at-segment airplane_horst seg_n4_n5_0_86) (at-segment airplane_wurst seg_n4_n5_0_86) (not_occupied seg_n4_n5_0_86):=1:fam
 (at-segment airplane_4xekd seg_n4_n5_1_0_85) (at-segment airplane_cfbeg seg_n4_n5_1_0_85) (at-segment airplane_daewh seg_n4_n5_1_0_85) (at-segment airplane_dfboy seg_n4_n5_1_0_85) (at-segment airplane_holgi seg_n4_n5_1_0_85) (at-segment airplane_horst seg_n4_n5_1_0_85) (at-segment airplane_wurst seg_n4_n5_1_0_85) (not_occupied seg_n4_n5_1_0_85):=1:fam
 (at-segment airplane_4xekd seg_n4_n5_2_0_86) (at-segment airplane_cfbeg seg_n4_n5_2_0_86) (at-segment airplane_daewh seg_n4_n5_2_0_86) (at-segment airplane_dfboy seg_n4_n5_2_0_86) (at-segment airplane_holgi seg_n4_n5_2_0_86) (at-segment airplane_horst seg_n4_n5_2_0_86) (at-segment airplane_wurst seg_n4_n5_2_0_86) (not_occupied seg_n4_n5_2_0_86):=1:fam
 (at-segment airplane_4xekd seg_n4_n5_3_0_86) (at-segment airplane_cfbeg seg_n4_n5_3_0_86) (at-segment airplane_daewh seg_n4_n5_3_0_86) (at-segment airplane_dfboy seg_n4_n5_3_0_86) (at-segment airplane_holgi seg_n4_n5_3_0_86) (at-segment airplane_horst seg_n4_n5_3_0_86) (at-segment airplane_wurst seg_n4_n5_3_0_86) (not_occupied seg_n4_n5_3_0_86):=1:fam
 (at-segment airplane_4xekd seg_n4_n5_4_0_85) (at-segment airplane_cfbeg seg_n4_n5_4_0_85) (at-segment airplane_daewh seg_n4_n5_4_0_85) (at-segment airplane_dfboy seg_n4_n5_4_0_85) (at-segment airplane_holgi seg_n4_n5_4_0_85) (at-segment airplane_horst seg_n4_n5_4_0_85) (at-segment airplane_wurst seg_n4_n5_4_0_85) (not_occupied seg_n4_n5_4_0_85):=1:fam
 (at-segment airplane_4xekd seg_n4_n5_5_0_86) (at-segment airplane_cfbeg seg_n4_n5_5_0_86) (at-segment airplane_daewh seg_n4_n5_5_0_86) (at-segment airplane_dfboy seg_n4_n5_5_0_86) (at-segment airplane_holgi seg_n4_n5_5_0_86) (at-segment airplane_horst seg_n4_n5_5_0_86) (at-segment airplane_wurst seg_n4_n5_5_0_86) (not_occupied seg_n4_n5_5_0_86):=1:fam
 (at-segment airplane_4xekd seg_n4_n5_6_0_86) (at-segment airplane_cfbeg seg_n4_n5_6_0_86) (at-segment airplane_daewh seg_n4_n5_6_0_86) (at-segment airplane_dfboy seg_n4_n5_6_0_86) (at-segment airplane_holgi seg_n4_n5_6_0_86) (at-segment airplane_horst seg_n4_n5_6_0_86) (at-segment airplane_wurst seg_n4_n5_6_0_86) (not_occupied seg_n4_n5_6_0_86):=1:fam
 (at-segment airplane_4xekd seg_n5_n6_0_100) (at-segment airplane_cfbeg seg_n5_n6_0_100) (at-segment airplane_daewh seg_n5_n6_0_100) (at-segment airplane_dfboy seg_n5_n6_0_100) (at-segment airplane_holgi seg_n5_n6_0_100) (at-segment airplane_horst seg_n5_n6_0_100) (at-segment airplane_wurst seg_n5_n6_0_100) (not_occupied seg_n5_n6_0_100):=1:fam
 (at-segment airplane_4xekd seg_n6_b_0_100) (at-segment airplane_cfbeg seg_n6_b_0_100) (at-segment airplane_daewh seg_n6_b_0_100) (at-segment airplane_dfboy seg_n6_b_0_100) (at-segment airplane_holgi seg_n6_b_0_100) (at-segment airplane_horst seg_n6_b_0_100) (at-segment airplane_wurst seg_n6_b_0_100) (not_occupied seg_n6_b_0_100):=1:fam
 (at-segment airplane_4xekd seg_n_c_0_100) (at-segment airplane_cfbeg seg_n_c_0_100) (at-segment airplane_daewh seg_n_c_0_100) (at-segment airplane_dfboy seg_n_c_0_100) (at-segment airplane_holgi seg_n_c_0_100) (at-segment airplane_horst seg_n_c_0_100) (at-segment airplane_wurst seg_n_c_0_100) (not_occupied seg_n_c_0_100):=1:fam
 (at-segment airplane_4xekd seg_n_n4_0_100) (at-segment airplane_cfbeg seg_n_n4_0_100) (at-segment airplane_daewh seg_n_n4_0_100) (at-segment airplane_dfboy seg_n_n4_0_100) (at-segment airplane_holgi seg_n_n4_0_100) (at-segment airplane_horst seg_n_n4_0_100) (at-segment airplane_wurst seg_n_n4_0_100) (not_occupied seg_n_n4_0_100):=1:fam
 (at-segment airplane_4xekd seg_rwy_0_1300) (at-segment airplane_cfbeg seg_rwy_0_1300) (at-segment airplane_daewh seg_rwy_0_1300) (at-segment airplane_dfboy seg_rwy_0_1300) (at-segment airplane_holgi seg_rwy_0_1300) (at-segment airplane_horst seg_rwy_0_1300) (at-segment airplane_wurst seg_rwy_0_1300) (not_occupied seg_rwy_0_1300):=1:fam

{is-moving V0:airplane, is-pushing V0:airplane}
 (is-moving airplane_4xekd):fam
 (is-moving airplane_cfbeg):fam
 (is-moving airplane_holgi):fam
 (is-moving airplane_daewh) (is-pushing airplane_daewh):fam
 (is-moving airplane_dfboy) (is-pushing airplane_dfboy):fam
 (is-moving airplane_horst) (is-pushing airplane_horst):fam
 (is-moving airplane_wurst) (is-pushing airplane_wurst):fam

{airborne V0:airplane V1:segment, is-moving V0:airplane, is-pushing V0:airplane}
 (airborne airplane_daewh seg_09_0_150) (is-moving airplane_daewh) (is-pushing airplane_daewh):=1:fam:G
 (airborne airplane_dfboy seg_09_0_150) (is-moving airplane_dfboy) (is-pushing airplane_dfboy):=1:fam:G
 (airborne airplane_horst seg_09_0_150) (is-moving airplane_horst) (is-pushing airplane_horst):=1:fam:G
 (airborne airplane_wurst seg_09_0_150) (is-moving airplane_wurst) (is-pushing airplane_wurst):=1:fam:G

{is-moving V0:airplane, is-pushing V0:airplane, is-parked V0:airplane V1:segment}
 (is-moving airplane_4xekd) (is-parked airplane_4xekd seg_b01_0_100):=1:fam:G
 (is-moving airplane_cfbeg) (is-parked airplane_cfbeg seg_a01_0_100):=1:fam:G
 (is-moving airplane_holgi) (is-parked airplane_holgi seg_b02_0_100):=1:fam:G

