TSLiftedMGroup.testLiftedMGroup_pipesworld_tankage04_p01.out