{fuel-level V0:object C1:object}:=1
 (fuel-level plane1 fl0) (fuel-level plane1 fl1) (fuel-level plane1 fl2) (fuel-level plane1 fl3) (fuel-level plane1 fl4) (fuel-level plane1 fl5) (fuel-level plane1 fl6):=1:fam
 (fuel-level plane2 fl0) (fuel-level plane2 fl1) (fuel-level plane2 fl2) (fuel-level plane2 fl3) (fuel-level plane2 fl4) (fuel-level plane2 fl5) (fuel-level plane2 fl6):=1:fam
 (fuel-level plane3 fl0) (fuel-level plane3 fl1) (fuel-level plane3 fl2) (fuel-level plane3 fl3) (fuel-level plane3 fl4) (fuel-level plane3 fl5) (fuel-level plane3 fl6):=1:fam
 (fuel-level plane4 fl0) (fuel-level plane4 fl1) (fuel-level plane4 fl2) (fuel-level plane4 fl3) (fuel-level plane4 fl4) (fuel-level plane4 fl5) (fuel-level plane4 fl6):=1:fam
 (fuel-level plane5 fl0) (fuel-level plane5 fl1) (fuel-level plane5 fl2) (fuel-level plane5 fl3) (fuel-level plane5 fl4) (fuel-level plane5 fl5) (fuel-level plane5 fl6):=1:fam

{at V0:object C1:object, in V0:object C2:object}:=1
 (at plane1 city0) (at plane1 city1) (at plane1 city10) (at plane1 city11) (at plane1 city12) (at plane1 city13) (at plane1 city14) (at plane1 city15) (at plane1 city16) (at plane1 city17) (at plane1 city18) (at plane1 city19) (at plane1 city2) (at plane1 city20) (at plane1 city21) (at plane1 city3) (at plane1 city4) (at plane1 city5) (at plane1 city6) (at plane1 city7) (at plane1 city8) (at plane1 city9):=1:fam
 (at plane2 city0) (at plane2 city1) (at plane2 city10) (at plane2 city11) (at plane2 city12) (at plane2 city13) (at plane2 city14) (at plane2 city15) (at plane2 city16) (at plane2 city17) (at plane2 city18) (at plane2 city19) (at plane2 city2) (at plane2 city20) (at plane2 city21) (at plane2 city3) (at plane2 city4) (at plane2 city5) (at plane2 city6) (at plane2 city7) (at plane2 city8) (at plane2 city9):=1:fam
 (at plane3 city0) (at plane3 city1) (at plane3 city10) (at plane3 city11) (at plane3 city12) (at plane3 city13) (at plane3 city14) (at plane3 city15) (at plane3 city16) (at plane3 city17) (at plane3 city18) (at plane3 city19) (at plane3 city2) (at plane3 city20) (at plane3 city21) (at plane3 city3) (at plane3 city4) (at plane3 city5) (at plane3 city6) (at plane3 city7) (at plane3 city8) (at plane3 city9):=1:fam
 (at plane4 city0) (at plane4 city1) (at plane4 city10) (at plane4 city11) (at plane4 city12) (at plane4 city13) (at plane4 city14) (at plane4 city15) (at plane4 city16) (at plane4 city17) (at plane4 city18) (at plane4 city19) (at plane4 city2) (at plane4 city20) (at plane4 city21) (at plane4 city3) (at plane4 city4) (at plane4 city5) (at plane4 city6) (at plane4 city7) (at plane4 city8) (at plane4 city9):=1:fam
 (at plane5 city0) (at plane5 city1) (at plane5 city10) (at plane5 city11) (at plane5 city12) (at plane5 city13) (at plane5 city14) (at plane5 city15) (at plane5 city16) (at plane5 city17) (at plane5 city18) (at plane5 city19) (at plane5 city2) (at plane5 city20) (at plane5 city21) (at plane5 city3) (at plane5 city4) (at plane5 city5) (at plane5 city6) (at plane5 city7) (at plane5 city8) (at plane5 city9):=1:fam
 (at person1 city0) (at person1 city1) (at person1 city10) (at person1 city11) (at person1 city12) (at person1 city13) (at person1 city14) (at person1 city15) (at person1 city16) (at person1 city17) (at person1 city18) (at person1 city19) (at person1 city2) (at person1 city20) (at person1 city21) (at person1 city3) (at person1 city4) (at person1 city5) (at person1 city6) (at person1 city7) (at person1 city8) (at person1 city9) (in person1 plane1) (in person1 plane2) (in person1 plane3) (in person1 plane4) (in person1 plane5):=1:fam:G
 (at person20 city0) (at person20 city1) (at person20 city10) (at person20 city11) (at person20 city12) (at person20 city13) (at person20 city14) (at person20 city15) (at person20 city16) (at person20 city17) (at person20 city18) (at person20 city19) (at person20 city2) (at person20 city20) (at person20 city21) (at person20 city3) (at person20 city4) (at person20 city5) (at person20 city6) (at person20 city7) (at person20 city8) (at person20 city9) (in person20 plane1) (in person20 plane2) (in person20 plane3) (in person20 plane4) (in person20 plane5):=1:fam:G
 (at person9 city0) (at person9 city1) (at person9 city10) (at person9 city11) (at person9 city12) (at person9 city13) (at person9 city14) (at person9 city15) (at person9 city16) (at person9 city17) (at person9 city18) (at person9 city19) (at person9 city2) (at person9 city20) (at person9 city21) (at person9 city3) (at person9 city4) (at person9 city5) (at person9 city6) (at person9 city7) (at person9 city8) (at person9 city9) (in person9 plane1) (in person9 plane2) (in person9 plane3) (in person9 plane4) (in person9 plane5):=1:fam:G
 (at person10 city0) (at person10 city1) (at person10 city10) (at person10 city11) (at person10 city12) (at person10 city13) (at person10 city14) (at person10 city15) (at person10 city16) (at person10 city17) (at person10 city18) (at person10 city19) (at person10 city2) (at person10 city20) (at person10 city21) (at person10 city3) (at person10 city4) (at person10 city5) (at person10 city6) (at person10 city7) (at person10 city8) (at person10 city9) (in person10 plane1) (in person10 plane2) (in person10 plane3) (in person10 plane4) (in person10 plane5):=1:fam:G
 (at person21 city0) (at person21 city1) (at person21 city10) (at person21 city11) (at person21 city12) (at person21 city13) (at person21 city14) (at person21 city15) (at person21 city16) (at person21 city17) (at person21 city18) (at person21 city19) (at person21 city2) (at person21 city20) (at person21 city21) (at person21 city3) (at person21 city4) (at person21 city5) (at person21 city6) (at person21 city7) (at person21 city8) (at person21 city9) (in person21 plane1) (in person21 plane2) (in person21 plane3) (in person21 plane4) (in person21 plane5):=1:fam:G
 (at person11 city0) (at person11 city1) (at person11 city10) (at person11 city11) (at person11 city12) (at person11 city13) (at person11 city14) (at person11 city15) (at person11 city16) (at person11 city17) (at person11 city18) (at person11 city19) (at person11 city2) (at person11 city20) (at person11 city21) (at person11 city3) (at person11 city4) (at person11 city5) (at person11 city6) (at person11 city7) (at person11 city8) (at person11 city9) (in person11 plane1) (in person11 plane2) (in person11 plane3) (in person11 plane4) (in person11 plane5):=1:fam:G
 (at person22 city0) (at person22 city1) (at person22 city10) (at person22 city11) (at person22 city12) (at person22 city13) (at person22 city14) (at person22 city15) (at person22 city16) (at person22 city17) (at person22 city18) (at person22 city19) (at person22 city2) (at person22 city20) (at person22 city21) (at person22 city3) (at person22 city4) (at person22 city5) (at person22 city6) (at person22 city7) (at person22 city8) (at person22 city9) (in person22 plane1) (in person22 plane2) (in person22 plane3) (in person22 plane4) (in person22 plane5):=1:fam:G
 (at person12 city0) (at person12 city1) (at person12 city10) (at person12 city11) (at person12 city12) (at person12 city13) (at person12 city14) (at person12 city15) (at person12 city16) (at person12 city17) (at person12 city18) (at person12 city19) (at person12 city2) (at person12 city20) (at person12 city21) (at person12 city3) (at person12 city4) (at person12 city5) (at person12 city6) (at person12 city7) (at person12 city8) (at person12 city9) (in person12 plane1) (in person12 plane2) (in person12 plane3) (in person12 plane4) (in person12 plane5):=1:fam:G
 (at person23 city0) (at person23 city1) (at person23 city10) (at person23 city11) (at person23 city12) (at person23 city13) (at person23 city14) (at person23 city15) (at person23 city16) (at person23 city17) (at person23 city18) (at person23 city19) (at person23 city2) (at person23 city20) (at person23 city21) (at person23 city3) (at person23 city4) (at person23 city5) (at person23 city6) (at person23 city7) (at person23 city8) (at person23 city9) (in person23 plane1) (in person23 plane2) (in person23 plane3) (in person23 plane4) (in person23 plane5):=1:fam:G
 (at person13 city0) (at person13 city1) (at person13 city10) (at person13 city11) (at person13 city12) (at person13 city13) (at person13 city14) (at person13 city15) (at person13 city16) (at person13 city17) (at person13 city18) (at person13 city19) (at person13 city2) (at person13 city20) (at person13 city21) (at person13 city3) (at person13 city4) (at person13 city5) (at person13 city6) (at person13 city7) (at person13 city8) (at person13 city9) (in person13 plane1) (in person13 plane2) (in person13 plane3) (in person13 plane4) (in person13 plane5):=1:fam:G
 (at person24 city0) (at person24 city1) (at person24 city10) (at person24 city11) (at person24 city12) (at person24 city13) (at person24 city14) (at person24 city15) (at person24 city16) (at person24 city17) (at person24 city18) (at person24 city19) (at person24 city2) (at person24 city20) (at person24 city21) (at person24 city3) (at person24 city4) (at person24 city5) (at person24 city6) (at person24 city7) (at person24 city8) (at person24 city9) (in person24 plane1) (in person24 plane2) (in person24 plane3) (in person24 plane4) (in person24 plane5):=1:fam:G
 (at person14 city0) (at person14 city1) (at person14 city10) (at person14 city11) (at person14 city12) (at person14 city13) (at person14 city14) (at person14 city15) (at person14 city16) (at person14 city17) (at person14 city18) (at person14 city19) (at person14 city2) (at person14 city20) (at person14 city21) (at person14 city3) (at person14 city4) (at person14 city5) (at person14 city6) (at person14 city7) (at person14 city8) (at person14 city9) (in person14 plane1) (in person14 plane2) (in person14 plane3) (in person14 plane4) (in person14 plane5):=1:fam:G
 (at person25 city0) (at person25 city1) (at person25 city10) (at person25 city11) (at person25 city12) (at person25 city13) (at person25 city14) (at person25 city15) (at person25 city16) (at person25 city17) (at person25 city18) (at person25 city19) (at person25 city2) (at person25 city20) (at person25 city21) (at person25 city3) (at person25 city4) (at person25 city5) (at person25 city6) (at person25 city7) (at person25 city8) (at person25 city9) (in person25 plane1) (in person25 plane2) (in person25 plane3) (in person25 plane4) (in person25 plane5):=1:fam:G
 (at person15 city0) (at person15 city1) (at person15 city10) (at person15 city11) (at person15 city12) (at person15 city13) (at person15 city14) (at person15 city15) (at person15 city16) (at person15 city17) (at person15 city18) (at person15 city19) (at person15 city2) (at person15 city20) (at person15 city21) (at person15 city3) (at person15 city4) (at person15 city5) (at person15 city6) (at person15 city7) (at person15 city8) (at person15 city9) (in person15 plane1) (in person15 plane2) (in person15 plane3) (in person15 plane4) (in person15 plane5):=1:fam:G
 (at person3 city0) (at person3 city1) (at person3 city10) (at person3 city11) (at person3 city12) (at person3 city13) (at person3 city14) (at person3 city15) (at person3 city16) (at person3 city17) (at person3 city18) (at person3 city19) (at person3 city2) (at person3 city20) (at person3 city21) (at person3 city3) (at person3 city4) (at person3 city5) (at person3 city6) (at person3 city7) (at person3 city8) (at person3 city9) (in person3 plane1) (in person3 plane2) (in person3 plane3) (in person3 plane4) (in person3 plane5):=1:fam:G
 (at person16 city0) (at person16 city1) (at person16 city10) (at person16 city11) (at person16 city12) (at person16 city13) (at person16 city14) (at person16 city15) (at person16 city16) (at person16 city17) (at person16 city18) (at person16 city19) (at person16 city2) (at person16 city20) (at person16 city21) (at person16 city3) (at person16 city4) (at person16 city5) (at person16 city6) (at person16 city7) (at person16 city8) (at person16 city9) (in person16 plane1) (in person16 plane2) (in person16 plane3) (in person16 plane4) (in person16 plane5):=1:fam:G
 (at person4 city0) (at person4 city1) (at person4 city10) (at person4 city11) (at person4 city12) (at person4 city13) (at person4 city14) (at person4 city15) (at person4 city16) (at person4 city17) (at person4 city18) (at person4 city19) (at person4 city2) (at person4 city20) (at person4 city21) (at person4 city3) (at person4 city4) (at person4 city5) (at person4 city6) (at person4 city7) (at person4 city8) (at person4 city9) (in person4 plane1) (in person4 plane2) (in person4 plane3) (in person4 plane4) (in person4 plane5):=1:fam:G
 (at person17 city0) (at person17 city1) (at person17 city10) (at person17 city11) (at person17 city12) (at person17 city13) (at person17 city14) (at person17 city15) (at person17 city16) (at person17 city17) (at person17 city18) (at person17 city19) (at person17 city2) (at person17 city20) (at person17 city21) (at person17 city3) (at person17 city4) (at person17 city5) (at person17 city6) (at person17 city7) (at person17 city8) (at person17 city9) (in person17 plane1) (in person17 plane2) (in person17 plane3) (in person17 plane4) (in person17 plane5):=1:fam:G
 (at person5 city0) (at person5 city1) (at person5 city10) (at person5 city11) (at person5 city12) (at person5 city13) (at person5 city14) (at person5 city15) (at person5 city16) (at person5 city17) (at person5 city18) (at person5 city19) (at person5 city2) (at person5 city20) (at person5 city21) (at person5 city3) (at person5 city4) (at person5 city5) (at person5 city6) (at person5 city7) (at person5 city8) (at person5 city9) (in person5 plane1) (in person5 plane2) (in person5 plane3) (in person5 plane4) (in person5 plane5):=1:fam:G
 (at person18 city0) (at person18 city1) (at person18 city10) (at person18 city11) (at person18 city12) (at person18 city13) (at person18 city14) (at person18 city15) (at person18 city16) (at person18 city17) (at person18 city18) (at person18 city19) (at person18 city2) (at person18 city20) (at person18 city21) (at person18 city3) (at person18 city4) (at person18 city5) (at person18 city6) (at person18 city7) (at person18 city8) (at person18 city9) (in person18 plane1) (in person18 plane2) (in person18 plane3) (in person18 plane4) (in person18 plane5):=1:fam:G
 (at person6 city0) (at person6 city1) (at person6 city10) (at person6 city11) (at person6 city12) (at person6 city13) (at person6 city14) (at person6 city15) (at person6 city16) (at person6 city17) (at person6 city18) (at person6 city19) (at person6 city2) (at person6 city20) (at person6 city21) (at person6 city3) (at person6 city4) (at person6 city5) (at person6 city6) (at person6 city7) (at person6 city8) (at person6 city9) (in person6 plane1) (in person6 plane2) (in person6 plane3) (in person6 plane4) (in person6 plane5):=1:fam:G
 (at person19 city0) (at person19 city1) (at person19 city10) (at person19 city11) (at person19 city12) (at person19 city13) (at person19 city14) (at person19 city15) (at person19 city16) (at person19 city17) (at person19 city18) (at person19 city19) (at person19 city2) (at person19 city20) (at person19 city21) (at person19 city3) (at person19 city4) (at person19 city5) (at person19 city6) (at person19 city7) (at person19 city8) (at person19 city9) (in person19 plane1) (in person19 plane2) (in person19 plane3) (in person19 plane4) (in person19 plane5):=1:fam:G
 (at person7 city0) (at person7 city1) (at person7 city10) (at person7 city11) (at person7 city12) (at person7 city13) (at person7 city14) (at person7 city15) (at person7 city16) (at person7 city17) (at person7 city18) (at person7 city19) (at person7 city2) (at person7 city20) (at person7 city21) (at person7 city3) (at person7 city4) (at person7 city5) (at person7 city6) (at person7 city7) (at person7 city8) (at person7 city9) (in person7 plane1) (in person7 plane2) (in person7 plane3) (in person7 plane4) (in person7 plane5):=1:fam:G
 (at person2 city0) (at person2 city1) (at person2 city10) (at person2 city11) (at person2 city12) (at person2 city13) (at person2 city14) (at person2 city15) (at person2 city16) (at person2 city17) (at person2 city18) (at person2 city19) (at person2 city2) (at person2 city20) (at person2 city21) (at person2 city3) (at person2 city4) (at person2 city5) (at person2 city6) (at person2 city7) (at person2 city8) (at person2 city9) (in person2 plane1) (in person2 plane2) (in person2 plane3) (in person2 plane4) (in person2 plane5):=1:fam:G
 (at person8 city0) (at person8 city1) (at person8 city10) (at person8 city11) (at person8 city12) (at person8 city13) (at person8 city14) (at person8 city15) (at person8 city16) (at person8 city17) (at person8 city18) (at person8 city19) (at person8 city2) (at person8 city20) (at person8 city21) (at person8 city3) (at person8 city4) (at person8 city5) (at person8 city6) (at person8 city7) (at person8 city8) (at person8 city9) (in person8 plane1) (in person8 plane2) (in person8 plane3) (in person8 plane4) (in person8 plane5):=1:fam:G

